Archive member included to satisfy reference by file (symbol)

/usr/lib/gcc/arm-none-eabi/6.3.1/thumb/v6-m/libgcc.a(_dvmd_tls.o)
                              CMakeFiles/hello_world.dir/pico-sdk/src/rp2_common/pico_divider/divider.S.obj (__aeabi_idiv0)
/usr/lib/gcc/arm-none-eabi/6.3.1/../../../arm-none-eabi/lib/thumb/v6-m/libc.a(lib_a-atexit.o)
                              /usr/lib/gcc/arm-none-eabi/6.3.1/../../../arm-none-eabi/lib/thumb/v6-m/crt0.o (atexit)
/usr/lib/gcc/arm-none-eabi/6.3.1/../../../arm-none-eabi/lib/thumb/v6-m/libc.a(lib_a-atoi.o)
                              CMakeFiles/hello_world.dir/pico-sdk/lib/lwip/src/core/netif.c.obj (atoi)
/usr/lib/gcc/arm-none-eabi/6.3.1/../../../arm-none-eabi/lib/thumb/v6-m/libc.a(lib_a-calloc.o)
                              CMakeFiles/hello_world.dir/pico-sdk/src/rp2_common/pico_malloc/pico_malloc.c.obj (calloc)
/usr/lib/gcc/arm-none-eabi/6.3.1/../../../arm-none-eabi/lib/thumb/v6-m/libc.a(lib_a-callocr.o)
                              /usr/lib/gcc/arm-none-eabi/6.3.1/../../../arm-none-eabi/lib/thumb/v6-m/libc.a(lib_a-calloc.o) (_calloc_r)
/usr/lib/gcc/arm-none-eabi/6.3.1/../../../arm-none-eabi/lib/thumb/v6-m/libc.a(lib_a-ctype_.o)
                              CMakeFiles/hello_world.dir/pico-sdk/lib/lwip/src/core/dns.c.obj (__ctype_ptr__)
/usr/lib/gcc/arm-none-eabi/6.3.1/../../../arm-none-eabi/lib/thumb/v6-m/libc.a(lib_a-fini.o)
                              /usr/lib/gcc/arm-none-eabi/6.3.1/../../../arm-none-eabi/lib/thumb/v6-m/crt0.o (__libc_fini_array)
/usr/lib/gcc/arm-none-eabi/6.3.1/../../../arm-none-eabi/lib/thumb/v6-m/libc.a(lib_a-impure.o)
                              CMakeFiles/hello_world.dir/pico-sdk/src/common/pico_util/pheap.c.obj (_impure_ptr)
/usr/lib/gcc/arm-none-eabi/6.3.1/../../../arm-none-eabi/lib/thumb/v6-m/libc.a(lib_a-init.o)
                              /usr/lib/gcc/arm-none-eabi/6.3.1/../../../arm-none-eabi/lib/thumb/v6-m/crt0.o (__libc_init_array)
/usr/lib/gcc/arm-none-eabi/6.3.1/../../../arm-none-eabi/lib/thumb/v6-m/libc.a(lib_a-malloc.o)
                              CMakeFiles/hello_world.dir/pico-sdk/src/rp2_common/pico_malloc/pico_malloc.c.obj (malloc)
/usr/lib/gcc/arm-none-eabi/6.3.1/../../../arm-none-eabi/lib/thumb/v6-m/libc.a(lib_a-mallocr.o)
                              /usr/lib/gcc/arm-none-eabi/6.3.1/../../../arm-none-eabi/lib/thumb/v6-m/libc.a(lib_a-callocr.o) (_malloc_r)
/usr/lib/gcc/arm-none-eabi/6.3.1/../../../arm-none-eabi/lib/thumb/v6-m/libc.a(lib_a-memcmp.o)
                              CMakeFiles/hello_world.dir/pico-sdk/lib/lwip/src/netif/ethernet.c.obj (memcmp)
/usr/lib/gcc/arm-none-eabi/6.3.1/../../../arm-none-eabi/lib/thumb/v6-m/libc.a(lib_a-memmove.o)
                              CMakeFiles/hello_world.dir/pico-sdk/lib/lwip/src/core/def.c.obj (memmove)
/usr/lib/gcc/arm-none-eabi/6.3.1/../../../arm-none-eabi/lib/thumb/v6-m/libc.a(lib_a-mlock.o)
                              /usr/lib/gcc/arm-none-eabi/6.3.1/../../../arm-none-eabi/lib/thumb/v6-m/libc.a(lib_a-mallocr.o) (__malloc_lock)
/usr/lib/gcc/arm-none-eabi/6.3.1/../../../arm-none-eabi/lib/thumb/v6-m/libc.a(lib_a-realloc.o)
                              CMakeFiles/hello_world.dir/pico-sdk/src/rp2_common/pico_malloc/pico_malloc.c.obj (realloc)
/usr/lib/gcc/arm-none-eabi/6.3.1/../../../arm-none-eabi/lib/thumb/v6-m/libc.a(lib_a-reallocr.o)
                              /usr/lib/gcc/arm-none-eabi/6.3.1/../../../arm-none-eabi/lib/thumb/v6-m/libc.a(lib_a-realloc.o) (_realloc_r)
/usr/lib/gcc/arm-none-eabi/6.3.1/../../../arm-none-eabi/lib/thumb/v6-m/libc.a(lib_a-sbrkr.o)
                              /usr/lib/gcc/arm-none-eabi/6.3.1/../../../arm-none-eabi/lib/thumb/v6-m/libc.a(lib_a-mallocr.o) (_sbrk_r)
/usr/lib/gcc/arm-none-eabi/6.3.1/../../../arm-none-eabi/lib/thumb/v6-m/libc.a(lib_a-strlen-stub.o)
                              CMakeFiles/hello_world.dir/main.c.obj (strlen)
/usr/lib/gcc/arm-none-eabi/6.3.1/../../../arm-none-eabi/lib/thumb/v6-m/libc.a(lib_a-strncmp.o)
                              CMakeFiles/hello_world.dir/pico-sdk/lib/lwip/src/core/def.c.obj (strncmp)
/usr/lib/gcc/arm-none-eabi/6.3.1/../../../arm-none-eabi/lib/thumb/v6-m/libc.a(lib_a-strtol.o)
                              /usr/lib/gcc/arm-none-eabi/6.3.1/../../../arm-none-eabi/lib/thumb/v6-m/libc.a(lib_a-atoi.o) (_strtol_r)
/usr/lib/gcc/arm-none-eabi/6.3.1/../../../arm-none-eabi/lib/thumb/v6-m/libc.a(lib_a-wbuf.o)
                              CMakeFiles/hello_world.dir/pico-sdk/src/common/pico_util/pheap.c.obj (__swbuf_r)
/usr/lib/gcc/arm-none-eabi/6.3.1/../../../arm-none-eabi/lib/thumb/v6-m/libc.a(lib_a-wsetup.o)
                              /usr/lib/gcc/arm-none-eabi/6.3.1/../../../arm-none-eabi/lib/thumb/v6-m/libc.a(lib_a-wbuf.o) (__swsetup_r)
/usr/lib/gcc/arm-none-eabi/6.3.1/../../../arm-none-eabi/lib/thumb/v6-m/libc.a(lib_a-__atexit.o)
                              /usr/lib/gcc/arm-none-eabi/6.3.1/../../../arm-none-eabi/lib/thumb/v6-m/libc.a(lib_a-atexit.o) (__register_exitproc)
[...]
Memory Configuration

Name             Origin             Length             Attributes
FLASH            0x0000000010000000 0x0000000000200000 xr
RAM              0x0000000020000000 0x0000000000040000 xrw
SCRATCH_X        0x0000000020040000 0x0000000000001000 xrw
SCRATCH_Y        0x0000000020041000 0x0000000000001000 xrw
*default*        0x0000000000000000 0xffffffffffffffff

Linker script and memory map

LOAD /usr/lib/gcc/arm-none-eabi/6.3.1/thumb/v6-m/crti.o
LOAD /usr/lib/gcc/arm-none-eabi/6.3.1/thumb/v6-m/crtbegin.o
LOAD /usr/lib/gcc/arm-none-eabi/6.3.1/../../../arm-none-eabi/lib/thumb/v6-m/crt0.o

.flash_begin    0x0000000010000000        0x0
                0x0000000010000000                __flash_binary_start = .

.boot2          0x0000000010000000      0x100
                0x0000000010000000                __boot2_start__ = .
 *(.boot2)
 .boot2         0x0000000010000000      0x100 /tmp/ccajc1Wq.o
                0x0000000010000100                __boot2_end__ = .
                0x0000000000000001                ASSERT (((__boot2_end__ - __boot2_start__) == 0x100), ERROR: Pico second stage bootloader must be 256 bytes in size)

.text           0x0000000010000100    0x1cdc0
                0x0000000010000100                __logical_binary_start = .
 *(.vectors)
 .vectors       0x0000000010000100       0xd4 CMakeFiles/hello_world.dir/pico-sdk/src/rp2_common/pico_standard_link/crt0.S.obj
                0x0000000010000100                __vectors
                0x0000000010000100                __VECTOR_TABLE
                0x00000000100001c0                isr_invalid
                0x00000000100001c0                __default_isrs_start
                0x00000000100001c2                isr_nmi
                0x00000000100001c4                isr_hardfault
                0x00000000100001c6                isr_svcall
                0x00000000100001c8                isr_pendsv
                0x00000000100001ca                isr_systick
                0x00000000100001cc                isr_irq30
                0x00000000100001cc                __unhandled_user_irq
                0x00000000100001cc                isr_irq13
                0x00000000100001cc                isr_irq27
                0x00000000100001cc                isr_irq31
                0x00000000100001cc                isr_irq5
                0x00000000100001cc                isr_irq11
                0x00000000100001cc                isr_irq23
                0x00000000100001cc                isr_irq18
                0x00000000100001cc                isr_irq28
                0x00000000100001cc                isr_irq19
                0x00000000100001cc                isr_irq0
                0x00000000100001cc                isr_irq6
                0x00000000100001cc                isr_irq22
                0x00000000100001cc                isr_irq17
                0x00000000100001cc                isr_irq14
                0x00000000100001cc                isr_irq2
                0x00000000100001cc                isr_irq10
                0x00000000100001cc                isr_irq8
                0x00000000100001cc                isr_irq24
                0x00000000100001cc                isr_irq1
                0x00000000100001cc                isr_irq7
                0x00000000100001cc                isr_irq21
                0x00000000100001cc                isr_irq20
                0x00000000100001cc                isr_irq15
                0x00000000100001cc                isr_irq25
                0x00000000100001cc                isr_irq4
                0x00000000100001cc                isr_irq16
                0x00000000100001cc                isr_irq29
                0x00000000100001cc                isr_irq26
                0x00000000100001cc                __default_isrs_end
                0x00000000100001cc                isr_irq3
                0x00000000100001cc                isr_irq12
                0x00000000100001cc                isr_irq9
                0x00000000100001d2                unhandled_user_irq_num_in_r0
 *(.binary_info_header)
 .binary_info_header
                0x00000000100001d4       0x14 CMakeFiles/hello_world.dir/pico-sdk/src/rp2_common/pico_standard_link/crt0.S.obj
                0x00000000100001e8                __binary_info_header_end = .
 *(.reset)
 .reset         0x00000000100001e8       0xa0 CMakeFiles/hello_world.dir/pico-sdk/src/rp2_common/pico_standard_link/crt0.S.obj
                0x00000000100001e8                _entry_point
 .reset         0x0000000010000288       0x30 CMakeFiles/hello_world.dir/pico-sdk/src/rp2_common/pico_standard_link/binary_info.c.obj
 *(.init)
 .init          0x00000000100002b8        0x4 /usr/lib/gcc/arm-none-eabi/6.3.1/thumb/v6-m/crti.o
                0x00000000100002b8                _init
 *(EXCLUDE_FILE(*libm.a: *libc.a:*lib_a-mem*.o *libgcc.a:) .text*)
 .text          0x00000000100002bc       0xb4 /usr/lib/gcc/arm-none-eabi/6.3.1/thumb/v6-m/crtbegin.o
 .text.mqtt_pub_request_cb
                0x0000000010000370       0x20 CMakeFiles/hello_world.dir/main.c.obj
                0x0000000010000370                mqtt_pub_request_cb
 .text.mqtt_connection_cb
                0x0000000010000390       0x20 CMakeFiles/hello_world.dir/main.c.obj
 .text.startup.main
                0x00000000100003b0      0x2b8 CMakeFiles/hello_world.dir/main.c.obj
                0x00000000100003b0                main
 .text.bme280_init
                0x0000000010000668       0x54 CMakeFiles/hello_world.dir/bme280.c.obj
                0x0000000010000668                bme280_init
 .text.bme280_read_raw
                0x00000000100006bc       0xc0 CMakeFiles/hello_world.dir/bme280.c.obj
                0x00000000100006bc                bme280_read_raw
 .text.bme280_convert_temp
                0x000000001000077c       0x30 CMakeFiles/hello_world.dir/bme280.c.obj
                0x000000001000077c                bme280_convert_temp
 .text.bme280_convert_pressure
                0x00000000100007ac       0xc8 CMakeFiles/hello_world.dir/bme280.c.obj
                0x00000000100007ac                bme280_convert_pressure
 .text.bme280_convert_humidity
                0x0000000010000874       0xa0 CMakeFiles/hello_world.dir/bme280.c.obj
                0x0000000010000874                bme280_convert_humidity
 .text.bme280_get_calib_params
                0x0000000010000914      0x124 CMakeFiles/hello_world.dir/bme280.c.obj
                0x0000000010000914                bme280_get_calib_params
 .text.gpio_set_function
                0x0000000010000a38       0x30 CMakeFiles/hello_world.dir/pico-sdk/src/rp2_common/hardware_gpio/gpio.c.obj
                0x0000000010000a38                gpio_set_function
 .text.gpio_set_pulls
                0x0000000010000a68       0x34 CMakeFiles/hello_world.dir/pico-sdk/src/rp2_common/hardware_gpio/gpio.c.obj
                0x0000000010000a68                gpio_set_pulls
 .text.gpio_set_input_hysteresis_enabled
                0x0000000010000a9c       0x28 CMakeFiles/hello_world.dir/pico-sdk/src/rp2_common/hardware_gpio/gpio.c.obj
                0x0000000010000a9c                gpio_set_input_hysteresis_enabled
 .text.gpio_set_irq_enabled
                0x0000000010000ac4       0x50 CMakeFiles/hello_world.dir/pico-sdk/src/rp2_common/hardware_gpio/gpio.c.obj
                0x0000000010000ac4                gpio_set_irq_enabled
 .text.gpio_add_raw_irq_handler_with_order_priority_masked
                0x0000000010000b14       0x44 CMakeFiles/hello_world.dir/pico-sdk/src/rp2_common/hardware_gpio/gpio.c.obj
                0x0000000010000b14                gpio_add_raw_irq_handler_with_order_priority_masked
 .text.gpio_remove_raw_irq_handler_masked
                0x0000000010000b58       0x20 CMakeFiles/hello_world.dir/pico-sdk/src/rp2_common/hardware_gpio/gpio.c.obj
                0x0000000010000b58                gpio_remove_raw_irq_handler_masked
 .text.gpio_init
                0x0000000010000b78       0x3c CMakeFiles/hello_world.dir/pico-sdk/src/rp2_common/hardware_gpio/gpio.c.obj
                0x0000000010000b78                gpio_init
 .text.running_on_fpga
                0x0000000010000bb4       0x10 CMakeFiles/hello_world.dir/pico-sdk/src/rp2_common/pico_platform/platform.c.obj
                0x0000000010000bb4                running_on_fpga
 .text.hw_claim_lock
                0x0000000010000bc4       0x18 CMakeFiles/hello_world.dir/pico-sdk/src/rp2_common/hardware_claim/claim.c.obj
                0x0000000010000bc4                hw_claim_lock
 .text.hw_claim_unlock
                0x0000000010000bdc       0x14 CMakeFiles/hello_world.dir/pico-sdk/src/rp2_common/hardware_claim/claim.c.obj
                0x0000000010000bdc                hw_claim_unlock
 .text.hw_claim_or_assert
                0x0000000010000bf0       0x44 CMakeFiles/hello_world.dir/pico-sdk/src/rp2_common/hardware_claim/claim.c.obj
                0x0000000010000bf0                hw_claim_or_assert
 .text.hw_claim_unused_from_range
                0x0000000010000c34       0x8c CMakeFiles/hello_world.dir/pico-sdk/src/rp2_common/hardware_claim/claim.c.obj
                0x0000000010000c34                hw_claim_unused_from_range
 .text.hw_claim_clear
                0x0000000010000cc0       0x38 CMakeFiles/hello_world.dir/pico-sdk/src/rp2_common/hardware_claim/claim.c.obj
                0x0000000010000cc0                hw_claim_clear
 .text.spin_locks_reset
                0x0000000010000cf8       0x1c CMakeFiles/hello_world.dir/pico-sdk/src/rp2_common/hardware_sync/sync.c.obj
                0x0000000010000cf8                spin_locks_reset
 .text.next_striped_spin_lock_num
                0x0000000010000d14       0x18 CMakeFiles/hello_world.dir/pico-sdk/src/rp2_common/hardware_sync/sync.c.obj
                0x0000000010000d14                next_striped_spin_lock_num
 .text.spin_lock_claim_unused
                0x0000000010000d2c       0x20 CMakeFiles/hello_world.dir/pico-sdk/src/rp2_common/hardware_sync/sync.c.obj
                0x0000000010000d2c                spin_lock_claim_unused
 .text.irq_set_enabled
                0x0000000010000d4c       0x24 CMakeFiles/hello_world.dir/pico-sdk/src/rp2_common/hardware_irq/irq.c.obj
                0x0000000010000d4c                irq_set_enabled
 .text.irq_set_pending
                0x0000000010000d70       0x10 CMakeFiles/hello_world.dir/pico-sdk/src/rp2_common/hardware_irq/irq.c.obj
                0x0000000010000d70                irq_set_pending
 .text.irq_has_shared_handler
                0x0000000010000d80       0x2c CMakeFiles/hello_world.dir/pico-sdk/src/rp2_common/hardware_irq/irq.c.obj
                0x0000000010000d80                irq_has_shared_handler
 .text.irq_get_vtable_handler
                0x0000000010000dac       0x10 CMakeFiles/hello_world.dir/pico-sdk/src/rp2_common/hardware_irq/irq.c.obj
                0x0000000010000dac                irq_get_vtable_handler
 .text.irq_set_exclusive_handler
                0x0000000010000dbc       0x54 CMakeFiles/hello_world.dir/pico-sdk/src/rp2_common/hardware_irq/irq.c.obj
                0x0000000010000dbc                irq_set_exclusive_handler
 .text.irq_add_shared_handler
                0x0000000010000e10      0x1d0 CMakeFiles/hello_world.dir/pico-sdk/src/rp2_common/hardware_irq/irq.c.obj
                0x0000000010000e10                irq_add_shared_handler
 .text.irq_remove_handler
                0x0000000010000fe0      0x1b0 CMakeFiles/hello_world.dir/pico-sdk/src/rp2_common/hardware_irq/irq.c.obj
                0x0000000010000fe0                irq_remove_handler
 .text.irq_set_priority
                0x0000000010001190       0x28 CMakeFiles/hello_world.dir/pico-sdk/src/rp2_common/hardware_irq/irq.c.obj
                0x0000000010001190                irq_set_priority
 .text.irq_add_tail_to_free_list
                0x00000000100011b8       0xb4 CMakeFiles/hello_world.dir/pico-sdk/src/rp2_common/hardware_irq/irq.c.obj
                0x00000000100011b8                irq_add_tail_to_free_list
 .text.irq_init_priorities
                0x000000001000126c       0x48 CMakeFiles/hello_world.dir/pico-sdk/src/rp2_common/hardware_irq/irq.c.obj
                0x000000001000126c                irq_init_priorities
 .text.user_irq_unclaim
                0x00000000100012b4       0x14 CMakeFiles/hello_world.dir/pico-sdk/src/rp2_common/hardware_irq/irq.c.obj
                0x00000000100012b4                user_irq_unclaim
 .text.user_irq_claim_unused
                0x00000000100012c8       0x28 CMakeFiles/hello_world.dir/pico-sdk/src/rp2_common/hardware_irq/irq.c.obj
                0x00000000100012c8                user_irq_claim_unused
 .text.sem_init
                0x00000000100012f0       0x20 CMakeFiles/hello_world.dir/pico-sdk/src/common/pico_sync/sem.c.obj
                0x00000000100012f0                sem_init
 .text.lock_init
                0x0000000010001310       0x10 CMakeFiles/hello_world.dir/pico-sdk/src/common/pico_sync/lock_core.c.obj
                0x0000000010001310                lock_init
 .text.mutex_init
                0x0000000010001320       0x1c CMakeFiles/hello_world.dir/pico-sdk/src/common/pico_sync/mutex.c.obj
                0x0000000010001320                mutex_init
 .text.recursive_mutex_init
                0x000000001000133c       0x20 CMakeFiles/hello_world.dir/pico-sdk/src/common/pico_sync/mutex.c.obj
                0x000000001000133c                recursive_mutex_init
 .text.critical_section_init
                0x000000001000135c       0x20 CMakeFiles/hello_world.dir/pico-sdk/src/common/pico_sync/critical_section.c.obj
                0x000000001000135c                critical_section_init
 .text.critical_section_init_with_lock_num
                0x000000001000137c       0x14 CMakeFiles/hello_world.dir/pico-sdk/src/common/pico_sync/critical_section.c.obj
                0x000000001000137c                critical_section_init_with_lock_num
 .text.timer_pool_entry_comparator
                0x0000000010001390       0x34 CMakeFiles/hello_world.dir/pico-sdk/src/common/pico_time/time.c.obj
                0x0000000010001390                timer_pool_entry_comparator
 .text.sleep_until_callback
                0x00000000100013c4       0x24 CMakeFiles/hello_world.dir/pico-sdk/src/common/pico_time/time.c.obj
 .text.add_alarm_under_lock
                0x00000000100013e8      0x124 CMakeFiles/hello_world.dir/pico-sdk/src/common/pico_time/time.c.obj
 .text.alarm_pool_alarm_callback
                0x000000001000150c      0x1c0 CMakeFiles/hello_world.dir/pico-sdk/src/common/pico_time/time.c.obj
 .text.alarm_pool_init_default
                0x00000000100016cc       0x6c CMakeFiles/hello_world.dir/pico-sdk/src/common/pico_time/time.c.obj
                0x00000000100016cc                alarm_pool_init_default
 .text.alarm_pool_get_default
                0x0000000010001738        0x8 CMakeFiles/hello_world.dir/pico-sdk/src/common/pico_time/time.c.obj
                0x0000000010001738                alarm_pool_get_default
 .text.alarm_pool_add_alarm_at
                0x0000000010001740      0x194 CMakeFiles/hello_world.dir/pico-sdk/src/common/pico_time/time.c.obj
                0x0000000010001740                alarm_pool_add_alarm_at
 .text.alarm_pool_cancel_alarm
                0x00000000100018d4       0x78 CMakeFiles/hello_world.dir/pico-sdk/src/common/pico_time/time.c.obj
                0x00000000100018d4                alarm_pool_cancel_alarm
 .text.alarm_pool_core_num
                0x000000001000194c        0x4 CMakeFiles/hello_world.dir/pico-sdk/src/common/pico_time/time.c.obj
                0x000000001000194c                alarm_pool_core_num
 .text.sleep_until
                0x0000000010001950      0x1dc CMakeFiles/hello_world.dir/pico-sdk/src/common/pico_time/time.c.obj
                0x0000000010001950                sleep_until
 .text.sleep_ms
                0x0000000010001b2c       0x34 CMakeFiles/hello_world.dir/pico-sdk/src/common/pico_time/time.c.obj
                0x0000000010001b2c                sleep_ms
 .text.best_effort_wfe_or_timeout
                0x0000000010001b60      0x1f8 CMakeFiles/hello_world.dir/pico-sdk/src/common/pico_time/time.c.obj
                0x0000000010001b60                best_effort_wfe_or_timeout
 .text.hardware_alarm_irq_handler
                0x0000000010001d58       0xa4 CMakeFiles/hello_world.dir/pico-sdk/src/rp2_common/hardware_timer/timer.c.obj
 .text.hardware_alarm_claim
                0x0000000010001dfc       0x18 CMakeFiles/hello_world.dir/pico-sdk/src/rp2_common/hardware_timer/timer.c.obj
                0x0000000010001dfc                hardware_alarm_claim
 .text.time_us_64
                0x0000000010001e14       0x18 CMakeFiles/hello_world.dir/pico-sdk/src/rp2_common/hardware_timer/timer.c.obj
                0x0000000010001e14                time_us_64
 .text.busy_wait_us
                0x0000000010001e2c       0x54 CMakeFiles/hello_world.dir/pico-sdk/src/rp2_common/hardware_timer/timer.c.obj
                0x0000000010001e2c                busy_wait_us
 .text.busy_wait_until
                0x0000000010001e80       0x20 CMakeFiles/hello_world.dir/pico-sdk/src/rp2_common/hardware_timer/timer.c.obj
                0x0000000010001e80                busy_wait_until
 .text.hardware_alarm_set_callback
                0x0000000010001ea0       0x8c CMakeFiles/hello_world.dir/pico-sdk/src/rp2_common/hardware_timer/timer.c.obj
                0x0000000010001ea0                hardware_alarm_set_callback
 .text.hardware_alarm_set_target
                0x0000000010001f2c       0xdc CMakeFiles/hello_world.dir/pico-sdk/src/rp2_common/hardware_timer/timer.c.obj
                0x0000000010001f2c                hardware_alarm_set_target
 .text.hardware_alarm_cancel
                0x0000000010002008       0x40 CMakeFiles/hello_world.dir/pico-sdk/src/rp2_common/hardware_timer/timer.c.obj
                0x0000000010002008                hardware_alarm_cancel
 .text.ph_merge_two_pass.part.3
                0x0000000010002048      0x18c CMakeFiles/hello_world.dir/pico-sdk/src/common/pico_util/pheap.c.obj
 .text.ph_post_alloc_init
                0x00000000100021d4       0x3c CMakeFiles/hello_world.dir/pico-sdk/src/common/pico_util/pheap.c.obj
                0x00000000100021d4                ph_post_alloc_init
 .text.ph_remove_head
                0x0000000010002210      0x154 CMakeFiles/hello_world.dir/pico-sdk/src/common/pico_util/pheap.c.obj
                0x0000000010002210                ph_remove_head
 .text.ph_remove_and_free_node
                0x0000000010002364      0x310 CMakeFiles/hello_world.dir/pico-sdk/src/common/pico_util/pheap.c.obj
                0x0000000010002364                ph_remove_and_free_node
 .text.clocks_init
                0x0000000010002674      0x2dc CMakeFiles/hello_world.dir/pico-sdk/src/rp2_common/hardware_clocks/clocks.c.obj
                0x0000000010002674                clocks_init
 .text.clock_get_hz
                0x0000000010002950        0xc CMakeFiles/hello_world.dir/pico-sdk/src/rp2_common/hardware_clocks/clocks.c.obj
                0x0000000010002950                clock_get_hz
 .text.pll_init
                0x000000001000295c       0x9c CMakeFiles/hello_world.dir/pico-sdk/src/rp2_common/hardware_pll/pll.c.obj
                0x000000001000295c                pll_init
 .text.watchdog_start_tick
                0x00000000100029f8       0x10 CMakeFiles/hello_world.dir/pico-sdk/src/rp2_common/hardware_watchdog/watchdog.c.obj
                0x00000000100029f8                watchdog_start_tick
 .text.watchdog_reboot
                0x0000000010002a08       0x94 CMakeFiles/hello_world.dir/pico-sdk/src/rp2_common/hardware_watchdog/watchdog.c.obj
                0x0000000010002a08                watchdog_reboot
 .text.xosc_init
                0x0000000010002a9c       0x28 CMakeFiles/hello_world.dir/pico-sdk/src/rp2_common/hardware_xosc/xosc.c.obj
                0x0000000010002a9c                xosc_init
 .text.runtime_init
                0x0000000010002ac4       0xf4 CMakeFiles/hello_world.dir/pico-sdk/src/rp2_common/pico_runtime/runtime.c.obj
                0x0000000010002ac4                runtime_init
 .text._exit    0x0000000010002bb8        0x4 CMakeFiles/hello_world.dir/pico-sdk/src/rp2_common/pico_runtime/runtime.c.obj
                0x0000000010002bb8                _exit
 .text._sbrk    0x0000000010002bbc       0x34 CMakeFiles/hello_world.dir/pico-sdk/src/rp2_common/pico_runtime/runtime.c.obj
                0x0000000010002bbc                _sbrk
 .text.exit     0x0000000010002bf0        0x8 CMakeFiles/hello_world.dir/pico-sdk/src/rp2_common/pico_runtime/runtime.c.obj
                0x0000000010002bf0                exit
 .text.panic    0x0000000010002bf8       0x30 CMakeFiles/hello_world.dir/pico-sdk/src/rp2_common/pico_runtime/runtime.c.obj
                0x0000000010002bf8                panic
 .text.hard_assertion_failure
                0x0000000010002c28        0xc CMakeFiles/hello_world.dir/pico-sdk/src/rp2_common/pico_runtime/runtime.c.obj
                0x0000000010002c28                hard_assertion_failure
 .text._out_buffer
                0x0000000010002c34        0x8 CMakeFiles/hello_world.dir/pico-sdk/src/rp2_common/pico_printf/printf.c.obj
 .text._out_null
                0x0000000010002c3c        0x4 CMakeFiles/hello_world.dir/pico-sdk/src/rp2_common/pico_printf/printf.c.obj
 .text._out_fct
                0x0000000010002c40       0x10 CMakeFiles/hello_world.dir/pico-sdk/src/rp2_common/pico_printf/printf.c.obj
 .text._out_char
                0x0000000010002c50       0x3c CMakeFiles/hello_world.dir/pico-sdk/src/rp2_common/pico_printf/printf.c.obj
 .text._ntoa_format
                0x0000000010002c8c      0x214 CMakeFiles/hello_world.dir/pico-sdk/src/rp2_common/pico_printf/printf.c.obj
 .text._ftoa    0x0000000010002ea0      0x6c4 CMakeFiles/hello_world.dir/pico-sdk/src/rp2_common/pico_printf/printf.c.obj
 .text._etoa.part.1
                0x0000000010003564      0x3e0 CMakeFiles/hello_world.dir/pico-sdk/src/rp2_common/pico_printf/printf.c.obj
 .text._vsnprintf
                0x0000000010003944      0xb30 CMakeFiles/hello_world.dir/pico-sdk/src/rp2_common/pico_printf/printf.c.obj
 .text.__wrap_sprintf
                0x0000000010004474       0x28 CMakeFiles/hello_world.dir/pico-sdk/src/rp2_common/pico_printf/printf.c.obj
                0x0000000010004474                __wrap_sprintf
 .text.vfctprintf
                0x000000001000449c       0x20 CMakeFiles/hello_world.dir/pico-sdk/src/rp2_common/pico_printf/printf.c.obj
                0x000000001000449c                vfctprintf
 .text.weak_raw_vprintf
                0x00000000100044bc       0x30 CMakeFiles/hello_world.dir/pico-sdk/src/rp2_common/pico_printf/printf.c.obj
                0x00000000100044bc                weak_raw_vprintf
 .text          0x00000000100044ec       0x10 CMakeFiles/hello_world.dir/pico-sdk/src/rp2_common/pico_bit_ops/bit_ops_aeabi.S.obj
 .text.ctzsi    0x00000000100044fc        0xc CMakeFiles/hello_world.dir/pico-sdk/src/rp2_common/pico_bit_ops/bit_ops_aeabi.S.obj
                0x00000000100044fc                __wrap___ctzsi2
 .text.rom_func_lookup
                0x0000000010004508       0x10 CMakeFiles/hello_world.dir/pico-sdk/src/rp2_common/pico_bootrom/bootrom.c.obj
                0x0000000010004508                rom_func_lookup
 .text.rom_data_lookup
                0x0000000010004518       0x10 CMakeFiles/hello_world.dir/pico-sdk/src/rp2_common/pico_bootrom/bootrom.c.obj
                0x0000000010004518                rom_data_lookup
 .text.rom_funcs_lookup
                0x0000000010004528       0x44 CMakeFiles/hello_world.dir/pico-sdk/src/rp2_common/pico_bootrom/bootrom.c.obj
                0x0000000010004528                rom_funcs_lookup
 .text.__wrap___aeabi_idiv
                0x000000001000456c       0x50 CMakeFiles/hello_world.dir/pico-sdk/src/rp2_common/pico_divider/divider.S.obj
                0x000000001000456c                __wrap___aeabi_idivmod
                0x000000001000456c                divmod_s32s32
                0x000000001000456c                div_s32s32
                0x000000001000456c                __wrap___aeabi_idiv
                0x0000000010004574                divmod_s32s32_unsafe
                0x00000000100045a0                divmod_s32s32_savestate
 .text.__wrap___aeabi_uidiv
                0x00000000100045bc       0x4c CMakeFiles/hello_world.dir/pico-sdk/src/rp2_common/pico_divider/divider.S.obj
                0x00000000100045bc                __wrap___aeabi_uidiv
                0x00000000100045bc                __wrap___aeabi_uidivmod
                0x00000000100045bc                div_u32u32
                0x00000000100045bc                divmod_u32u32
                0x00000000100045c4                divmod_u32u32_unsafe
                0x00000000100045ec                divmod_u32u32_savestate
 .text.__wrap___aeabi_ldiv
                0x0000000010004608      0x424 CMakeFiles/hello_world.dir/pico-sdk/src/rp2_common/pico_divider/divider.S.obj
                0x0000000010004608                div_s64s64
                0x0000000010004608                divmod_s64s64
                0x0000000010004608                __wrap___aeabi_ldivmod
                0x0000000010004638                div_u64u64
                0x0000000010004638                divmod_u64u64
                0x0000000010004638                __wrap___aeabi_uldivmod
                0x0000000010004648                divmod_u64u64_savestate
                0x0000000010004668                divmod_s64s64_unsafe
                0x00000000100046f0                divmod_u64u64_unsafe
 .text.__wrap___aeabi_darithmetic
                0x0000000010004a2c       0x60 CMakeFiles/hello_world.dir/pico-sdk/src/rp2_common/pico_double/double_aeabi.S.obj
                0x0000000010004a2c                __wrap___aeabi_drsub
                0x0000000010004a32                __wrap___aeabi_dsub
                0x0000000010004a3c                __wrap___aeabi_dadd
                0x0000000010004a46                __wrap___aeabi_ddiv
                0x0000000010004a7a                __wrap___aeabi_dmul
 .text.__wrap___aeabi_cdcmple
                0x0000000010004a8c       0x6c CMakeFiles/hello_world.dir/pico-sdk/src/rp2_common/pico_double/double_aeabi.S.obj
                0x0000000010004a8c                __wrap___aeabi_cdrcmple
                0x0000000010004a9c                __wrap___aeabi_cdcmple
                0x0000000010004a9c                __wrap___aeabi_cdcmpeq
 .text.__wrap___aeabi_dcmplt
                0x0000000010004af8        0xc CMakeFiles/hello_world.dir/pico-sdk/src/rp2_common/pico_double/double_aeabi.S.obj
                0x0000000010004af8                __wrap___aeabi_dcmplt
 .text.__wrap___aeabi_dcmpge
                0x0000000010004b04       0x10 CMakeFiles/hello_world.dir/pico-sdk/src/rp2_common/pico_double/double_aeabi.S.obj
                0x0000000010004b04                __wrap___aeabi_dcmpge
 .text.__wrap___aeabi_dcmpgt
                0x0000000010004b14        0xa CMakeFiles/hello_world.dir/pico-sdk/src/rp2_common/pico_double/double_aeabi.S.obj
                0x0000000010004b14                __wrap___aeabi_dcmpgt
 .text.__wrap___aeabi_dcmpun
                0x0000000010004b1e       0x1c CMakeFiles/hello_world.dir/pico-sdk/src/rp2_common/pico_double/double_aeabi.S.obj
                0x0000000010004b1e                __wrap___aeabi_dcmpun
 *fill*         0x0000000010004b3a        0x2 
 .text.__wrap___aeabi_i2d
                0x0000000010004b3c       0x38 CMakeFiles/hello_world.dir/pico-sdk/src/rp2_common/pico_double/double_aeabi.S.obj
                0x0000000010004b3c                __wrap___aeabi_ui2d
                0x0000000010004b44                __wrap___aeabi_i2d
 .text.__wrap___aeabi_d2iz
                0x0000000010004b74       0x48 CMakeFiles/hello_world.dir/pico-sdk/src/rp2_common/pico_double/double_aeabi.S.obj
                0x0000000010004b74                __wrap___aeabi_d2iz
                0x0000000010004b74                double2int_z
 .text.__wrap___aeabi_d2uiz
                0x0000000010004bbc       0x10 CMakeFiles/hello_world.dir/pico-sdk/src/rp2_common/pico_double/double_aeabi.S.obj
                0x0000000010004bbc                double2uint
                0x0000000010004bbc                __wrap___aeabi_d2uiz
 .text.missing_double_func_shim
                0x0000000010004bcc        0xc CMakeFiles/hello_world.dir/pico-sdk/src/rp2_common/pico_double/double_init_rom.c.obj
 .text.__aeabi_double_init
                0x0000000010004bd8       0x64 CMakeFiles/hello_world.dir/pico-sdk/src/rp2_common/pico_double/double_init_rom.c.obj
                0x0000000010004bd8                __aeabi_double_init
 .text.double_table_shim_on_use_helper
                0x0000000010004c3c       0x2c CMakeFiles/hello_world.dir/pico-sdk/src/rp2_common/pico_double/double_v1_rom_shim.S.obj
                0x0000000010004c3c                double_table_shim_on_use_helper
 .text.__aeabi_lmul
                0x0000000010004c68       0x32 CMakeFiles/hello_world.dir/pico-sdk/src/rp2_common/pico_int64_ops/pico_int64_ops_aeabi.S.obj
                0x0000000010004c68                __wrap___aeabi_lmul
 *fill*         0x0000000010004c9a        0x2 
 .text.__wrap___aeabi_farithmetic
                0x0000000010004c9c       0x48 CMakeFiles/hello_world.dir/pico-sdk/src/rp2_common/pico_float/float_aeabi.S.obj
                0x0000000010004c9c                __wrap___aeabi_frsub
                0x0000000010004ca2                __wrap___aeabi_fsub
                0x0000000010004ca8                __wrap___aeabi_fadd
                0x0000000010004cae                __wrap___aeabi_fdiv
                0x0000000010004cd6                __wrap___aeabi_fmul
 .text.__wrap___aeabi_i2f
                0x0000000010004ce4       0x44 CMakeFiles/hello_world.dir/pico-sdk/src/rp2_common/pico_float/float_aeabi.S.obj
                0x0000000010004ce4                __wrap___aeabi_i2f
 .text.__wrap___aeabi_f2d
                0x0000000010004d28        0xc CMakeFiles/hello_world.dir/pico-sdk/src/rp2_common/pico_float/float_aeabi.S.obj
                0x0000000010004d28                __wrap___aeabi_f2d
 .text.missing_float_func_shim
                0x0000000010004d34        0xc CMakeFiles/hello_world.dir/pico-sdk/src/rp2_common/pico_float/float_init_rom.c.obj
 .text.__aeabi_float_init
                0x0000000010004d40       0x60 CMakeFiles/hello_world.dir/pico-sdk/src/rp2_common/pico_float/float_init_rom.c.obj
                0x0000000010004d40                __aeabi_float_init
 .text.__wrap_calloc
                0x0000000010004da0       0x40 CMakeFiles/hello_world.dir/pico-sdk/src/rp2_common/pico_malloc/pico_malloc.c.obj
                0x0000000010004da0                __wrap_calloc
 .text          0x0000000010004de0       0x10 CMakeFiles/hello_world.dir/pico-sdk/src/rp2_common/pico_mem_ops/mem_ops_aeabi.S.obj
                0x0000000010004de0                __aeabi_mem_init
 .text.memset   0x0000000010004df0        0xc CMakeFiles/hello_world.dir/pico-sdk/src/rp2_common/pico_mem_ops/mem_ops_aeabi.S.obj
                0x0000000010004df0                __wrap_memset
 .text.memcpy   0x0000000010004dfc        0xc CMakeFiles/hello_world.dir/pico-sdk/src/rp2_common/pico_mem_ops/mem_ops_aeabi.S.obj
                0x0000000010004dfc                __wrap___aeabi_memcpy
                0x0000000010004dfc                __wrap_memcpy
 .text.stdio_out_chars_no_crlf
                0x0000000010004e08       0x10 CMakeFiles/hello_world.dir/pico-sdk/src/rp2_common/pico_stdio/stdio.c.obj
 .text.stdio_out_chars_crlf
                0x0000000010004e18       0xbc CMakeFiles/hello_world.dir/pico-sdk/src/rp2_common/pico_stdio/stdio.c.obj
 .text.stdio_buffered_printer
                0x0000000010004ed4       0x64 CMakeFiles/hello_world.dir/pico-sdk/src/rp2_common/pico_stdio/stdio.c.obj
 .text.stdio_put_string
                0x0000000010004f38       0xfc CMakeFiles/hello_world.dir/pico-sdk/src/rp2_common/pico_stdio/stdio.c.obj
 .text.__wrap_puts
                0x0000000010005034       0x34 CMakeFiles/hello_world.dir/pico-sdk/src/rp2_common/pico_stdio/stdio.c.obj
                0x0000000010005034                __wrap_puts
 .text._read    0x0000000010005068       0x90 CMakeFiles/hello_world.dir/pico-sdk/src/rp2_common/pico_stdio/stdio.c.obj
                0x0000000010005068                _read
 .text._write   0x00000000100050f8       0xac CMakeFiles/hello_world.dir/pico-sdk/src/rp2_common/pico_stdio/stdio.c.obj
                0x00000000100050f8                _write
 .text._close   0x00000000100051a4        0x8 CMakeFiles/hello_world.dir/pico-sdk/src/rp2_common/pico_stdio/stdio.c.obj
                0x00000000100051a4                _close
 .text._lseek   0x00000000100051ac        0x8 CMakeFiles/hello_world.dir/pico-sdk/src/rp2_common/pico_stdio/stdio.c.obj
                0x00000000100051ac                _lseek
 .text._fstat   0x00000000100051b4        0x8 CMakeFiles/hello_world.dir/pico-sdk/src/rp2_common/pico_stdio/stdio.c.obj
                0x00000000100051b4                _fstat
 .text._isatty  0x00000000100051bc        0xc CMakeFiles/hello_world.dir/pico-sdk/src/rp2_common/pico_stdio/stdio.c.obj
                0x00000000100051bc                _isatty
 .text.stdio_set_driver_enabled
                0x00000000100051c8       0x30 CMakeFiles/hello_world.dir/pico-sdk/src/rp2_common/pico_stdio/stdio.c.obj
                0x00000000100051c8                stdio_set_driver_enabled
 .text.__wrap_vprintf
                0x00000000100051f8       0xcc CMakeFiles/hello_world.dir/pico-sdk/src/rp2_common/pico_stdio/stdio.c.obj
                0x00000000100051f8                __wrap_vprintf
 .text.__wrap_printf
                0x00000000100052c4       0x18 CMakeFiles/hello_world.dir/pico-sdk/src/rp2_common/pico_stdio/stdio.c.obj
                0x00000000100052c4                __wrap_printf
 .text.stdio_init_all
                0x00000000100052dc        0x8 CMakeFiles/hello_world.dir/pico-sdk/src/rp2_common/pico_stdio/stdio.c.obj
                0x00000000100052dc                stdio_init_all
 .text.resetd_init
                0x00000000100052e4        0x4 CMakeFiles/hello_world.dir/pico-sdk/src/rp2_common/pico_stdio_usb/reset_interface.c.obj
 .text.resetd_reset
                0x00000000100052e8        0xc CMakeFiles/hello_world.dir/pico-sdk/src/rp2_common/pico_stdio_usb/reset_interface.c.obj
 .text.resetd_xfer_cb
                0x00000000100052f4        0x4 CMakeFiles/hello_world.dir/pico-sdk/src/rp2_common/pico_stdio_usb/reset_interface.c.obj
 .text.resetd_open
                0x00000000100052f8       0x28 CMakeFiles/hello_world.dir/pico-sdk/src/rp2_common/pico_stdio_usb/reset_interface.c.obj
 .text.resetd_control_xfer_cb
                0x0000000010005320       0x60 CMakeFiles/hello_world.dir/pico-sdk/src/rp2_common/pico_stdio_usb/reset_interface.c.obj
 .text.usbd_app_driver_get_cb
                0x0000000010005380        0xc CMakeFiles/hello_world.dir/pico-sdk/src/rp2_common/pico_stdio_usb/reset_interface.c.obj
                0x0000000010005380                usbd_app_driver_get_cb
 .text.tud_cdc_line_coding_cb
                0x000000001000538c       0x34 CMakeFiles/hello_world.dir/pico-sdk/src/rp2_common/pico_stdio_usb/reset_interface.c.obj
                0x000000001000538c                tud_cdc_line_coding_cb
 .text.stdio_usb_set_chars_available_callback
                0x00000000100053c0       0x14 CMakeFiles/hello_world.dir/pico-sdk/src/rp2_common/pico_stdio_usb/stdio_usb.c.obj
                0x00000000100053c0                stdio_usb_set_chars_available_callback
 .text.usb_irq  0x00000000100053d4       0x10 CMakeFiles/hello_world.dir/pico-sdk/src/rp2_common/pico_stdio_usb/stdio_usb.c.obj
 .text.timer_task
                0x00000000100053e4       0x54 CMakeFiles/hello_world.dir/pico-sdk/src/rp2_common/pico_stdio_usb/stdio_usb.c.obj
 .text.stdio_usb_in_chars
                0x0000000010005438       0x8c CMakeFiles/hello_world.dir/pico-sdk/src/rp2_common/pico_stdio_usb/stdio_usb.c.obj
                0x0000000010005438                stdio_usb_in_chars
 .text.stdio_usb_out_chars
                0x00000000100054c4       0xfc CMakeFiles/hello_world.dir/pico-sdk/src/rp2_common/pico_stdio_usb/stdio_usb.c.obj
 .text.low_priority_worker_irq
                0x00000000100055c0       0xa4 CMakeFiles/hello_world.dir/pico-sdk/src/rp2_common/pico_stdio_usb/stdio_usb.c.obj
 .text.tud_cdc_rx_cb
                0x0000000010005664       0x20 CMakeFiles/hello_world.dir/pico-sdk/src/rp2_common/pico_stdio_usb/stdio_usb.c.obj
                0x0000000010005664                tud_cdc_rx_cb
 .text.stdio_usb_init
                0x0000000010005684       0xd8 CMakeFiles/hello_world.dir/pico-sdk/src/rp2_common/pico_stdio_usb/stdio_usb.c.obj
                0x0000000010005684                stdio_usb_init
 .text.tud_descriptor_device_cb
                0x000000001000575c        0x8 CMakeFiles/hello_world.dir/pico-sdk/src/rp2_common/pico_stdio_usb/stdio_usb_descriptors.c.obj
                0x000000001000575c                tud_descriptor_device_cb
 .text.tud_descriptor_configuration_cb
                0x0000000010005764        0x8 CMakeFiles/hello_world.dir/pico-sdk/src/rp2_common/pico_stdio_usb/stdio_usb_descriptors.c.obj
                0x0000000010005764                tud_descriptor_configuration_cb
 .text.tud_descriptor_string_cb
                0x000000001000576c       0x70 CMakeFiles/hello_world.dir/pico-sdk/src/rp2_common/pico_stdio_usb/stdio_usb_descriptors.c.obj
                0x000000001000576c                tud_descriptor_string_cb
 .text.startup._retrieve_unique_id_on_boot
                0x00000000100057dc       0x10 CMakeFiles/hello_world.dir/pico-sdk/src/rp2_common/pico_unique_id/unique_id.c.obj
 .text.pico_get_unique_board_id
                0x00000000100057ec       0x10 CMakeFiles/hello_world.dir/pico-sdk/src/rp2_common/pico_unique_id/unique_id.c.obj
                0x00000000100057ec                pico_get_unique_board_id
 .text.pico_get_unique_board_id_string
                0x00000000100057fc      0x1c0 CMakeFiles/hello_world.dir/pico-sdk/src/rp2_common/pico_unique_id/unique_id.c.obj
                0x00000000100057fc                pico_get_unique_board_id_string
 .text.flash_get_unique_id
                0x00000000100059bc       0x3c CMakeFiles/hello_world.dir/pico-sdk/src/rp2_common/hardware_flash/flash.c.obj
                0x00000000100059bc                flash_get_unique_id
 .text.dcd_int_enable
                0x00000000100059f8        0xc CMakeFiles/hello_world.dir/pico-sdk/lib/tinyusb/src/portable/raspberrypi/rp2040/dcd_rp2040.c.obj
                0x00000000100059f8                dcd_int_enable
 .text.dcd_set_address
                0x0000000010005a04       0x14 CMakeFiles/hello_world.dir/pico-sdk/lib/tinyusb/src/portable/raspberrypi/rp2040/dcd_rp2040.c.obj
                0x0000000010005a04                dcd_set_address
 .text.dcd_connect
                0x0000000010005a18       0x10 CMakeFiles/hello_world.dir/pico-sdk/lib/tinyusb/src/portable/raspberrypi/rp2040/dcd_rp2040.c.obj
                0x0000000010005a18                dcd_connect
 .text.dcd_init
                0x0000000010005a28       0x98 CMakeFiles/hello_world.dir/pico-sdk/lib/tinyusb/src/portable/raspberrypi/rp2040/dcd_rp2040.c.obj
                0x0000000010005a28                dcd_init
 .text.dcd_edpt0_status_complete
                0x0000000010005ac0       0x1c CMakeFiles/hello_world.dir/pico-sdk/lib/tinyusb/src/portable/raspberrypi/rp2040/dcd_rp2040.c.obj
                0x0000000010005ac0                dcd_edpt0_status_complete
 .text.dcd_edpt_open
                0x0000000010005adc      0x124 CMakeFiles/hello_world.dir/pico-sdk/lib/tinyusb/src/portable/raspberrypi/rp2040/dcd_rp2040.c.obj
                0x0000000010005adc                dcd_edpt_open
 .text.dcd_edpt_close_all
                0x0000000010005c00        0x8 CMakeFiles/hello_world.dir/pico-sdk/lib/tinyusb/src/portable/raspberrypi/rp2040/dcd_rp2040.c.obj
                0x0000000010005c00                dcd_edpt_close_all
 .text.dcd_edpt_xfer
                0x0000000010005c08       0x24 CMakeFiles/hello_world.dir/pico-sdk/lib/tinyusb/src/portable/raspberrypi/rp2040/dcd_rp2040.c.obj
                0x0000000010005c08                dcd_edpt_xfer
 .text.dcd_edpt_stall
                0x0000000010005c2c       0x38 CMakeFiles/hello_world.dir/pico-sdk/lib/tinyusb/src/portable/raspberrypi/rp2040/dcd_rp2040.c.obj
                0x0000000010005c2c                dcd_edpt_stall
 .text.dcd_edpt_clear_stall
                0x0000000010005c64       0x2c CMakeFiles/hello_world.dir/pico-sdk/lib/tinyusb/src/portable/raspberrypi/rp2040/dcd_rp2040.c.obj
                0x0000000010005c64                dcd_edpt_clear_stall
 .text.rp2040_usb_init
                0x0000000010005c90       0x4c CMakeFiles/hello_world.dir/pico-sdk/lib/tinyusb/src/portable/raspberrypi/rp2040/rp2040_usb.c.obj
                0x0000000010005c90                rp2040_usb_init
 .text.hw_endpoint_xfer_start
                0x0000000010005cdc       0x54 CMakeFiles/hello_world.dir/pico-sdk/lib/tinyusb/src/portable/raspberrypi/rp2040/rp2040_usb.c.obj
                0x0000000010005cdc                hw_endpoint_xfer_start
 .text.tud_mounted
                0x0000000010005d30       0x10 CMakeFiles/hello_world.dir/pico-sdk/lib/tinyusb/src/device/usbd.c.obj
                0x0000000010005d30                tud_mounted
 .text.tud_suspended
                0x0000000010005d40       0x10 CMakeFiles/hello_world.dir/pico-sdk/lib/tinyusb/src/device/usbd.c.obj
                0x0000000010005d40                tud_suspended
 .text.tud_inited
                0x0000000010005d50       0x14 CMakeFiles/hello_world.dir/pico-sdk/lib/tinyusb/src/device/usbd.c.obj
                0x0000000010005d50                tud_inited
 .text.tud_init
                0x0000000010005d64       0xdc CMakeFiles/hello_world.dir/pico-sdk/lib/tinyusb/src/device/usbd.c.obj
                0x0000000010005d64                tud_init
 .text.usbd_open_edpt_pair
                0x0000000010005e40       0xbc CMakeFiles/hello_world.dir/pico-sdk/lib/tinyusb/src/device/usbd.c.obj
                0x0000000010005e40                usbd_open_edpt_pair
 .text.usbd_defer_func
                0x0000000010005efc       0x54 CMakeFiles/hello_world.dir/pico-sdk/lib/tinyusb/src/device/usbd.c.obj
                0x0000000010005efc                usbd_defer_func
 .text.usbd_edpt_open
                0x0000000010005f50       0x38 CMakeFiles/hello_world.dir/pico-sdk/lib/tinyusb/src/device/usbd.c.obj
                0x0000000010005f50                usbd_edpt_open
 .text.usbd_edpt_claim
                0x0000000010005f88       0x28 CMakeFiles/hello_world.dir/pico-sdk/lib/tinyusb/src/device/usbd.c.obj
                0x0000000010005f88                usbd_edpt_claim
 .text.usbd_edpt_release
                0x0000000010005fb0       0x28 CMakeFiles/hello_world.dir/pico-sdk/lib/tinyusb/src/device/usbd.c.obj
                0x0000000010005fb0                usbd_edpt_release
 .text.usbd_edpt_xfer
                0x0000000010005fd8       0x4c CMakeFiles/hello_world.dir/pico-sdk/lib/tinyusb/src/device/usbd.c.obj
                0x0000000010005fd8                usbd_edpt_xfer
 .text.usbd_edpt_clear_stall
                0x0000000010006024       0x3c CMakeFiles/hello_world.dir/pico-sdk/lib/tinyusb/src/device/usbd.c.obj
                0x0000000010006024                usbd_edpt_clear_stall
 .text.tud_task_ext
                0x0000000010006060      0x8e4 CMakeFiles/hello_world.dir/pico-sdk/lib/tinyusb/src/device/usbd.c.obj
                0x0000000010006060                tud_task_ext
 .text.tud_control_status
                0x0000000010006944       0x30 CMakeFiles/hello_world.dir/pico-sdk/lib/tinyusb/src/device/usbd_control.c.obj
                0x0000000010006944                tud_control_status
 .text.tud_control_xfer
                0x0000000010006974       0xac CMakeFiles/hello_world.dir/pico-sdk/lib/tinyusb/src/device/usbd_control.c.obj
                0x0000000010006974                tud_control_xfer
 .text.usbd_control_reset
                0x0000000010006a20       0x14 CMakeFiles/hello_world.dir/pico-sdk/lib/tinyusb/src/device/usbd_control.c.obj
                0x0000000010006a20                usbd_control_reset
 .text.usbd_control_set_complete_callback
                0x0000000010006a34        0xc CMakeFiles/hello_world.dir/pico-sdk/lib/tinyusb/src/device/usbd_control.c.obj
                0x0000000010006a34                usbd_control_set_complete_callback
 .text.usbd_control_set_request
                0x0000000010006a40       0x1c CMakeFiles/hello_world.dir/pico-sdk/lib/tinyusb/src/device/usbd_control.c.obj
                0x0000000010006a40                usbd_control_set_request
 .text.usbd_control_xfer_cb
                0x0000000010006a5c       0xf8 CMakeFiles/hello_world.dir/pico-sdk/lib/tinyusb/src/device/usbd_control.c.obj
                0x0000000010006a5c                usbd_control_xfer_cb
 .text.tud_cdc_n_connected
                0x0000000010006b54       0x30 CMakeFiles/hello_world.dir/pico-sdk/lib/tinyusb/src/class/cdc/cdc_device.c.obj
                0x0000000010006b54                tud_cdc_n_connected
 .text.tud_cdc_n_available
                0x0000000010006b84       0x1c CMakeFiles/hello_world.dir/pico-sdk/lib/tinyusb/src/class/cdc/cdc_device.c.obj
                0x0000000010006b84                tud_cdc_n_available
 .text.tud_cdc_n_read
                0x0000000010006ba0       0x70 CMakeFiles/hello_world.dir/pico-sdk/lib/tinyusb/src/class/cdc/cdc_device.c.obj
                0x0000000010006ba0                tud_cdc_n_read
 .text.tud_cdc_n_write
                0x0000000010006c10       0x90 CMakeFiles/hello_world.dir/pico-sdk/lib/tinyusb/src/class/cdc/cdc_device.c.obj
                0x0000000010006c10                tud_cdc_n_write
 .text.tud_cdc_n_write_flush
                0x0000000010006ca0       0x78 CMakeFiles/hello_world.dir/pico-sdk/lib/tinyusb/src/class/cdc/cdc_device.c.obj
                0x0000000010006ca0                tud_cdc_n_write_flush
 .text.tud_cdc_n_write_available
                0x0000000010006d18       0x1c CMakeFiles/hello_world.dir/pico-sdk/lib/tinyusb/src/class/cdc/cdc_device.c.obj
                0x0000000010006d18                tud_cdc_n_write_available
 .text.cdcd_init
                0x0000000010006d34       0x7c CMakeFiles/hello_world.dir/pico-sdk/lib/tinyusb/src/class/cdc/cdc_device.c.obj
                0x0000000010006d34                cdcd_init
 .text.cdcd_reset
                0x0000000010006db0       0x2c CMakeFiles/hello_world.dir/pico-sdk/lib/tinyusb/src/class/cdc/cdc_device.c.obj
                0x0000000010006db0                cdcd_reset
 .text.cdcd_open
                0x0000000010006ddc       0xe8 CMakeFiles/hello_world.dir/pico-sdk/lib/tinyusb/src/class/cdc/cdc_device.c.obj
                0x0000000010006ddc                cdcd_open
 .text.cdcd_control_xfer_cb
                0x0000000010006ec4       0xe0 CMakeFiles/hello_world.dir/pico-sdk/lib/tinyusb/src/class/cdc/cdc_device.c.obj
                0x0000000010006ec4                cdcd_control_xfer_cb
 .text.cdcd_xfer_cb
                0x0000000010006fa4      0x194 CMakeFiles/hello_world.dir/pico-sdk/lib/tinyusb/src/class/cdc/cdc_device.c.obj
                0x0000000010006fa4                cdcd_xfer_cb
 .text.tusb_init
                0x0000000010007138        0xc CMakeFiles/hello_world.dir/pico-sdk/lib/tinyusb/src/tusb.c.obj
                0x0000000010007138                tusb_init
 .text.tusb_inited
                0x0000000010007144        0x8 CMakeFiles/hello_world.dir/pico-sdk/lib/tinyusb/src/tusb.c.obj
                0x0000000010007144                tusb_inited
 .text.tu_edpt_claim
                0x000000001000714c       0x48 CMakeFiles/hello_world.dir/pico-sdk/lib/tinyusb/src/tusb.c.obj
                0x000000001000714c                tu_edpt_claim
 .text.tu_edpt_release
                0x0000000010007194       0x34 CMakeFiles/hello_world.dir/pico-sdk/lib/tinyusb/src/tusb.c.obj
                0x0000000010007194                tu_edpt_release
 .text.tu_edpt_validate
                0x00000000100071c8       0x70 CMakeFiles/hello_world.dir/pico-sdk/lib/tinyusb/src/tusb.c.obj
                0x00000000100071c8                tu_edpt_validate
 .text.tu_edpt_bind_driver
                0x0000000010007238       0x34 CMakeFiles/hello_world.dir/pico-sdk/lib/tinyusb/src/tusb.c.obj
                0x0000000010007238                tu_edpt_bind_driver
 .text.tu_fifo_config
                0x000000001000726c       0x7c CMakeFiles/hello_world.dir/pico-sdk/lib/tinyusb/src/common/tusb_fifo.c.obj
                0x000000001000726c                tu_fifo_config
 .text.tu_fifo_count
                0x00000000100072e8       0x28 CMakeFiles/hello_world.dir/pico-sdk/lib/tinyusb/src/common/tusb_fifo.c.obj
                0x00000000100072e8                tu_fifo_count
 .text.tu_fifo_empty
                0x0000000010007310       0x10 CMakeFiles/hello_world.dir/pico-sdk/lib/tinyusb/src/common/tusb_fifo.c.obj
                0x0000000010007310                tu_fifo_empty
 .text.tu_fifo_remaining
                0x0000000010007320       0x28 CMakeFiles/hello_world.dir/pico-sdk/lib/tinyusb/src/common/tusb_fifo.c.obj
                0x0000000010007320                tu_fifo_remaining
 .text.tu_fifo_read
                0x0000000010007348       0xa0 CMakeFiles/hello_world.dir/pico-sdk/lib/tinyusb/src/common/tusb_fifo.c.obj
                0x0000000010007348                tu_fifo_read
 .text.tu_fifo_read_n
                0x00000000100073e8       0xe8 CMakeFiles/hello_world.dir/pico-sdk/lib/tinyusb/src/common/tusb_fifo.c.obj
                0x00000000100073e8                tu_fifo_read_n
 .text.tu_fifo_write
                0x00000000100074d0       0x8c CMakeFiles/hello_world.dir/pico-sdk/lib/tinyusb/src/common/tusb_fifo.c.obj
                0x00000000100074d0                tu_fifo_write
 .text.tu_fifo_write_n
                0x000000001000755c      0x134 CMakeFiles/hello_world.dir/pico-sdk/lib/tinyusb/src/common/tusb_fifo.c.obj
                0x000000001000755c                tu_fifo_write_n
 .text.tu_fifo_clear
                0x0000000010007690       0x40 CMakeFiles/hello_world.dir/pico-sdk/lib/tinyusb/src/common/tusb_fifo.c.obj
                0x0000000010007690                tu_fifo_clear
 .text.tu_fifo_set_overwritable
                0x00000000100076d0       0x48 CMakeFiles/hello_world.dir/pico-sdk/lib/tinyusb/src/common/tusb_fifo.c.obj
                0x00000000100076d0                tu_fifo_set_overwritable
 .text.lwip_timeout_reached
                0x0000000010007718        0x8 CMakeFiles/hello_world.dir/pico-sdk/src/rp2_common/pico_lwip/lwip_nosys.c.obj
 .text.update_next_timeout
                0x0000000010007720       0x6c CMakeFiles/hello_world.dir/pico-sdk/src/rp2_common/pico_lwip/lwip_nosys.c.obj
 .text.lwip_nosys_init
                0x000000001000778c       0x30 CMakeFiles/hello_world.dir/pico-sdk/src/rp2_common/pico_lwip/lwip_nosys.c.obj
                0x000000001000778c                lwip_nosys_init
 .text.lwip_nosys_deinit
                0x00000000100077bc       0x20 CMakeFiles/hello_world.dir/pico-sdk/src/rp2_common/pico_lwip/lwip_nosys.c.obj
                0x00000000100077bc                lwip_nosys_deinit
 .text.sys_arch_protect
                0x00000000100077dc        0x4 CMakeFiles/hello_world.dir/pico-sdk/src/rp2_common/pico_lwip/lwip_nosys.c.obj
                0x00000000100077dc                sys_arch_protect
 .text.sys_arch_unprotect
                0x00000000100077e0        0x4 CMakeFiles/hello_world.dir/pico-sdk/src/rp2_common/pico_lwip/lwip_nosys.c.obj
                0x00000000100077e0                sys_arch_unprotect
 .text.sys_now  0x00000000100077e4       0x20 CMakeFiles/hello_world.dir/pico-sdk/src/rp2_common/pico_lwip/lwip_nosys.c.obj
                0x00000000100077e4                sys_now
 .text.async_context_base_add_at_time_worker
                0x0000000010007804       0x28 CMakeFiles/hello_world.dir/pico-sdk/src/rp2_common/pico_async_context/async_context_base.c.obj
                0x0000000010007804                async_context_base_add_at_time_worker
 .text.async_context_base_remove_at_time_worker
                0x000000001000782c       0x28 CMakeFiles/hello_world.dir/pico-sdk/src/rp2_common/pico_async_context/async_context_base.c.obj
                0x000000001000782c                async_context_base_remove_at_time_worker
 .text.async_context_base_add_when_pending_worker
                0x0000000010007854       0x24 CMakeFiles/hello_world.dir/pico-sdk/src/rp2_common/pico_async_context/async_context_base.c.obj
                0x0000000010007854                async_context_base_add_when_pending_worker
 .text.async_context_base_remove_when_pending_worker
                0x0000000010007878       0x28 CMakeFiles/hello_world.dir/pico-sdk/src/rp2_common/pico_async_context/async_context_base.c.obj
                0x0000000010007878                async_context_base_remove_when_pending_worker
 .text.async_context_base_execute_once
                0x00000000100078a0      0x128 CMakeFiles/hello_world.dir/pico-sdk/src/rp2_common/pico_async_context/async_context_base.c.obj
                0x00000000100078a0                async_context_base_execute_once
 .text.splitmix64
                0x00000000100079c8       0x58 CMakeFiles/hello_world.dir/pico-sdk/src/rp2_common/pico_rand/rand.c.obj
 .text.xoroshiro128ss
                0x0000000010007a20       0x8c CMakeFiles/hello_world.dir/pico-sdk/src/rp2_common/pico_rand/rand.c.obj
 .text.get_rand_64
                0x0000000010007aac      0x470 CMakeFiles/hello_world.dir/pico-sdk/src/rp2_common/pico_rand/rand.c.obj
                0x0000000010007aac                get_rand_64
 .text.get_rand_32
                0x0000000010007f1c        0x8 CMakeFiles/hello_world.dir/pico-sdk/src/rp2_common/pico_rand/rand.c.obj
                0x0000000010007f1c                get_rand_32
 .text.lwip_init
                0x0000000010007f24       0x24 CMakeFiles/hello_world.dir/pico-sdk/lib/lwip/src/core/init.c.obj
                0x0000000010007f24                lwip_init
 .text.lwip_htons
                0x0000000010007f48        0x8 CMakeFiles/hello_world.dir/pico-sdk/lib/lwip/src/core/def.c.obj
                0x0000000010007f48                lwip_htons
 .text.lwip_htonl
                0x0000000010007f50        0x4 CMakeFiles/hello_world.dir/pico-sdk/lib/lwip/src/core/def.c.obj
                0x0000000010007f50                lwip_htonl
 .text.dns_send
                0x0000000010007f54      0x2c0 CMakeFiles/hello_world.dir/pico-sdk/lib/lwip/src/core/dns.c.obj
 .text.dns_init
                0x0000000010008214        0x4 CMakeFiles/hello_world.dir/pico-sdk/lib/lwip/src/core/dns.c.obj
                0x0000000010008214                dns_init
 .text.dns_setserver
                0x0000000010008218       0x30 CMakeFiles/hello_world.dir/pico-sdk/lib/lwip/src/core/dns.c.obj
                0x0000000010008218                dns_setserver
 .text.dns_tmr  0x0000000010008248      0x2c4 CMakeFiles/hello_world.dir/pico-sdk/lib/lwip/src/core/dns.c.obj
                0x0000000010008248                dns_tmr
 .text.lwip_standard_chksum
                0x000000001000850c       0xe0 CMakeFiles/hello_world.dir/pico-sdk/lib/lwip/src/core/inet_chksum.c.obj
                0x000000001000850c                lwip_standard_chksum
 .text.inet_chksum_pseudo
                0x00000000100085ec       0xbc CMakeFiles/hello_world.dir/pico-sdk/lib/lwip/src/core/inet_chksum.c.obj
                0x00000000100085ec                inet_chksum_pseudo
 .text.ip_chksum_pseudo
                0x00000000100086a8       0x10 CMakeFiles/hello_world.dir/pico-sdk/lib/lwip/src/core/inet_chksum.c.obj
                0x00000000100086a8                ip_chksum_pseudo
 .text.inet_chksum
                0x00000000100086b8        0xc CMakeFiles/hello_world.dir/pico-sdk/lib/lwip/src/core/inet_chksum.c.obj
                0x00000000100086b8                inet_chksum
 .text.inet_chksum_pbuf
                0x00000000100086c4       0x6c CMakeFiles/hello_world.dir/pico-sdk/lib/lwip/src/core/inet_chksum.c.obj
                0x00000000100086c4                inet_chksum_pbuf
 .text.mem_init
                0x0000000010008730       0x40 CMakeFiles/hello_world.dir/pico-sdk/lib/lwip/src/core/mem.c.obj
                0x0000000010008730                mem_init
 .text.mem_free
                0x0000000010008770      0x128 CMakeFiles/hello_world.dir/pico-sdk/lib/lwip/src/core/mem.c.obj
                0x0000000010008770                mem_free
 .text.mem_trim
                0x0000000010008898       0xf0 CMakeFiles/hello_world.dir/pico-sdk/lib/lwip/src/core/mem.c.obj
                0x0000000010008898                mem_trim
 .text.mem_malloc
                0x0000000010008988      0x124 CMakeFiles/hello_world.dir/pico-sdk/lib/lwip/src/core/mem.c.obj
                0x0000000010008988                mem_malloc
 .text.mem_calloc
                0x0000000010008aac       0x28 CMakeFiles/hello_world.dir/pico-sdk/lib/lwip/src/core/mem.c.obj
                0x0000000010008aac                mem_calloc
 .text.memp_init
                0x0000000010008ad4       0x70 CMakeFiles/hello_world.dir/pico-sdk/lib/lwip/src/core/memp.c.obj
                0x0000000010008ad4                memp_init
 .text.memp_malloc
                0x0000000010008b44       0x44 CMakeFiles/hello_world.dir/pico-sdk/lib/lwip/src/core/memp.c.obj
                0x0000000010008b44                memp_malloc
 .text.memp_free
                0x0000000010008b88       0x38 CMakeFiles/hello_world.dir/pico-sdk/lib/lwip/src/core/memp.c.obj
                0x0000000010008b88                memp_free
 .text.netif_null_output_ip4
                0x0000000010008bc0        0x8 CMakeFiles/hello_world.dir/pico-sdk/lib/lwip/src/core/netif.c.obj
 .text.netif_do_set_ipaddr
                0x0000000010008bc8       0x74 CMakeFiles/hello_world.dir/pico-sdk/lib/lwip/src/core/netif.c.obj
 .text.netif_init
                0x0000000010008c3c        0x4 CMakeFiles/hello_world.dir/pico-sdk/lib/lwip/src/core/netif.c.obj
                0x0000000010008c3c                netif_init
 .text.netif_add
                0x0000000010008c40      0x168 CMakeFiles/hello_world.dir/pico-sdk/lib/lwip/src/core/netif.c.obj
                0x0000000010008c40                netif_add
 .text.netif_set_addr
                0x0000000010008da8       0xb8 CMakeFiles/hello_world.dir/pico-sdk/lib/lwip/src/core/netif.c.obj
                0x0000000010008da8                netif_set_addr
 .text.netif_remove
                0x0000000010008e60       0xa0 CMakeFiles/hello_world.dir/pico-sdk/lib/lwip/src/core/netif.c.obj
                0x0000000010008e60                netif_remove
 .text.netif_set_default
                0x0000000010008f00        0xc CMakeFiles/hello_world.dir/pico-sdk/lib/lwip/src/core/netif.c.obj
                0x0000000010008f00                netif_set_default
 .text.netif_set_up
                0x0000000010008f0c       0x40 CMakeFiles/hello_world.dir/pico-sdk/lib/lwip/src/core/netif.c.obj
                0x0000000010008f0c                netif_set_up
 .text.netif_set_link_up
                0x0000000010008f4c       0x44 CMakeFiles/hello_world.dir/pico-sdk/lib/lwip/src/core/netif.c.obj
                0x0000000010008f4c                netif_set_link_up
 .text.netif_set_link_down
                0x0000000010008f90       0x20 CMakeFiles/hello_world.dir/pico-sdk/lib/lwip/src/core/netif.c.obj
                0x0000000010008f90                netif_set_link_down
 .text.netif_get_by_index
                0x0000000010008fb0       0x38 CMakeFiles/hello_world.dir/pico-sdk/lib/lwip/src/core/netif.c.obj
                0x0000000010008fb0                netif_get_by_index
 .text.pbuf_free_ooseq
                0x0000000010008fe8       0x34 CMakeFiles/hello_world.dir/pico-sdk/lib/lwip/src/core/pbuf.c.obj
                0x0000000010008fe8                pbuf_free_ooseq
 .text.pbuf_alloc
                0x000000001000901c      0x19c CMakeFiles/hello_world.dir/pico-sdk/lib/lwip/src/core/pbuf.c.obj
                0x000000001000901c                pbuf_alloc
 .text.pbuf_realloc
                0x00000000100091b8       0xe4 CMakeFiles/hello_world.dir/pico-sdk/lib/lwip/src/core/pbuf.c.obj
                0x00000000100091b8                pbuf_realloc
 .text.pbuf_add_header
                0x000000001000929c       0x54 CMakeFiles/hello_world.dir/pico-sdk/lib/lwip/src/core/pbuf.c.obj
                0x000000001000929c                pbuf_add_header
 .text.pbuf_remove_header
                0x00000000100092f0       0x44 CMakeFiles/hello_world.dir/pico-sdk/lib/lwip/src/core/pbuf.c.obj
                0x00000000100092f0                pbuf_remove_header
 .text.pbuf_header_force
                0x0000000010009334       0x78 CMakeFiles/hello_world.dir/pico-sdk/lib/lwip/src/core/pbuf.c.obj
                0x0000000010009334                pbuf_header_force
 .text.pbuf_free
                0x00000000100093ac       0x7c CMakeFiles/hello_world.dir/pico-sdk/lib/lwip/src/core/pbuf.c.obj
                0x00000000100093ac                pbuf_free
 .text.pbuf_clen
                0x0000000010009428       0x14 CMakeFiles/hello_world.dir/pico-sdk/lib/lwip/src/core/pbuf.c.obj
                0x0000000010009428                pbuf_clen
 .text.pbuf_ref
                0x000000001000943c       0x28 CMakeFiles/hello_world.dir/pico-sdk/lib/lwip/src/core/pbuf.c.obj
                0x000000001000943c                pbuf_ref
 .text.pbuf_cat
                0x0000000010009464       0x44 CMakeFiles/hello_world.dir/pico-sdk/lib/lwip/src/core/pbuf.c.obj
                0x0000000010009464                pbuf_cat
 .text.pbuf_chain
                0x00000000100094a8       0x6c CMakeFiles/hello_world.dir/pico-sdk/lib/lwip/src/core/pbuf.c.obj
                0x00000000100094a8                pbuf_chain
 .text.pbuf_copy_partial_pbuf
                0x0000000010009514      0x13c CMakeFiles/hello_world.dir/pico-sdk/lib/lwip/src/core/pbuf.c.obj
                0x0000000010009514                pbuf_copy_partial_pbuf
 .text.pbuf_copy
                0x0000000010009650       0x18 CMakeFiles/hello_world.dir/pico-sdk/lib/lwip/src/core/pbuf.c.obj
                0x0000000010009650                pbuf_copy
 .text.pbuf_copy_partial
                0x0000000010009668       0x70 CMakeFiles/hello_world.dir/pico-sdk/lib/lwip/src/core/pbuf.c.obj
                0x0000000010009668                pbuf_copy_partial
 .text.pbuf_get_contiguous
                0x00000000100096d8       0xa4 CMakeFiles/hello_world.dir/pico-sdk/lib/lwip/src/core/pbuf.c.obj
                0x00000000100096d8                pbuf_get_contiguous
 .text.pbuf_take
                0x000000001000977c       0x78 CMakeFiles/hello_world.dir/pico-sdk/lib/lwip/src/core/pbuf.c.obj
                0x000000001000977c                pbuf_take
 .text.pbuf_take_at
                0x00000000100097f4       0xcc CMakeFiles/hello_world.dir/pico-sdk/lib/lwip/src/core/pbuf.c.obj
                0x00000000100097f4                pbuf_take_at
 .text.pbuf_clone
                0x00000000100098c0       0x30 CMakeFiles/hello_world.dir/pico-sdk/lib/lwip/src/core/pbuf.c.obj
                0x00000000100098c0                pbuf_clone
 .text.pbuf_get_at
                0x00000000100098f0       0x20 CMakeFiles/hello_world.dir/pico-sdk/lib/lwip/src/core/pbuf.c.obj
                0x00000000100098f0                pbuf_get_at
 .text.pbuf_put_at
                0x0000000010009910       0x1c CMakeFiles/hello_world.dir/pico-sdk/lib/lwip/src/core/pbuf.c.obj
                0x0000000010009910                pbuf_put_at
 .text.raw_input
                0x000000001000992c       0xf4 CMakeFiles/hello_world.dir/pico-sdk/lib/lwip/src/core/raw.c.obj
                0x000000001000992c                raw_input
 .text.raw_netif_ip_addr_changed
                0x0000000010009a20       0x40 CMakeFiles/hello_world.dir/pico-sdk/lib/lwip/src/core/raw.c.obj
                0x0000000010009a20                raw_netif_ip_addr_changed
 .text.stats_init
                0x0000000010009a60        0x4 CMakeFiles/hello_world.dir/pico-sdk/lib/lwip/src/core/stats.c.obj
                0x0000000010009a60                stats_init
 .text.tcp_pcb_purge.part.1
                0x0000000010009a64       0x8c CMakeFiles/hello_world.dir/pico-sdk/lib/lwip/src/core/tcp.c.obj
 .text.tcp_init
                0x0000000010009af0       0x20 CMakeFiles/hello_world.dir/pico-sdk/lib/lwip/src/core/tcp.c.obj
                0x0000000010009af0                tcp_init
 .text.tcp_free
                0x0000000010009b10       0x1c CMakeFiles/hello_world.dir/pico-sdk/lib/lwip/src/core/tcp.c.obj
                0x0000000010009b10                tcp_free
 .text.tcp_bind
                0x0000000010009b2c       0xec CMakeFiles/hello_world.dir/pico-sdk/lib/lwip/src/core/tcp.c.obj
                0x0000000010009b2c                tcp_bind
 .text.tcp_update_rcv_ann_wnd
                0x0000000010009c18       0x60 CMakeFiles/hello_world.dir/pico-sdk/lib/lwip/src/core/tcp.c.obj
                0x0000000010009c18                tcp_update_rcv_ann_wnd
 .text.tcp_recved
                0x0000000010009c78       0x98 CMakeFiles/hello_world.dir/pico-sdk/lib/lwip/src/core/tcp.c.obj
                0x0000000010009c78                tcp_recved
 .text.tcp_connect
                0x0000000010009d10      0x1b0 CMakeFiles/hello_world.dir/pico-sdk/lib/lwip/src/core/tcp.c.obj
                0x0000000010009d10                tcp_connect
 .text.tcp_slowtmr
                0x0000000010009ec0      0x4d0 CMakeFiles/hello_world.dir/pico-sdk/lib/lwip/src/core/tcp.c.obj
                0x0000000010009ec0                tcp_slowtmr
 .text.tcp_segs_free
                0x000000001000a390       0x28 CMakeFiles/hello_world.dir/pico-sdk/lib/lwip/src/core/tcp.c.obj
                0x000000001000a390                tcp_segs_free
 .text.tcp_seg_free
                0x000000001000a3b8       0x20 CMakeFiles/hello_world.dir/pico-sdk/lib/lwip/src/core/tcp.c.obj
                0x000000001000a3b8                tcp_seg_free
 .text.tcp_seg_copy
                0x000000001000a3d8       0x2c CMakeFiles/hello_world.dir/pico-sdk/lib/lwip/src/core/tcp.c.obj
                0x000000001000a3d8                tcp_seg_copy
 .text.tcp_arg  0x000000001000a404        0x8 CMakeFiles/hello_world.dir/pico-sdk/lib/lwip/src/core/tcp.c.obj
                0x000000001000a404                tcp_arg
 .text.tcp_recv
                0x000000001000a40c       0x1c CMakeFiles/hello_world.dir/pico-sdk/lib/lwip/src/core/tcp.c.obj
                0x000000001000a40c                tcp_recv
 .text.tcp_sent
                0x000000001000a428       0x1c CMakeFiles/hello_world.dir/pico-sdk/lib/lwip/src/core/tcp.c.obj
                0x000000001000a428                tcp_sent
 .text.tcp_err  0x000000001000a444       0x1c CMakeFiles/hello_world.dir/pico-sdk/lib/lwip/src/core/tcp.c.obj
                0x000000001000a444                tcp_err
 .text.tcp_poll
                0x000000001000a460       0x20 CMakeFiles/hello_world.dir/pico-sdk/lib/lwip/src/core/tcp.c.obj
                0x000000001000a460                tcp_poll
 .text.tcp_pcb_purge
                0x000000001000a480       0x18 CMakeFiles/hello_world.dir/pico-sdk/lib/lwip/src/core/tcp.c.obj
                0x000000001000a480                tcp_pcb_purge
 .text.tcp_pcb_remove
                0x000000001000a498      0x120 CMakeFiles/hello_world.dir/pico-sdk/lib/lwip/src/core/tcp.c.obj
                0x000000001000a498                tcp_pcb_remove
 .text.tcp_close_shutdown
                0x000000001000a5b8      0x1ec CMakeFiles/hello_world.dir/pico-sdk/lib/lwip/src/core/tcp.c.obj
 .text.tcp_recv_null
                0x000000001000a7a4       0xcc CMakeFiles/hello_world.dir/pico-sdk/lib/lwip/src/core/tcp.c.obj
                0x000000001000a7a4                tcp_recv_null
 .text.tcp_process_refused_data
                0x000000001000a870      0x118 CMakeFiles/hello_world.dir/pico-sdk/lib/lwip/src/core/tcp.c.obj
                0x000000001000a870                tcp_process_refused_data
 .text.tcp_fasttmr
                0x000000001000a988      0x1dc CMakeFiles/hello_world.dir/pico-sdk/lib/lwip/src/core/tcp.c.obj
                0x000000001000a988                tcp_fasttmr
 .text.tcp_tmr  0x000000001000ab64       0x20 CMakeFiles/hello_world.dir/pico-sdk/lib/lwip/src/core/tcp.c.obj
                0x000000001000ab64                tcp_tmr
 .text.tcp_abandon
                0x000000001000ab84      0x188 CMakeFiles/hello_world.dir/pico-sdk/lib/lwip/src/core/tcp.c.obj
                0x000000001000ab84                tcp_abandon
 .text.tcp_abort
                0x000000001000ad0c        0xc CMakeFiles/hello_world.dir/pico-sdk/lib/lwip/src/core/tcp.c.obj
                0x000000001000ad0c                tcp_abort
 .text.tcp_kill_state
                0x000000001000ad18       0x5c CMakeFiles/hello_world.dir/pico-sdk/lib/lwip/src/core/tcp.c.obj
 .text.tcp_alloc
                0x000000001000ad74      0x1f4 CMakeFiles/hello_world.dir/pico-sdk/lib/lwip/src/core/tcp.c.obj
                0x000000001000ad74                tcp_alloc
 .text.tcp_new_ip_type
                0x000000001000af68      0x1d0 CMakeFiles/hello_world.dir/pico-sdk/lib/lwip/src/core/tcp.c.obj
                0x000000001000af68                tcp_new_ip_type
 .text.tcp_close
                0x000000001000b138      0x1dc CMakeFiles/hello_world.dir/pico-sdk/lib/lwip/src/core/tcp.c.obj
                0x000000001000b138                tcp_close
 .text.tcp_next_iss
                0x000000001000b314       0x28 CMakeFiles/hello_world.dir/pico-sdk/lib/lwip/src/core/tcp.c.obj
                0x000000001000b314                tcp_next_iss
 .text.tcp_eff_send_mss_netif
                0x000000001000b33c       0x3c CMakeFiles/hello_world.dir/pico-sdk/lib/lwip/src/core/tcp.c.obj
                0x000000001000b33c                tcp_eff_send_mss_netif
 .text.tcp_netif_ip_addr_changed
                0x000000001000b378       0x94 CMakeFiles/hello_world.dir/pico-sdk/lib/lwip/src/core/tcp.c.obj
                0x000000001000b378                tcp_netif_ip_addr_changed
 .text.tcp_free_ooseq
                0x000000001000b40c       0x2c CMakeFiles/hello_world.dir/pico-sdk/lib/lwip/src/core/tcp.c.obj
                0x000000001000b40c                tcp_free_ooseq
 .text.tcp_debug_print
                0x000000001000b438       0x10 CMakeFiles/hello_world.dir/pico-sdk/lib/lwip/src/core/tcp.c.obj
                0x000000001000b438                tcp_debug_print
 .text.tcp_pcbs_sane
                0x000000001000b448       0x68 CMakeFiles/hello_world.dir/pico-sdk/lib/lwip/src/core/tcp.c.obj
                0x000000001000b448                tcp_pcbs_sane
 .text.tcp_parseopt
                0x000000001000b4b0      0x188 CMakeFiles/hello_world.dir/pico-sdk/lib/lwip/src/core/tcp_in.c.obj
 .text.tcp_oos_insert_segment
                0x000000001000b638      0x108 CMakeFiles/hello_world.dir/pico-sdk/lib/lwip/src/core/tcp_in.c.obj
 .text.unlikely.tcp_input_delayed_close
                0x000000001000b740       0x4c CMakeFiles/hello_world.dir/pico-sdk/lib/lwip/src/core/tcp_in.c.obj
 .text.tcp_free_acked_segments.isra.1
                0x000000001000b78c       0xd4 CMakeFiles/hello_world.dir/pico-sdk/lib/lwip/src/core/tcp_in.c.obj
 .text.tcp_receive
                0x000000001000b860      0xa70 CMakeFiles/hello_world.dir/pico-sdk/lib/lwip/src/core/tcp_in.c.obj
 .text.tcp_input
                0x000000001000c2d0      0xe14 CMakeFiles/hello_world.dir/pico-sdk/lib/lwip/src/core/tcp_in.c.obj
                0x000000001000c2d0                tcp_input
 .text.tcp_trigger_input_pcb_close
                0x000000001000d0e4       0x10 CMakeFiles/hello_world.dir/pico-sdk/lib/lwip/src/core/tcp_in.c.obj
                0x000000001000d0e4                tcp_trigger_input_pcb_close
 .text.tcp_create_segment
                0x000000001000d0f4      0x114 CMakeFiles/hello_world.dir/pico-sdk/lib/lwip/src/core/tcp_out.c.obj
 .text.tcp_output_control_segment
                0x000000001000d208       0xc0 CMakeFiles/hello_world.dir/pico-sdk/lib/lwip/src/core/tcp_out.c.obj
 .text.tcp_write
                0x000000001000d2c8      0x46c CMakeFiles/hello_world.dir/pico-sdk/lib/lwip/src/core/tcp_out.c.obj
                0x000000001000d2c8                tcp_write
 .text.tcp_split_unsent_seg
                0x000000001000d734      0x1cc CMakeFiles/hello_world.dir/pico-sdk/lib/lwip/src/core/tcp_out.c.obj
                0x000000001000d734                tcp_split_unsent_seg
 .text.tcp_send_fin
                0x000000001000d900      0x134 CMakeFiles/hello_world.dir/pico-sdk/lib/lwip/src/core/tcp_out.c.obj
                0x000000001000d900                tcp_send_fin
 .text.tcp_enqueue_flags
                0x000000001000da34      0x128 CMakeFiles/hello_world.dir/pico-sdk/lib/lwip/src/core/tcp_out.c.obj
                0x000000001000da34                tcp_enqueue_flags
 .text.tcp_rexmit_rto_prepare
                0x000000001000db5c       0x94 CMakeFiles/hello_world.dir/pico-sdk/lib/lwip/src/core/tcp_out.c.obj
                0x000000001000db5c                tcp_rexmit_rto_prepare
 .text.tcp_rexmit
                0x000000001000dbf0       0x9c CMakeFiles/hello_world.dir/pico-sdk/lib/lwip/src/core/tcp_out.c.obj
                0x000000001000dbf0                tcp_rexmit
 .text.tcp_rexmit_fast
                0x000000001000dc8c       0xd4 CMakeFiles/hello_world.dir/pico-sdk/lib/lwip/src/core/tcp_out.c.obj
                0x000000001000dc8c                tcp_rexmit_fast
 .text.tcp_rst  0x000000001000dd60       0xe8 CMakeFiles/hello_world.dir/pico-sdk/lib/lwip/src/core/tcp_out.c.obj
                0x000000001000dd60                tcp_rst
 .text.tcp_rst_netif
                0x000000001000de48      0x124 CMakeFiles/hello_world.dir/pico-sdk/lib/lwip/src/core/tcp_out.c.obj
                0x000000001000de48                tcp_rst_netif
 .text.tcp_send_empty_ack
                0x000000001000df6c       0xf8 CMakeFiles/hello_world.dir/pico-sdk/lib/lwip/src/core/tcp_out.c.obj
                0x000000001000df6c                tcp_send_empty_ack
 .text.tcp_output
                0x000000001000e064      0x458 CMakeFiles/hello_world.dir/pico-sdk/lib/lwip/src/core/tcp_out.c.obj
                0x000000001000e064                tcp_output
 .text.tcp_rexmit_rto_commit
                0x000000001000e4bc       0x24 CMakeFiles/hello_world.dir/pico-sdk/lib/lwip/src/core/tcp_out.c.obj
                0x000000001000e4bc                tcp_rexmit_rto_commit
 .text.tcp_rexmit_rto
                0x000000001000e4e0       0x30 CMakeFiles/hello_world.dir/pico-sdk/lib/lwip/src/core/tcp_out.c.obj
                0x000000001000e4e0                tcp_rexmit_rto
 .text.tcp_keepalive
                0x000000001000e510       0xe0 CMakeFiles/hello_world.dir/pico-sdk/lib/lwip/src/core/tcp_out.c.obj
                0x000000001000e510                tcp_keepalive
 .text.tcp_zero_window_probe
                0x000000001000e5f0      0x1a4 CMakeFiles/hello_world.dir/pico-sdk/lib/lwip/src/core/tcp_out.c.obj
                0x000000001000e5f0                tcp_zero_window_probe
 .text.tcpip_tcp_timer
                0x000000001000e794       0x84 CMakeFiles/hello_world.dir/pico-sdk/lib/lwip/src/core/timeouts.c.obj
 .text.lwip_cyclic_timer
                0x000000001000e818       0xa8 CMakeFiles/hello_world.dir/pico-sdk/lib/lwip/src/core/timeouts.c.obj
 .text.tcp_timer_needed
                0x000000001000e8c0       0x84 CMakeFiles/hello_world.dir/pico-sdk/lib/lwip/src/core/timeouts.c.obj
                0x000000001000e8c0                tcp_timer_needed
 .text.sys_timeouts_init
                0x000000001000e944       0x94 CMakeFiles/hello_world.dir/pico-sdk/lib/lwip/src/core/timeouts.c.obj
                0x000000001000e944                sys_timeouts_init
 .text.sys_timeout
                0x000000001000e9d8       0x70 CMakeFiles/hello_world.dir/pico-sdk/lib/lwip/src/core/timeouts.c.obj
                0x000000001000e9d8                sys_timeout
 .text.sys_untimeout
                0x000000001000ea48       0x40 CMakeFiles/hello_world.dir/pico-sdk/lib/lwip/src/core/timeouts.c.obj
                0x000000001000ea48                sys_untimeout
 .text.sys_check_timeouts
                0x000000001000ea88       0x68 CMakeFiles/hello_world.dir/pico-sdk/lib/lwip/src/core/timeouts.c.obj
                0x000000001000ea88                sys_check_timeouts
 .text.sys_timeouts_sleeptime
                0x000000001000eaf0       0x28 CMakeFiles/hello_world.dir/pico-sdk/lib/lwip/src/core/timeouts.c.obj
                0x000000001000eaf0                sys_timeouts_sleeptime
 .text.udp_init
                0x000000001000eb18       0x20 CMakeFiles/hello_world.dir/pico-sdk/lib/lwip/src/core/udp.c.obj
                0x000000001000eb18                udp_init
 .text.udp_input
                0x000000001000eb38      0x23c CMakeFiles/hello_world.dir/pico-sdk/lib/lwip/src/core/udp.c.obj
                0x000000001000eb38                udp_input
 .text.udp_bind
                0x000000001000ed74      0x104 CMakeFiles/hello_world.dir/pico-sdk/lib/lwip/src/core/udp.c.obj
                0x000000001000ed74                udp_bind
 .text.udp_sendto_if_src
                0x000000001000ee78      0x130 CMakeFiles/hello_world.dir/pico-sdk/lib/lwip/src/core/udp.c.obj
                0x000000001000ee78                udp_sendto_if_src
 .text.udp_sendto_if
                0x000000001000efa8      0x15c CMakeFiles/hello_world.dir/pico-sdk/lib/lwip/src/core/udp.c.obj
                0x000000001000efa8                udp_sendto_if
 .text.udp_sendto
                0x000000001000f104      0x188 CMakeFiles/hello_world.dir/pico-sdk/lib/lwip/src/core/udp.c.obj
                0x000000001000f104                udp_sendto
 .text.udp_connect
                0x000000001000f28c       0x64 CMakeFiles/hello_world.dir/pico-sdk/lib/lwip/src/core/udp.c.obj
                0x000000001000f28c                udp_connect
 .text.udp_recv
                0x000000001000f2f0        0xc CMakeFiles/hello_world.dir/pico-sdk/lib/lwip/src/core/udp.c.obj
                0x000000001000f2f0                udp_recv
 .text.udp_remove
                0x000000001000f2fc       0x48 CMakeFiles/hello_world.dir/pico-sdk/lib/lwip/src/core/udp.c.obj
                0x000000001000f2fc                udp_remove
 .text.udp_new  0x000000001000f344       0x1c CMakeFiles/hello_world.dir/pico-sdk/lib/lwip/src/core/udp.c.obj
                0x000000001000f344                udp_new
 .text.udp_netif_ip_addr_changed
                0x000000001000f360       0x40 CMakeFiles/hello_world.dir/pico-sdk/lib/lwip/src/core/udp.c.obj
                0x000000001000f360                udp_netif_ip_addr_changed
 .text.unlikely.dhcp_bind
                0x000000001000f3a0       0xf0 CMakeFiles/hello_world.dir/pico-sdk/lib/lwip/src/core/ipv4/dhcp.c.obj
 .text.unlikely.dhcp_handle_ack.isra.3
                0x000000001000f490       0xc4 CMakeFiles/hello_world.dir/pico-sdk/lib/lwip/src/core/ipv4/dhcp.c.obj
 .text.dhcp_create_msg.constprop.4
                0x000000001000f554      0x10c CMakeFiles/hello_world.dir/pico-sdk/lib/lwip/src/core/ipv4/dhcp.c.obj
 .text.dhcp_discover
                0x000000001000f660      0x1a0 CMakeFiles/hello_world.dir/pico-sdk/lib/lwip/src/core/ipv4/dhcp.c.obj
 .text.dhcp_reboot
                0x000000001000f800      0x258 CMakeFiles/hello_world.dir/pico-sdk/lib/lwip/src/core/ipv4/dhcp.c.obj
 .text.dhcp_select
                0x000000001000fa58      0x2e0 CMakeFiles/hello_world.dir/pico-sdk/lib/lwip/src/core/ipv4/dhcp.c.obj
 .text.dhcp_recv
                0x000000001000fd38      0x4ac CMakeFiles/hello_world.dir/pico-sdk/lib/lwip/src/core/ipv4/dhcp.c.obj
 .text.dhcp_set_struct
                0x00000000100101e4       0x44 CMakeFiles/hello_world.dir/pico-sdk/lib/lwip/src/core/ipv4/dhcp.c.obj
                0x00000000100101e4                dhcp_set_struct
 .text.dhcp_network_changed_link_up
                0x0000000010010228       0x40 CMakeFiles/hello_world.dir/pico-sdk/lib/lwip/src/core/ipv4/dhcp.c.obj
                0x0000000010010228                dhcp_network_changed_link_up
 .text.dhcp_renew
                0x0000000010010268      0x1f4 CMakeFiles/hello_world.dir/pico-sdk/lib/lwip/src/core/ipv4/dhcp.c.obj
                0x0000000010010268                dhcp_renew
 .text.dhcp_release_and_stop
                0x000000001001045c      0x1d8 CMakeFiles/hello_world.dir/pico-sdk/lib/lwip/src/core/ipv4/dhcp.c.obj
                0x000000001001045c                dhcp_release_and_stop
 .text.dhcp_start
                0x0000000010010634      0x124 CMakeFiles/hello_world.dir/pico-sdk/lib/lwip/src/core/ipv4/dhcp.c.obj
                0x0000000010010634                dhcp_start
 .text.dhcp_coarse_tmr
                0x0000000010010758      0x290 CMakeFiles/hello_world.dir/pico-sdk/lib/lwip/src/core/ipv4/dhcp.c.obj
                0x0000000010010758                dhcp_coarse_tmr
 .text.dhcp_fine_tmr
                0x00000000100109e8       0x78 CMakeFiles/hello_world.dir/pico-sdk/lib/lwip/src/core/ipv4/dhcp.c.obj
                0x00000000100109e8                dhcp_fine_tmr
 .text.dhcp_stop
                0x0000000010010a60      0x1d8 CMakeFiles/hello_world.dir/pico-sdk/lib/lwip/src/core/ipv4/dhcp.c.obj
                0x0000000010010a60                dhcp_stop
 .text.etharp_find_entry
                0x0000000010010c38     0x1388 CMakeFiles/hello_world.dir/pico-sdk/lib/lwip/src/core/ipv4/etharp.c.obj
 .text.etharp_raw
                0x0000000010011fc0       0xf4 CMakeFiles/hello_world.dir/pico-sdk/lib/lwip/src/core/ipv4/etharp.c.obj
 .text.etharp_output_to_arp_index
                0x00000000100120b4       0xf4 CMakeFiles/hello_world.dir/pico-sdk/lib/lwip/src/core/ipv4/etharp.c.obj
 .text.etharp_tmr
                0x00000000100121a8       0xa0 CMakeFiles/hello_world.dir/pico-sdk/lib/lwip/src/core/ipv4/etharp.c.obj
                0x00000000100121a8                etharp_tmr
 .text.etharp_cleanup_netif
                0x0000000010012248      0x184 CMakeFiles/hello_world.dir/pico-sdk/lib/lwip/src/core/ipv4/etharp.c.obj
                0x0000000010012248                etharp_cleanup_netif
 .text.etharp_input
                0x00000000100123cc      0x1b0 CMakeFiles/hello_world.dir/pico-sdk/lib/lwip/src/core/ipv4/etharp.c.obj
                0x00000000100123cc                etharp_input
 .text.etharp_query
                0x000000001001257c      0x1bc CMakeFiles/hello_world.dir/pico-sdk/lib/lwip/src/core/ipv4/etharp.c.obj
                0x000000001001257c                etharp_query
 .text.etharp_output
                0x0000000010012738      0x240 CMakeFiles/hello_world.dir/pico-sdk/lib/lwip/src/core/ipv4/etharp.c.obj
                0x0000000010012738                etharp_output
 .text.etharp_request
                0x0000000010012978       0xf8 CMakeFiles/hello_world.dir/pico-sdk/lib/lwip/src/core/ipv4/etharp.c.obj
                0x0000000010012978                etharp_request
 .text.icmp_input
                0x0000000010012a70      0x1fc CMakeFiles/hello_world.dir/pico-sdk/lib/lwip/src/core/ipv4/icmp.c.obj
                0x0000000010012a70                icmp_input
 .text.icmp_dest_unreach
                0x0000000010012c6c       0xcc CMakeFiles/hello_world.dir/pico-sdk/lib/lwip/src/core/ipv4/icmp.c.obj
                0x0000000010012c6c                icmp_dest_unreach
 .text.icmp_time_exceeded
                0x0000000010012d38       0xcc CMakeFiles/hello_world.dir/pico-sdk/lib/lwip/src/core/ipv4/icmp.c.obj
                0x0000000010012d38                icmp_time_exceeded
 .text.ip_reass_free_complete_datagram
                0x0000000010012e04      0x110 CMakeFiles/hello_world.dir/pico-sdk/lib/lwip/src/core/ipv4/ip4_frag.c.obj
 .text.ip_reass_tmr
                0x0000000010012f14       0x38 CMakeFiles/hello_world.dir/pico-sdk/lib/lwip/src/core/ipv4/ip4_frag.c.obj
                0x0000000010012f14                ip_reass_tmr
 .text.ip4_reass
                0x0000000010012f4c      0x68c CMakeFiles/hello_world.dir/pico-sdk/lib/lwip/src/core/ipv4/ip4_frag.c.obj
                0x0000000010012f4c                ip4_reass
 .text.ip4_frag
                0x00000000100135d8      0x184 CMakeFiles/hello_world.dir/pico-sdk/lib/lwip/src/core/ipv4/ip4_frag.c.obj
                0x00000000100135d8                ip4_frag
 .text.ip4_route
                0x000000001001375c       0x7c CMakeFiles/hello_world.dir/pico-sdk/lib/lwip/src/core/ipv4/ip4.c.obj
                0x000000001001375c                ip4_route
 .text.ip4_input
                0x00000000100137d8      0x2d4 CMakeFiles/hello_world.dir/pico-sdk/lib/lwip/src/core/ipv4/ip4.c.obj
                0x00000000100137d8                ip4_input
 .text.ip4_output_if
                0x0000000010013aac      0x190 CMakeFiles/hello_world.dir/pico-sdk/lib/lwip/src/core/ipv4/ip4.c.obj
                0x0000000010013aac                ip4_output_if
 .text.ip4_output_if_src
                0x0000000010013c3c      0x180 CMakeFiles/hello_world.dir/pico-sdk/lib/lwip/src/core/ipv4/ip4.c.obj
                0x0000000010013c3c                ip4_output_if_src
 .text.ip4_addr_isbroadcast_u32
                0x0000000010013dbc       0x30 CMakeFiles/hello_world.dir/pico-sdk/lib/lwip/src/core/ipv4/ip4_addr.c.obj
                0x0000000010013dbc                ip4_addr_isbroadcast_u32
 .text.ip4addr_aton
                0x0000000010013dec      0x19c CMakeFiles/hello_world.dir/pico-sdk/lib/lwip/src/core/ipv4/ip4_addr.c.obj
                0x0000000010013dec                ip4addr_aton
 .text.ethernet_input
                0x0000000010013f88       0xd0 CMakeFiles/hello_world.dir/pico-sdk/lib/lwip/src/netif/ethernet.c.obj
                0x0000000010013f88                ethernet_input
 .text.ethernet_output
                0x0000000010014058       0x6c CMakeFiles/hello_world.dir/pico-sdk/lib/lwip/src/netif/ethernet.c.obj
                0x0000000010014058                ethernet_output
 .text.cyw43_arch_wifi_connect_bssid_until.part.0
                0x00000000100140c4       0xd4 CMakeFiles/hello_world.dir/pico-sdk/src/rp2_common/pico_cyw43_arch/cyw43_arch.c.obj
 .text.cyw43_arch_set_async_context
                0x0000000010014198        0xc CMakeFiles/hello_world.dir/pico-sdk/src/rp2_common/pico_cyw43_arch/cyw43_arch.c.obj
                0x0000000010014198                cyw43_arch_set_async_context
 .text.cyw43_arch_enable_sta_mode
                0x00000000100141a4       0x1c CMakeFiles/hello_world.dir/pico-sdk/src/rp2_common/pico_cyw43_arch/cyw43_arch.c.obj
                0x00000000100141a4                cyw43_arch_enable_sta_mode
 .text.cyw43_arch_wifi_connect_timeout_ms
                0x00000000100141c0       0x98 CMakeFiles/hello_world.dir/pico-sdk/src/rp2_common/pico_cyw43_arch/cyw43_arch.c.obj
                0x00000000100141c0                cyw43_arch_wifi_connect_timeout_ms
 .text.cyw43_arch_init_with_country
                0x0000000010014258       0x10 CMakeFiles/hello_world.dir/pico-sdk/src/rp2_common/pico_cyw43_arch/cyw43_arch.c.obj
                0x0000000010014258                cyw43_arch_init_with_country
 .text.cyw43_arch_gpio_put
                0x0000000010014268       0x14 CMakeFiles/hello_world.dir/pico-sdk/src/rp2_common/pico_cyw43_arch/cyw43_arch.c.obj
                0x0000000010014268                cyw43_arch_gpio_put
 .text.cyw43_arch_async_context
                0x000000001001427c        0xc CMakeFiles/hello_world.dir/pico-sdk/src/rp2_common/pico_cyw43_arch/cyw43_arch.c.obj
                0x000000001001427c                cyw43_arch_async_context
 .text.cyw43_arch_init
                0x0000000010014288       0x7c CMakeFiles/hello_world.dir/pico-sdk/src/rp2_common/pico_cyw43_arch/cyw43_arch_threadsafe_background.c.obj
                0x0000000010014288                cyw43_arch_init
 .text.ns_delay.constprop.17
                0x0000000010014304       0x20 CMakeFiles/hello_world.dir/pico-sdk/src/rp2_common/pico_cyw43_driver/cyw43_bus_pio_spi.c.obj
 .text.cyw43_spi_transfer.constprop.16
                0x0000000010014324      0x1e4 CMakeFiles/hello_world.dir/pico-sdk/src/rp2_common/pico_cyw43_driver/cyw43_bus_pio_spi.c.obj
 .text.cyw43_spi_transfer.constprop.15
                0x0000000010014508      0x264 CMakeFiles/hello_world.dir/pico-sdk/src/rp2_common/pico_cyw43_driver/cyw43_bus_pio_spi.c.obj
 .text.cyw43_spi_init
                0x000000001001476c      0x1cc CMakeFiles/hello_world.dir/pico-sdk/src/rp2_common/pico_cyw43_driver/cyw43_bus_pio_spi.c.obj
                0x000000001001476c                cyw43_spi_init
 .text.cyw43_spi_deinit
                0x0000000010014938       0x70 CMakeFiles/hello_world.dir/pico-sdk/src/rp2_common/pico_cyw43_driver/cyw43_bus_pio_spi.c.obj
                0x0000000010014938                cyw43_spi_deinit
 .text.cyw43_spi_gpio_setup
                0x00000000100149a8       0x3c CMakeFiles/hello_world.dir/pico-sdk/src/rp2_common/pico_cyw43_driver/cyw43_bus_pio_spi.c.obj
                0x00000000100149a8                cyw43_spi_gpio_setup
 .text.cyw43_spi_reset
                0x00000000100149e4       0x28 CMakeFiles/hello_world.dir/pico-sdk/src/rp2_common/pico_cyw43_driver/cyw43_bus_pio_spi.c.obj
                0x00000000100149e4                cyw43_spi_reset
 .text.read_reg_u32_swap
                0x0000000010014a0c       0x44 CMakeFiles/hello_world.dir/pico-sdk/src/rp2_common/pico_cyw43_driver/cyw43_bus_pio_spi.c.obj
                0x0000000010014a0c                read_reg_u32_swap
 .text.cyw43_read_reg_u32
                0x0000000010014a50       0x5c CMakeFiles/hello_world.dir/pico-sdk/src/rp2_common/pico_cyw43_driver/cyw43_bus_pio_spi.c.obj
                0x0000000010014a50                cyw43_read_reg_u32
 .text.cyw43_read_reg_u16
                0x0000000010014aac       0x5c CMakeFiles/hello_world.dir/pico-sdk/src/rp2_common/pico_cyw43_driver/cyw43_bus_pio_spi.c.obj
                0x0000000010014aac                cyw43_read_reg_u16
 .text.cyw43_read_reg_u8
                0x0000000010014b08       0x5c CMakeFiles/hello_world.dir/pico-sdk/src/rp2_common/pico_cyw43_driver/cyw43_bus_pio_spi.c.obj
                0x0000000010014b08                cyw43_read_reg_u8
 .text.write_reg_u32_swap
                0x0000000010014b64      0x1e8 CMakeFiles/hello_world.dir/pico-sdk/src/rp2_common/pico_cyw43_driver/cyw43_bus_pio_spi.c.obj
                0x0000000010014b64                write_reg_u32_swap
 .text.cyw43_write_reg_u32
                0x0000000010014d4c      0x208 CMakeFiles/hello_world.dir/pico-sdk/src/rp2_common/pico_cyw43_driver/cyw43_bus_pio_spi.c.obj
                0x0000000010014d4c                cyw43_write_reg_u32
 .text.cyw43_write_reg_u16
                0x0000000010014f54      0x208 CMakeFiles/hello_world.dir/pico-sdk/src/rp2_common/pico_cyw43_driver/cyw43_bus_pio_spi.c.obj
                0x0000000010014f54                cyw43_write_reg_u16
 .text.cyw43_write_reg_u8
                0x000000001001515c      0x208 CMakeFiles/hello_world.dir/pico-sdk/src/rp2_common/pico_cyw43_driver/cyw43_bus_pio_spi.c.obj
                0x000000001001515c                cyw43_write_reg_u8
 .text.cyw43_read_bytes
                0x0000000010015364       0x7c CMakeFiles/hello_world.dir/pico-sdk/src/rp2_common/pico_cyw43_driver/cyw43_bus_pio_spi.c.obj
                0x0000000010015364                cyw43_read_bytes
 .text.cyw43_write_bytes
                0x00000000100153e0       0xdc CMakeFiles/hello_world.dir/pico-sdk/src/rp2_common/pico_cyw43_driver/cyw43_bus_pio_spi.c.obj
                0x00000000100153e0                cyw43_write_bytes
 .text.cyw43_ll_parse_async_event
                0x00000000100154bc      0x100 CMakeFiles/hello_world.dir/pico-sdk/lib/cyw43-driver/src/cyw43_ll.c.obj
 .text.cyw43_ll_sdpcm_poll_device
                0x00000000100155bc      0x2b4 CMakeFiles/hello_world.dir/pico-sdk/lib/cyw43-driver/src/cyw43_ll.c.obj
 .text.cyw43_sdpcm_send_common
                0x0000000010015870      0x15c CMakeFiles/hello_world.dir/pico-sdk/lib/cyw43-driver/src/cyw43_ll.c.obj
 .text.cyw43_do_ioctl
                0x00000000100159cc      0x110 CMakeFiles/hello_world.dir/pico-sdk/lib/cyw43-driver/src/cyw43_ll.c.obj
 .text.cyw43_do_ioctl.constprop.9
                0x0000000010015adc      0x10c CMakeFiles/hello_world.dir/pico-sdk/lib/cyw43-driver/src/cyw43_ll.c.obj
 .text.reset_device_core.constprop.8
                0x0000000010015be8      0x6b4 CMakeFiles/hello_world.dir/pico-sdk/lib/cyw43-driver/src/cyw43_ll.c.obj
 .text.cyw43_ll_init
                0x000000001001629c       0x20 CMakeFiles/hello_world.dir/pico-sdk/lib/cyw43-driver/src/cyw43_ll.c.obj
                0x000000001001629c                cyw43_ll_init
 .text.cyw43_ll_deinit
                0x00000000100162bc        0x8 CMakeFiles/hello_world.dir/pico-sdk/lib/cyw43-driver/src/cyw43_ll.c.obj
                0x00000000100162bc                cyw43_ll_deinit
 .text.cyw43_ll_send_ethernet
                0x00000000100162c4       0x5c CMakeFiles/hello_world.dir/pico-sdk/lib/cyw43-driver/src/cyw43_ll.c.obj
                0x00000000100162c4                cyw43_ll_send_ethernet
 .text.cyw43_ll_process_packets
                0x0000000010016320       0x54 CMakeFiles/hello_world.dir/pico-sdk/lib/cyw43-driver/src/cyw43_ll.c.obj
                0x0000000010016320                cyw43_ll_process_packets
 .text.cyw43_ll_ioctl
                0x0000000010016374       0x20 CMakeFiles/hello_world.dir/pico-sdk/lib/cyw43-driver/src/cyw43_ll.c.obj
                0x0000000010016374                cyw43_ll_ioctl
 .text.cyw43_ll_bus_sleep
                0x0000000010016394       0xd8 CMakeFiles/hello_world.dir/pico-sdk/lib/cyw43-driver/src/cyw43_ll.c.obj
                0x0000000010016394                cyw43_ll_bus_sleep
 .text.cyw43_ll_bus_init
                0x000000001001646c      0xf7c CMakeFiles/hello_world.dir/pico-sdk/lib/cyw43-driver/src/cyw43_ll.c.obj
                0x000000001001646c                cyw43_ll_bus_init
 .text.cyw43_ll_wifi_on
                0x00000000100173e8      0x230 CMakeFiles/hello_world.dir/pico-sdk/lib/cyw43-driver/src/cyw43_ll.c.obj
                0x00000000100173e8                cyw43_ll_wifi_on