Archive member included to satisfy reference by file (symbol)

/usr/lib/gcc/arm-none-eabi/6.3.1/thumb/v6-m/libgcc.a(_dvmd_tls.o)
                              CMakeFiles/pico_air_monitor.dir/pico-sdk/src/rp2_common/pico_divider/divider.S.obj (__aeabi_idiv0)
/usr/lib/gcc/arm-none-eabi/6.3.1/../../../arm-none-eabi/lib/thumb/v6-m/libc.a(lib_a-atexit.o)
                              /usr/lib/gcc/arm-none-eabi/6.3.1/../../../arm-none-eabi/lib/thumb/v6-m/crt0.o (atexit)
/usr/lib/gcc/arm-none-eabi/6.3.1/../../../arm-none-eabi/lib/thumb/v6-m/libc.a(lib_a-atoi.o)
                              CMakeFiles/pico_air_monitor.dir/pico-sdk/lib/lwip/src/core/netif.c.obj (atoi)
/usr/lib/gcc/arm-none-eabi/6.3.1/../../../arm-none-eabi/lib/thumb/v6-m/libc.a(lib_a-calloc.o)
                              CMakeFiles/pico_air_monitor.dir/pico-sdk/src/rp2_common/pico_malloc/pico_malloc.c.obj (calloc)
/usr/lib/gcc/arm-none-eabi/6.3.1/../../../arm-none-eabi/lib/thumb/v6-m/libc.a(lib_a-callocr.o)
                              /usr/lib/gcc/arm-none-eabi/6.3.1/../../../arm-none-eabi/lib/thumb/v6-m/libc.a(lib_a-calloc.o) (_calloc_r)
/usr/lib/gcc/arm-none-eabi/6.3.1/../../../arm-none-eabi/lib/thumb/v6-m/libc.a(lib_a-ctype_.o)
                              CMakeFiles/pico_air_monitor.dir/pico-sdk/lib/lwip/src/core/dns.c.obj (__ctype_ptr__)
/usr/lib/gcc/arm-none-eabi/6.3.1/../../../arm-none-eabi/lib/thumb/v6-m/libc.a(lib_a-fini.o)
                              /usr/lib/gcc/arm-none-eabi/6.3.1/../../../arm-none-eabi/lib/thumb/v6-m/crt0.o (__libc_fini_array)
/usr/lib/gcc/arm-none-eabi/6.3.1/../../../arm-none-eabi/lib/thumb/v6-m/libc.a(lib_a-impure.o)
                              CMakeFiles/pico_air_monitor.dir/pico-sdk/src/common/pico_util/pheap.c.obj (_impure_ptr)
/usr/lib/gcc/arm-none-eabi/6.3.1/../../../arm-none-eabi/lib/thumb/v6-m/libc.a(lib_a-init.o)
                              /usr/lib/gcc/arm-none-eabi/6.3.1/../../../arm-none-eabi/lib/thumb/v6-m/crt0.o (__libc_init_array)
/usr/lib/gcc/arm-none-eabi/6.3.1/../../../arm-none-eabi/lib/thumb/v6-m/libc.a(lib_a-malloc.o)
                              CMakeFiles/pico_air_monitor.dir/pico-sdk/src/rp2_common/pico_malloc/pico_malloc.c.obj (malloc)
/usr/lib/gcc/arm-none-eabi/6.3.1/../../../arm-none-eabi/lib/thumb/v6-m/libc.a(lib_a-mallocr.o)
                              /usr/lib/gcc/arm-none-eabi/6.3.1/../../../arm-none-eabi/lib/thumb/v6-m/libc.a(lib_a-callocr.o) (_malloc_r)
/usr/lib/gcc/arm-none-eabi/6.3.1/../../../arm-none-eabi/lib/thumb/v6-m/libc.a(lib_a-memcmp.o)
                              CMakeFiles/pico_air_monitor.dir/pico-sdk/lib/lwip/src/netif/ethernet.c.obj (memcmp)
/usr/lib/gcc/arm-none-eabi/6.3.1/../../../arm-none-eabi/lib/thumb/v6-m/libc.a(lib_a-memmove.o)
                              CMakeFiles/pico_air_monitor.dir/pico-sdk/lib/lwip/src/core/def.c.obj (memmove)
/usr/lib/gcc/arm-none-eabi/6.3.1/../../../arm-none-eabi/lib/thumb/v6-m/libc.a(lib_a-mlock.o)
                              /usr/lib/gcc/arm-none-eabi/6.3.1/../../../arm-none-eabi/lib/thumb/v6-m/libc.a(lib_a-mallocr.o) (__malloc_lock)
/usr/lib/gcc/arm-none-eabi/6.3.1/../../../arm-none-eabi/lib/thumb/v6-m/libc.a(lib_a-realloc.o)
                              CMakeFiles/pico_air_monitor.dir/pico-sdk/src/rp2_common/pico_malloc/pico_malloc.c.obj (realloc)
/usr/lib/gcc/arm-none-eabi/6.3.1/../../../arm-none-eabi/lib/thumb/v6-m/libc.a(lib_a-reallocr.o)
                              /usr/lib/gcc/arm-none-eabi/6.3.1/../../../arm-none-eabi/lib/thumb/v6-m/libc.a(lib_a-realloc.o) (_realloc_r)
/usr/lib/gcc/arm-none-eabi/6.3.1/../../../arm-none-eabi/lib/thumb/v6-m/libc.a(lib_a-sbrkr.o)
                              /usr/lib/gcc/arm-none-eabi/6.3.1/../../../arm-none-eabi/lib/thumb/v6-m/libc.a(lib_a-mallocr.o) (_sbrk_r)
/usr/lib/gcc/arm-none-eabi/6.3.1/../../../arm-none-eabi/lib/thumb/v6-m/libc.a(lib_a-strlen-stub.o)
                              CMakeFiles/pico_air_monitor.dir/main.c.obj (strlen)
/usr/lib/gcc/arm-none-eabi/6.3.1/../../../arm-none-eabi/lib/thumb/v6-m/libc.a(lib_a-strncmp.o)
                              CMakeFiles/pico_air_monitor.dir/pico-sdk/lib/lwip/src/core/def.c.obj (strncmp)
/usr/lib/gcc/arm-none-eabi/6.3.1/../../../arm-none-eabi/lib/thumb/v6-m/libc.a(lib_a-strtol.o)
                              /usr/lib/gcc/arm-none-eabi/6.3.1/../../../arm-none-eabi/lib/thumb/v6-m/libc.a(lib_a-atoi.o) (_strtol_r)
/usr/lib/gcc/arm-none-eabi/6.3.1/../../../arm-none-eabi/lib/thumb/v6-m/libc.a(lib_a-wbuf.o)
                              CMakeFiles/pico_air_monitor.dir/pico-sdk/src/common/pico_util/pheap.c.obj (__swbuf_r)
/usr/lib/gcc/arm-none-eabi/6.3.1/../../../arm-none-eabi/lib/thumb/v6-m/libc.a(lib_a-wsetup.o)
                              /usr/lib/gcc/arm-none-eabi/6.3.1/../../../arm-none-eabi/lib/thumb/v6-m/libc.a(lib_a-wbuf.o) (__swsetup_r)
/usr/lib/gcc/arm-none-eabi/6.3.1/../../../arm-none-eabi/lib/thumb/v6-m/libc.a(lib_a-__atexit.o)
[...]
Memory Configuration

Name             Origin             Length             Attributes
FLASH            0x0000000010000000 0x0000000000200000 xr
RAM              0x0000000020000000 0x0000000000040000 xrw
SCRATCH_X        0x0000000020040000 0x0000000000001000 xrw
SCRATCH_Y        0x0000000020041000 0x0000000000001000 xrw
*default*        0x0000000000000000 0xffffffffffffffff

Linker script and memory map

LOAD /usr/lib/gcc/arm-none-eabi/6.3.1/thumb/v6-m/crti.o
LOAD /usr/lib/gcc/arm-none-eabi/6.3.1/thumb/v6-m/crtbegin.o
LOAD /usr/lib/gcc/arm-none-eabi/6.3.1/../../../arm-none-eabi/lib/thumb/v6-m/crt0.o

.flash_begin    0x0000000010000000        0x0
                0x0000000010000000                __flash_binary_start = .

.boot2          0x0000000010000000      0x100
                0x0000000010000000                __boot2_start__ = .
 *(.boot2)
 .boot2         0x0000000010000000      0x100 /tmp/cc8e7Dtf.o
                0x0000000010000100                __boot2_end__ = .
                0x0000000000000001                ASSERT (((__boot2_end__ - __boot2_start__) == 0x100), ERROR: Pico second stage bootloader must be 256 bytes in size)

.text           0x0000000010000100    0x1c030
                0x0000000010000100                __logical_binary_start = .
 *(.vectors)
 .vectors       0x0000000010000100       0xd4 CMakeFiles/pico_air_monitor.dir/pico-sdk/src/rp2_common/pico_standard_link/crt0.S.obj
                0x0000000010000100                __vectors
                0x0000000010000100                __VECTOR_TABLE
                0x00000000100001c0                isr_invalid
                0x00000000100001c0                __default_isrs_start
                0x00000000100001c2                isr_nmi
                0x00000000100001c4                isr_hardfault
                0x00000000100001c6                isr_svcall
                0x00000000100001c8                isr_pendsv
                0x00000000100001ca                isr_systick
                0x00000000100001cc                isr_irq30
                0x00000000100001cc                __unhandled_user_irq
                0x00000000100001cc                isr_irq13
                0x00000000100001cc                isr_irq27
                0x00000000100001cc                isr_irq31
                0x00000000100001cc                isr_irq5
                0x00000000100001cc                isr_irq11
                0x00000000100001cc                isr_irq23
                0x00000000100001cc                isr_irq18
                0x00000000100001cc                isr_irq28
                0x00000000100001cc                isr_irq19
                0x00000000100001cc                isr_irq0
                0x00000000100001cc                isr_irq6
                0x00000000100001cc                isr_irq22
                0x00000000100001cc                isr_irq17
                0x00000000100001cc                isr_irq14
                0x00000000100001cc                isr_irq2
                0x00000000100001cc                isr_irq10
                0x00000000100001cc                isr_irq8
                0x00000000100001cc                isr_irq24
                0x00000000100001cc                isr_irq1
                0x00000000100001cc                isr_irq7
                0x00000000100001cc                isr_irq21
                0x00000000100001cc                isr_irq20
                0x00000000100001cc                isr_irq15
                0x00000000100001cc                isr_irq25
                0x00000000100001cc                isr_irq4
                0x00000000100001cc                isr_irq16
                0x00000000100001cc                isr_irq29
                0x00000000100001cc                isr_irq26
                0x00000000100001cc                __default_isrs_end
                0x00000000100001cc                isr_irq3
                0x00000000100001cc                isr_irq12
                0x00000000100001cc                isr_irq9
                0x00000000100001d2                unhandled_user_irq_num_in_r0
 *(.binary_info_header)
 .binary_info_header
                0x00000000100001d4       0x14 CMakeFiles/pico_air_monitor.dir/pico-sdk/src/rp2_common/pico_standard_link/crt0.S.obj
                0x00000000100001e8                __binary_info_header_end = .
 *(.reset)
 .reset         0x00000000100001e8       0xa0 CMakeFiles/pico_air_monitor.dir/pico-sdk/src/rp2_common/pico_standard_link/crt0.S.obj
                0x00000000100001e8                _entry_point
 .reset         0x0000000010000288       0x30 CMakeFiles/pico_air_monitor.dir/pico-sdk/src/rp2_common/pico_standard_link/binary_info.c.obj
 *(.init)
 .init          0x00000000100002b8        0x4 /usr/lib/gcc/arm-none-eabi/6.3.1/thumb/v6-m/crti.o
                0x00000000100002b8                _init
 *(EXCLUDE_FILE(*libm.a: *libc.a:*lib_a-mem*.o *libgcc.a:) .text*)
 .text          0x00000000100002bc       0xb4 /usr/lib/gcc/arm-none-eabi/6.3.1/thumb/v6-m/crtbegin.o
 .text.mqtt_pub_request_cb
                0x0000000010000370       0x14 CMakeFiles/pico_air_monitor.dir/main.c.obj
                0x0000000010000370                mqtt_pub_request_cb
 .text.mqtt_connection_cb
                0x0000000010000384       0x20 CMakeFiles/pico_air_monitor.dir/main.c.obj
 .text.do_connect
                0x00000000100003a4       0x44 CMakeFiles/pico_air_monitor.dir/main.c.obj
                0x00000000100003a4                do_connect
 .text.startup.main
                0x00000000100003e8      0x300 CMakeFiles/pico_air_monitor.dir/main.c.obj
                0x00000000100003e8                main
 .text.bme280_init
                0x00000000100006e8       0x54 CMakeFiles/pico_air_monitor.dir/bme280.c.obj
                0x00000000100006e8                bme280_init
 .text.bme280_read_raw
                0x000000001000073c       0xc0 CMakeFiles/pico_air_monitor.dir/bme280.c.obj
                0x000000001000073c                bme280_read_raw
 .text.bme280_convert_temp
                0x00000000100007fc       0x30 CMakeFiles/pico_air_monitor.dir/bme280.c.obj
                0x00000000100007fc                bme280_convert_temp
 .text.bme280_convert_pressure
                0x000000001000082c       0xc8 CMakeFiles/pico_air_monitor.dir/bme280.c.obj
                0x000000001000082c                bme280_convert_pressure
 .text.bme280_convert_humidity
                0x00000000100008f4       0xa0 CMakeFiles/pico_air_monitor.dir/bme280.c.obj
                0x00000000100008f4                bme280_convert_humidity
 .text.bme280_get_calib_params
                0x0000000010000994      0x124 CMakeFiles/pico_air_monitor.dir/bme280.c.obj
                0x0000000010000994                bme280_get_calib_params
 .text.gpio_set_function
                0x0000000010000ab8       0x30 CMakeFiles/pico_air_monitor.dir/pico-sdk/src/rp2_common/hardware_gpio/gpio.c.obj
                0x0000000010000ab8                gpio_set_function
 .text.gpio_set_pulls
                0x0000000010000ae8       0x34 CMakeFiles/pico_air_monitor.dir/pico-sdk/src/rp2_common/hardware_gpio/gpio.c.obj
                0x0000000010000ae8                gpio_set_pulls
 .text.gpio_set_input_hysteresis_enabled
                0x0000000010000b1c       0x28 CMakeFiles/pico_air_monitor.dir/pico-sdk/src/rp2_common/hardware_gpio/gpio.c.obj
                0x0000000010000b1c                gpio_set_input_hysteresis_enabled
 .text.gpio_set_irq_enabled
                0x0000000010000b44       0x50 CMakeFiles/pico_air_monitor.dir/pico-sdk/src/rp2_common/hardware_gpio/gpio.c.obj
                0x0000000010000b44                gpio_set_irq_enabled
 .text.gpio_add_raw_irq_handler_with_order_priority_masked
                0x0000000010000b94       0x44 CMakeFiles/pico_air_monitor.dir/pico-sdk/src/rp2_common/hardware_gpio/gpio.c.obj
                0x0000000010000b94                gpio_add_raw_irq_handler_with_order_priority_masked
 .text.gpio_remove_raw_irq_handler_masked
                0x0000000010000bd8       0x20 CMakeFiles/pico_air_monitor.dir/pico-sdk/src/rp2_common/hardware_gpio/gpio.c.obj
                0x0000000010000bd8                gpio_remove_raw_irq_handler_masked
 .text.gpio_init
                0x0000000010000bf8       0x3c CMakeFiles/pico_air_monitor.dir/pico-sdk/src/rp2_common/hardware_gpio/gpio.c.obj
                0x0000000010000bf8                gpio_init
 .text.running_on_fpga
                0x0000000010000c34       0x10 CMakeFiles/pico_air_monitor.dir/pico-sdk/src/rp2_common/pico_platform/platform.c.obj
                0x0000000010000c34                running_on_fpga
 .text.hw_claim_lock
                0x0000000010000c44       0x18 CMakeFiles/pico_air_monitor.dir/pico-sdk/src/rp2_common/hardware_claim/claim.c.obj
                0x0000000010000c44                hw_claim_lock
 .text.hw_claim_unlock
                0x0000000010000c5c       0x14 CMakeFiles/pico_air_monitor.dir/pico-sdk/src/rp2_common/hardware_claim/claim.c.obj
                0x0000000010000c5c                hw_claim_unlock
 .text.hw_claim_or_assert
                0x0000000010000c70       0x44 CMakeFiles/pico_air_monitor.dir/pico-sdk/src/rp2_common/hardware_claim/claim.c.obj
                0x0000000010000c70                hw_claim_or_assert
 .text.hw_claim_unused_from_range
                0x0000000010000cb4       0x8c CMakeFiles/pico_air_monitor.dir/pico-sdk/src/rp2_common/hardware_claim/claim.c.obj
                0x0000000010000cb4                hw_claim_unused_from_range
 .text.hw_claim_clear
                0x0000000010000d40       0x38 CMakeFiles/pico_air_monitor.dir/pico-sdk/src/rp2_common/hardware_claim/claim.c.obj
                0x0000000010000d40                hw_claim_clear
 .text.spin_locks_reset
                0x0000000010000d78       0x1c CMakeFiles/pico_air_monitor.dir/pico-sdk/src/rp2_common/hardware_sync/sync.c.obj
                0x0000000010000d78                spin_locks_reset
 .text.next_striped_spin_lock_num
                0x0000000010000d94       0x18 CMakeFiles/pico_air_monitor.dir/pico-sdk/src/rp2_common/hardware_sync/sync.c.obj
                0x0000000010000d94                next_striped_spin_lock_num
 .text.spin_lock_claim_unused
                0x0000000010000dac       0x20 CMakeFiles/pico_air_monitor.dir/pico-sdk/src/rp2_common/hardware_sync/sync.c.obj
                0x0000000010000dac                spin_lock_claim_unused
 .text.irq_set_enabled
                0x0000000010000dcc       0x24 CMakeFiles/pico_air_monitor.dir/pico-sdk/src/rp2_common/hardware_irq/irq.c.obj
                0x0000000010000dcc                irq_set_enabled
 .text.irq_set_pending
                0x0000000010000df0       0x10 CMakeFiles/pico_air_monitor.dir/pico-sdk/src/rp2_common/hardware_irq/irq.c.obj
                0x0000000010000df0                irq_set_pending
 .text.irq_has_shared_handler
                0x0000000010000e00       0x2c CMakeFiles/pico_air_monitor.dir/pico-sdk/src/rp2_common/hardware_irq/irq.c.obj
                0x0000000010000e00                irq_has_shared_handler
 .text.irq_get_vtable_handler
                0x0000000010000e2c       0x10 CMakeFiles/pico_air_monitor.dir/pico-sdk/src/rp2_common/hardware_irq/irq.c.obj
                0x0000000010000e2c                irq_get_vtable_handler
 .text.irq_set_exclusive_handler
                0x0000000010000e3c       0x54 CMakeFiles/pico_air_monitor.dir/pico-sdk/src/rp2_common/hardware_irq/irq.c.obj
                0x0000000010000e3c                irq_set_exclusive_handler
 .text.irq_add_shared_handler
                0x0000000010000e90      0x1d0 CMakeFiles/pico_air_monitor.dir/pico-sdk/src/rp2_common/hardware_irq/irq.c.obj
                0x0000000010000e90                irq_add_shared_handler
 .text.irq_remove_handler
                0x0000000010001060      0x1b0 CMakeFiles/pico_air_monitor.dir/pico-sdk/src/rp2_common/hardware_irq/irq.c.obj
                0x0000000010001060                irq_remove_handler
 .text.irq_set_priority
                0x0000000010001210       0x28 CMakeFiles/pico_air_monitor.dir/pico-sdk/src/rp2_common/hardware_irq/irq.c.obj
                0x0000000010001210                irq_set_priority
 .text.irq_add_tail_to_free_list
                0x0000000010001238       0xb4 CMakeFiles/pico_air_monitor.dir/pico-sdk/src/rp2_common/hardware_irq/irq.c.obj
                0x0000000010001238                irq_add_tail_to_free_list
 .text.irq_init_priorities
                0x00000000100012ec       0x48 CMakeFiles/pico_air_monitor.dir/pico-sdk/src/rp2_common/hardware_irq/irq.c.obj
                0x00000000100012ec                irq_init_priorities
 .text.user_irq_unclaim
                0x0000000010001334       0x14 CMakeFiles/pico_air_monitor.dir/pico-sdk/src/rp2_common/hardware_irq/irq.c.obj
                0x0000000010001334                user_irq_unclaim
 .text.user_irq_claim_unused
                0x0000000010001348       0x28 CMakeFiles/pico_air_monitor.dir/pico-sdk/src/rp2_common/hardware_irq/irq.c.obj
                0x0000000010001348                user_irq_claim_unused
 .text.sem_init
                0x0000000010001370       0x20 CMakeFiles/pico_air_monitor.dir/pico-sdk/src/common/pico_sync/sem.c.obj
                0x0000000010001370                sem_init
 .text.lock_init
                0x0000000010001390       0x10 CMakeFiles/pico_air_monitor.dir/pico-sdk/src/common/pico_sync/lock_core.c.obj
                0x0000000010001390                lock_init
 .text.mutex_init
                0x00000000100013a0       0x1c CMakeFiles/pico_air_monitor.dir/pico-sdk/src/common/pico_sync/mutex.c.obj
                0x00000000100013a0                mutex_init
 .text.recursive_mutex_init
                0x00000000100013bc       0x20 CMakeFiles/pico_air_monitor.dir/pico-sdk/src/common/pico_sync/mutex.c.obj
                0x00000000100013bc                recursive_mutex_init
 .text.critical_section_init
                0x00000000100013dc       0x20 CMakeFiles/pico_air_monitor.dir/pico-sdk/src/common/pico_sync/critical_section.c.obj
                0x00000000100013dc                critical_section_init
 .text.critical_section_init_with_lock_num
                0x00000000100013fc       0x14 CMakeFiles/pico_air_monitor.dir/pico-sdk/src/common/pico_sync/critical_section.c.obj
                0x00000000100013fc                critical_section_init_with_lock_num
 .text.timer_pool_entry_comparator
                0x0000000010001410       0x34 CMakeFiles/pico_air_monitor.dir/pico-sdk/src/common/pico_time/time.c.obj
                0x0000000010001410                timer_pool_entry_comparator
 .text.sleep_until_callback
                0x0000000010001444       0x30 CMakeFiles/pico_air_monitor.dir/pico-sdk/src/common/pico_time/time.c.obj
 .text.add_alarm_under_lock
                0x0000000010001474      0x124 CMakeFiles/pico_air_monitor.dir/pico-sdk/src/common/pico_time/time.c.obj
 .text.alarm_pool_alarm_callback
                0x0000000010001598      0x1c0 CMakeFiles/pico_air_monitor.dir/pico-sdk/src/common/pico_time/time.c.obj
 .text.alarm_pool_init_default
                0x0000000010001758       0x6c CMakeFiles/pico_air_monitor.dir/pico-sdk/src/common/pico_time/time.c.obj
                0x0000000010001758                alarm_pool_init_default
 .text.alarm_pool_get_default
                0x00000000100017c4        0x8 CMakeFiles/pico_air_monitor.dir/pico-sdk/src/common/pico_time/time.c.obj
                0x00000000100017c4                alarm_pool_get_default
 .text.alarm_pool_add_alarm_at
                0x00000000100017cc      0x194 CMakeFiles/pico_air_monitor.dir/pico-sdk/src/common/pico_time/time.c.obj
                0x00000000100017cc                alarm_pool_add_alarm_at
 .text.alarm_pool_cancel_alarm
                0x0000000010001960       0x78 CMakeFiles/pico_air_monitor.dir/pico-sdk/src/common/pico_time/time.c.obj
                0x0000000010001960                alarm_pool_cancel_alarm
 .text.alarm_pool_core_num
                0x00000000100019d8        0x4 CMakeFiles/pico_air_monitor.dir/pico-sdk/src/common/pico_time/time.c.obj
                0x00000000100019d8                alarm_pool_core_num
 .text.sleep_until
                0x00000000100019dc      0x1e8 CMakeFiles/pico_air_monitor.dir/pico-sdk/src/common/pico_time/time.c.obj
                0x00000000100019dc                sleep_until
 .text.sleep_ms
                0x0000000010001bc4       0x34 CMakeFiles/pico_air_monitor.dir/pico-sdk/src/common/pico_time/time.c.obj
                0x0000000010001bc4                sleep_ms
 .text.best_effort_wfe_or_timeout
                0x0000000010001bf8      0x1f8 CMakeFiles/pico_air_monitor.dir/pico-sdk/src/common/pico_time/time.c.obj
                0x0000000010001bf8                best_effort_wfe_or_timeout
 .text.hardware_alarm_irq_handler
                0x0000000010001df0       0xa4 CMakeFiles/pico_air_monitor.dir/pico-sdk/src/rp2_common/hardware_timer/timer.c.obj
 .text.hardware_alarm_claim
                0x0000000010001e94       0x18 CMakeFiles/pico_air_monitor.dir/pico-sdk/src/rp2_common/hardware_timer/timer.c.obj
                0x0000000010001e94                hardware_alarm_claim
 .text.time_us_64
                0x0000000010001eac       0x18 CMakeFiles/pico_air_monitor.dir/pico-sdk/src/rp2_common/hardware_timer/timer.c.obj
                0x0000000010001eac                time_us_64
 .text.busy_wait_us
                0x0000000010001ec4       0x54 CMakeFiles/pico_air_monitor.dir/pico-sdk/src/rp2_common/hardware_timer/timer.c.obj
                0x0000000010001ec4                busy_wait_us
 .text.busy_wait_until
                0x0000000010001f18       0x20 CMakeFiles/pico_air_monitor.dir/pico-sdk/src/rp2_common/hardware_timer/timer.c.obj
                0x0000000010001f18                busy_wait_until
 .text.hardware_alarm_set_callback
                0x0000000010001f38       0x8c CMakeFiles/pico_air_monitor.dir/pico-sdk/src/rp2_common/hardware_timer/timer.c.obj
                0x0000000010001f38                hardware_alarm_set_callback
 .text.hardware_alarm_set_target
                0x0000000010001fc4       0xdc CMakeFiles/pico_air_monitor.dir/pico-sdk/src/rp2_common/hardware_timer/timer.c.obj
                0x0000000010001fc4                hardware_alarm_set_target
 .text.hardware_alarm_cancel
                0x00000000100020a0       0x40 CMakeFiles/pico_air_monitor.dir/pico-sdk/src/rp2_common/hardware_timer/timer.c.obj
                0x00000000100020a0                hardware_alarm_cancel
 .text.ph_merge_two_pass.part.3
                0x00000000100020e0      0x18c CMakeFiles/pico_air_monitor.dir/pico-sdk/src/common/pico_util/pheap.c.obj
 .text.ph_post_alloc_init
                0x000000001000226c       0x3c CMakeFiles/pico_air_monitor.dir/pico-sdk/src/common/pico_util/pheap.c.obj
                0x000000001000226c                ph_post_alloc_init
 .text.ph_remove_head
                0x00000000100022a8      0x154 CMakeFiles/pico_air_monitor.dir/pico-sdk/src/common/pico_util/pheap.c.obj
                0x00000000100022a8                ph_remove_head
 .text.ph_remove_and_free_node
                0x00000000100023fc      0x310 CMakeFiles/pico_air_monitor.dir/pico-sdk/src/common/pico_util/pheap.c.obj
                0x00000000100023fc                ph_remove_and_free_node
 .text.clocks_init
                0x000000001000270c      0x2dc CMakeFiles/pico_air_monitor.dir/pico-sdk/src/rp2_common/hardware_clocks/clocks.c.obj
                0x000000001000270c                clocks_init
 .text.clock_get_hz
                0x00000000100029e8        0xc CMakeFiles/pico_air_monitor.dir/pico-sdk/src/rp2_common/hardware_clocks/clocks.c.obj
                0x00000000100029e8                clock_get_hz
 .text.pll_init
                0x00000000100029f4       0x9c CMakeFiles/pico_air_monitor.dir/pico-sdk/src/rp2_common/hardware_pll/pll.c.obj
                0x00000000100029f4                pll_init
 .text.watchdog_start_tick
                0x0000000010002a90       0x10 CMakeFiles/pico_air_monitor.dir/pico-sdk/src/rp2_common/hardware_watchdog/watchdog.c.obj
                0x0000000010002a90                watchdog_start_tick
 .text.watchdog_reboot
                0x0000000010002aa0       0x94 CMakeFiles/pico_air_monitor.dir/pico-sdk/src/rp2_common/hardware_watchdog/watchdog.c.obj
                0x0000000010002aa0                watchdog_reboot
 .text.xosc_init
                0x0000000010002b34       0x28 CMakeFiles/pico_air_monitor.dir/pico-sdk/src/rp2_common/hardware_xosc/xosc.c.obj
                0x0000000010002b34                xosc_init
 .text.runtime_init
                0x0000000010002b5c       0xf4 CMakeFiles/pico_air_monitor.dir/pico-sdk/src/rp2_common/pico_runtime/runtime.c.obj
                0x0000000010002b5c                runtime_init
 .text._exit    0x0000000010002c50        0x4 CMakeFiles/pico_air_monitor.dir/pico-sdk/src/rp2_common/pico_runtime/runtime.c.obj
                0x0000000010002c50                _exit
 .text._sbrk    0x0000000010002c54       0x34 CMakeFiles/pico_air_monitor.dir/pico-sdk/src/rp2_common/pico_runtime/runtime.c.obj
                0x0000000010002c54                _sbrk
 .text.exit     0x0000000010002c88        0x8 CMakeFiles/pico_air_monitor.dir/pico-sdk/src/rp2_common/pico_runtime/runtime.c.obj
                0x0000000010002c88                exit
 .text.panic    0x0000000010002c90       0x30 CMakeFiles/pico_air_monitor.dir/pico-sdk/src/rp2_common/pico_runtime/runtime.c.obj
                0x0000000010002c90                panic
 .text.hard_assertion_failure
                0x0000000010002cc0        0xc CMakeFiles/pico_air_monitor.dir/pico-sdk/src/rp2_common/pico_runtime/runtime.c.obj
                0x0000000010002cc0                hard_assertion_failure
 .text._out_buffer
                0x0000000010002ccc        0x8 CMakeFiles/pico_air_monitor.dir/pico-sdk/src/rp2_common/pico_printf/printf.c.obj
 .text._out_null
                0x0000000010002cd4        0x4 CMakeFiles/pico_air_monitor.dir/pico-sdk/src/rp2_common/pico_printf/printf.c.obj
 .text._out_fct
                0x0000000010002cd8       0x10 CMakeFiles/pico_air_monitor.dir/pico-sdk/src/rp2_common/pico_printf/printf.c.obj
 .text._out_char
                0x0000000010002ce8       0x3c CMakeFiles/pico_air_monitor.dir/pico-sdk/src/rp2_common/pico_printf/printf.c.obj
 .text._ntoa_format
                0x0000000010002d24      0x214 CMakeFiles/pico_air_monitor.dir/pico-sdk/src/rp2_common/pico_printf/printf.c.obj
 .text._ftoa    0x0000000010002f38      0x6c4 CMakeFiles/pico_air_monitor.dir/pico-sdk/src/rp2_common/pico_printf/printf.c.obj
 .text._etoa.part.1
                0x00000000100035fc      0x3e0 CMakeFiles/pico_air_monitor.dir/pico-sdk/src/rp2_common/pico_printf/printf.c.obj
 .text._vsnprintf
                0x00000000100039dc      0xb30 CMakeFiles/pico_air_monitor.dir/pico-sdk/src/rp2_common/pico_printf/printf.c.obj
 .text.__wrap_sprintf
                0x000000001000450c       0x28 CMakeFiles/pico_air_monitor.dir/pico-sdk/src/rp2_common/pico_printf/printf.c.obj
                0x000000001000450c                __wrap_sprintf
 .text.vfctprintf
                0x0000000010004534       0x20 CMakeFiles/pico_air_monitor.dir/pico-sdk/src/rp2_common/pico_printf/printf.c.obj
                0x0000000010004534                vfctprintf
 .text.weak_raw_vprintf
                0x0000000010004554       0x30 CMakeFiles/pico_air_monitor.dir/pico-sdk/src/rp2_common/pico_printf/printf.c.obj
                0x0000000010004554                weak_raw_vprintf
 .text          0x0000000010004584       0x10 CMakeFiles/pico_air_monitor.dir/pico-sdk/src/rp2_common/pico_bit_ops/bit_ops_aeabi.S.obj
 .text.ctzsi    0x0000000010004594        0xc CMakeFiles/pico_air_monitor.dir/pico-sdk/src/rp2_common/pico_bit_ops/bit_ops_aeabi.S.obj
                0x0000000010004594                __wrap___ctzsi2
 .text.rom_func_lookup
                0x00000000100045a0       0x10 CMakeFiles/pico_air_monitor.dir/pico-sdk/src/rp2_common/pico_bootrom/bootrom.c.obj
                0x00000000100045a0                rom_func_lookup
 .text.rom_data_lookup
                0x00000000100045b0       0x10 CMakeFiles/pico_air_monitor.dir/pico-sdk/src/rp2_common/pico_bootrom/bootrom.c.obj
                0x00000000100045b0                rom_data_lookup
 .text.rom_funcs_lookup
                0x00000000100045c0       0x44 CMakeFiles/pico_air_monitor.dir/pico-sdk/src/rp2_common/pico_bootrom/bootrom.c.obj
                0x00000000100045c0                rom_funcs_lookup
 .text.__wrap___aeabi_idiv
                0x0000000010004604       0x50 CMakeFiles/pico_air_monitor.dir/pico-sdk/src/rp2_common/pico_divider/divider.S.obj
                0x0000000010004604                __wrap___aeabi_idivmod
                0x0000000010004604                divmod_s32s32
                0x0000000010004604                div_s32s32
                0x0000000010004604                __wrap___aeabi_idiv
                0x000000001000460c                divmod_s32s32_unsafe
                0x0000000010004638                divmod_s32s32_savestate
 .text.__wrap___aeabi_uidiv
                0x0000000010004654       0x4c CMakeFiles/pico_air_monitor.dir/pico-sdk/src/rp2_common/pico_divider/divider.S.obj
                0x0000000010004654                __wrap___aeabi_uidiv
                0x0000000010004654                __wrap___aeabi_uidivmod
                0x0000000010004654                div_u32u32
                0x0000000010004654                divmod_u32u32
                0x000000001000465c                divmod_u32u32_unsafe
                0x0000000010004684                divmod_u32u32_savestate
 .text.__wrap___aeabi_ldiv
                0x00000000100046a0      0x424 CMakeFiles/pico_air_monitor.dir/pico-sdk/src/rp2_common/pico_divider/divider.S.obj
                0x00000000100046a0                div_s64s64
                0x00000000100046a0                divmod_s64s64
                0x00000000100046a0                __wrap___aeabi_ldivmod
                0x00000000100046d0                div_u64u64
                0x00000000100046d0                divmod_u64u64
                0x00000000100046d0                __wrap___aeabi_uldivmod
                0x00000000100046e0                divmod_u64u64_savestate
                0x0000000010004700                divmod_s64s64_unsafe
                0x0000000010004788                divmod_u64u64_unsafe
 .text.__wrap___aeabi_darithmetic
                0x0000000010004ac4       0x60 CMakeFiles/pico_air_monitor.dir/pico-sdk/src/rp2_common/pico_double/double_aeabi.S.obj
                0x0000000010004ac4                __wrap___aeabi_drsub
                0x0000000010004aca                __wrap___aeabi_dsub
                0x0000000010004ad4                __wrap___aeabi_dadd
                0x0000000010004ade                __wrap___aeabi_ddiv
                0x0000000010004b12                __wrap___aeabi_dmul
 .text.__wrap___aeabi_cdcmple
                0x0000000010004b24       0x6c CMakeFiles/pico_air_monitor.dir/pico-sdk/src/rp2_common/pico_double/double_aeabi.S.obj
                0x0000000010004b24                __wrap___aeabi_cdrcmple
                0x0000000010004b34                __wrap___aeabi_cdcmple
                0x0000000010004b34                __wrap___aeabi_cdcmpeq
 .text.__wrap___aeabi_dcmplt
                0x0000000010004b90        0xc CMakeFiles/pico_air_monitor.dir/pico-sdk/src/rp2_common/pico_double/double_aeabi.S.obj
                0x0000000010004b90                __wrap___aeabi_dcmplt
 .text.__wrap___aeabi_dcmpge
                0x0000000010004b9c       0x10 CMakeFiles/pico_air_monitor.dir/pico-sdk/src/rp2_common/pico_double/double_aeabi.S.obj
                0x0000000010004b9c                __wrap___aeabi_dcmpge
 .text.__wrap___aeabi_dcmpgt
                0x0000000010004bac        0xa CMakeFiles/pico_air_monitor.dir/pico-sdk/src/rp2_common/pico_double/double_aeabi.S.obj
                0x0000000010004bac                __wrap___aeabi_dcmpgt
 .text.__wrap___aeabi_dcmpun
                0x0000000010004bb6       0x1c CMakeFiles/pico_air_monitor.dir/pico-sdk/src/rp2_common/pico_double/double_aeabi.S.obj
                0x0000000010004bb6                __wrap___aeabi_dcmpun
 *fill*         0x0000000010004bd2        0x2 
 .text.__wrap___aeabi_i2d
                0x0000000010004bd4       0x38 CMakeFiles/pico_air_monitor.dir/pico-sdk/src/rp2_common/pico_double/double_aeabi.S.obj
                0x0000000010004bd4                __wrap___aeabi_ui2d
                0x0000000010004bdc                __wrap___aeabi_i2d
 .text.__wrap___aeabi_d2iz
                0x0000000010004c0c       0x48 CMakeFiles/pico_air_monitor.dir/pico-sdk/src/rp2_common/pico_double/double_aeabi.S.obj
                0x0000000010004c0c                __wrap___aeabi_d2iz
                0x0000000010004c0c                double2int_z
 .text.__wrap___aeabi_d2uiz
                0x0000000010004c54       0x10 CMakeFiles/pico_air_monitor.dir/pico-sdk/src/rp2_common/pico_double/double_aeabi.S.obj
                0x0000000010004c54                double2uint
                0x0000000010004c54                __wrap___aeabi_d2uiz
 .text.missing_double_func_shim
                0x0000000010004c64        0xc CMakeFiles/pico_air_monitor.dir/pico-sdk/src/rp2_common/pico_double/double_init_rom.c.obj
 .text.__aeabi_double_init
                0x0000000010004c70       0x64 CMakeFiles/pico_air_monitor.dir/pico-sdk/src/rp2_common/pico_double/double_init_rom.c.obj
                0x0000000010004c70                __aeabi_double_init
 .text.double_table_shim_on_use_helper
                0x0000000010004cd4       0x2c CMakeFiles/pico_air_monitor.dir/pico-sdk/src/rp2_common/pico_double/double_v1_rom_shim.S.obj
                0x0000000010004cd4                double_table_shim_on_use_helper
 .text.__aeabi_lmul
                0x0000000010004d00       0x32 CMakeFiles/pico_air_monitor.dir/pico-sdk/src/rp2_common/pico_int64_ops/pico_int64_ops_aeabi.S.obj
                0x0000000010004d00                __wrap___aeabi_lmul
 *fill*         0x0000000010004d32        0x2 
 .text.__wrap___aeabi_farithmetic
                0x0000000010004d34       0x48 CMakeFiles/pico_air_monitor.dir/pico-sdk/src/rp2_common/pico_float/float_aeabi.S.obj
                0x0000000010004d34                __wrap___aeabi_frsub
                0x0000000010004d3a                __wrap___aeabi_fsub
                0x0000000010004d40                __wrap___aeabi_fadd
                0x0000000010004d46                __wrap___aeabi_fdiv
                0x0000000010004d6e                __wrap___aeabi_fmul
 .text.__wrap___aeabi_i2f
                0x0000000010004d7c       0x44 CMakeFiles/pico_air_monitor.dir/pico-sdk/src/rp2_common/pico_float/float_aeabi.S.obj
                0x0000000010004d7c                __wrap___aeabi_i2f
 .text.__wrap___aeabi_f2d
                0x0000000010004dc0        0xc CMakeFiles/pico_air_monitor.dir/pico-sdk/src/rp2_common/pico_float/float_aeabi.S.obj
                0x0000000010004dc0                __wrap___aeabi_f2d
 .text.missing_float_func_shim
                0x0000000010004dcc        0xc CMakeFiles/pico_air_monitor.dir/pico-sdk/src/rp2_common/pico_float/float_init_rom.c.obj
 .text.__aeabi_float_init
                0x0000000010004dd8       0x60 CMakeFiles/pico_air_monitor.dir/pico-sdk/src/rp2_common/pico_float/float_init_rom.c.obj
                0x0000000010004dd8                __aeabi_float_init
 .text.__wrap_calloc
                0x0000000010004e38       0x24 CMakeFiles/pico_air_monitor.dir/pico-sdk/src/rp2_common/pico_malloc/pico_malloc.c.obj
                0x0000000010004e38                __wrap_calloc
 .text          0x0000000010004e5c       0x10 CMakeFiles/pico_air_monitor.dir/pico-sdk/src/rp2_common/pico_mem_ops/mem_ops_aeabi.S.obj
                0x0000000010004e5c                __aeabi_mem_init
 .text.memset   0x0000000010004e6c        0xc CMakeFiles/pico_air_monitor.dir/pico-sdk/src/rp2_common/pico_mem_ops/mem_ops_aeabi.S.obj
                0x0000000010004e6c                __wrap_memset
 .text.memcpy   0x0000000010004e78        0xc CMakeFiles/pico_air_monitor.dir/pico-sdk/src/rp2_common/pico_mem_ops/mem_ops_aeabi.S.obj
                0x0000000010004e78                __wrap___aeabi_memcpy
                0x0000000010004e78                __wrap_memcpy
 .text.stdio_out_chars_no_crlf
                0x0000000010004e84       0x10 CMakeFiles/pico_air_monitor.dir/pico-sdk/src/rp2_common/pico_stdio/stdio.c.obj
 .text.stdio_out_chars_crlf
                0x0000000010004e94       0xbc CMakeFiles/pico_air_monitor.dir/pico-sdk/src/rp2_common/pico_stdio/stdio.c.obj
 .text.stdio_buffered_printer
                0x0000000010004f50       0x64 CMakeFiles/pico_air_monitor.dir/pico-sdk/src/rp2_common/pico_stdio/stdio.c.obj
 .text.stdio_put_string
                0x0000000010004fb4       0xfc CMakeFiles/pico_air_monitor.dir/pico-sdk/src/rp2_common/pico_stdio/stdio.c.obj
 .text.__wrap_puts
                0x00000000100050b0       0x34 CMakeFiles/pico_air_monitor.dir/pico-sdk/src/rp2_common/pico_stdio/stdio.c.obj
                0x00000000100050b0                __wrap_puts
 .text._read    0x00000000100050e4       0x90 CMakeFiles/pico_air_monitor.dir/pico-sdk/src/rp2_common/pico_stdio/stdio.c.obj
                0x00000000100050e4                _read
 .text._write   0x0000000010005174       0xac CMakeFiles/pico_air_monitor.dir/pico-sdk/src/rp2_common/pico_stdio/stdio.c.obj
                0x0000000010005174                _write
 .text._close   0x0000000010005220        0x8 CMakeFiles/pico_air_monitor.dir/pico-sdk/src/rp2_common/pico_stdio/stdio.c.obj
                0x0000000010005220                _close
 .text._lseek   0x0000000010005228        0x8 CMakeFiles/pico_air_monitor.dir/pico-sdk/src/rp2_common/pico_stdio/stdio.c.obj
                0x0000000010005228                _lseek
 .text._fstat   0x0000000010005230        0x8 CMakeFiles/pico_air_monitor.dir/pico-sdk/src/rp2_common/pico_stdio/stdio.c.obj
                0x0000000010005230                _fstat
 .text._isatty  0x0000000010005238        0xc CMakeFiles/pico_air_monitor.dir/pico-sdk/src/rp2_common/pico_stdio/stdio.c.obj
                0x0000000010005238                _isatty
 .text.stdio_set_driver_enabled
                0x0000000010005244       0x30 CMakeFiles/pico_air_monitor.dir/pico-sdk/src/rp2_common/pico_stdio/stdio.c.obj
                0x0000000010005244                stdio_set_driver_enabled
 .text.__wrap_vprintf
                0x0000000010005274       0xcc CMakeFiles/pico_air_monitor.dir/pico-sdk/src/rp2_common/pico_stdio/stdio.c.obj
                0x0000000010005274                __wrap_vprintf
 .text.__wrap_printf
                0x0000000010005340       0x18 CMakeFiles/pico_air_monitor.dir/pico-sdk/src/rp2_common/pico_stdio/stdio.c.obj
                0x0000000010005340                __wrap_printf
 .text.stdio_init_all
                0x0000000010005358        0x8 CMakeFiles/pico_air_monitor.dir/pico-sdk/src/rp2_common/pico_stdio/stdio.c.obj
                0x0000000010005358                stdio_init_all
 .text.resetd_init
                0x0000000010005360        0x4 CMakeFiles/pico_air_monitor.dir/pico-sdk/src/rp2_common/pico_stdio_usb/reset_interface.c.obj
 .text.resetd_reset
                0x0000000010005364        0xc CMakeFiles/pico_air_monitor.dir/pico-sdk/src/rp2_common/pico_stdio_usb/reset_interface.c.obj
 .text.resetd_xfer_cb
                0x0000000010005370        0x4 CMakeFiles/pico_air_monitor.dir/pico-sdk/src/rp2_common/pico_stdio_usb/reset_interface.c.obj
 .text.resetd_open
                0x0000000010005374       0x28 CMakeFiles/pico_air_monitor.dir/pico-sdk/src/rp2_common/pico_stdio_usb/reset_interface.c.obj
 .text.resetd_control_xfer_cb
                0x000000001000539c       0x60 CMakeFiles/pico_air_monitor.dir/pico-sdk/src/rp2_common/pico_stdio_usb/reset_interface.c.obj
 .text.usbd_app_driver_get_cb
                0x00000000100053fc        0xc CMakeFiles/pico_air_monitor.dir/pico-sdk/src/rp2_common/pico_stdio_usb/reset_interface.c.obj
                0x00000000100053fc                usbd_app_driver_get_cb
 .text.tud_cdc_line_coding_cb
                0x0000000010005408       0x34 CMakeFiles/pico_air_monitor.dir/pico-sdk/src/rp2_common/pico_stdio_usb/reset_interface.c.obj
                0x0000000010005408                tud_cdc_line_coding_cb
 .text.stdio_usb_set_chars_available_callback
                0x000000001000543c       0x14 CMakeFiles/pico_air_monitor.dir/pico-sdk/src/rp2_common/pico_stdio_usb/stdio_usb.c.obj
                0x000000001000543c                stdio_usb_set_chars_available_callback
 .text.usb_irq  0x0000000010005450       0x10 CMakeFiles/pico_air_monitor.dir/pico-sdk/src/rp2_common/pico_stdio_usb/stdio_usb.c.obj
 .text.timer_task
                0x0000000010005460       0x54 CMakeFiles/pico_air_monitor.dir/pico-sdk/src/rp2_common/pico_stdio_usb/stdio_usb.c.obj
 .text.stdio_usb_in_chars
                0x00000000100054b4       0x8c CMakeFiles/pico_air_monitor.dir/pico-sdk/src/rp2_common/pico_stdio_usb/stdio_usb.c.obj
                0x00000000100054b4                stdio_usb_in_chars
 .text.stdio_usb_out_chars
                0x0000000010005540       0xfc CMakeFiles/pico_air_monitor.dir/pico-sdk/src/rp2_common/pico_stdio_usb/stdio_usb.c.obj
 .text.low_priority_worker_irq
                0x000000001000563c       0xa4 CMakeFiles/pico_air_monitor.dir/pico-sdk/src/rp2_common/pico_stdio_usb/stdio_usb.c.obj
 .text.tud_cdc_rx_cb
                0x00000000100056e0       0x20 CMakeFiles/pico_air_monitor.dir/pico-sdk/src/rp2_common/pico_stdio_usb/stdio_usb.c.obj
                0x00000000100056e0                tud_cdc_rx_cb
 .text.stdio_usb_init
                0x0000000010005700       0xd8 CMakeFiles/pico_air_monitor.dir/pico-sdk/src/rp2_common/pico_stdio_usb/stdio_usb.c.obj
                0x0000000010005700                stdio_usb_init
 .text.tud_descriptor_device_cb
                0x00000000100057d8        0x8 CMakeFiles/pico_air_monitor.dir/pico-sdk/src/rp2_common/pico_stdio_usb/stdio_usb_descriptors.c.obj
                0x00000000100057d8                tud_descriptor_device_cb
 .text.tud_descriptor_configuration_cb
                0x00000000100057e0        0x8 CMakeFiles/pico_air_monitor.dir/pico-sdk/src/rp2_common/pico_stdio_usb/stdio_usb_descriptors.c.obj
                0x00000000100057e0                tud_descriptor_configuration_cb
 .text.tud_descriptor_string_cb
                0x00000000100057e8       0x70 CMakeFiles/pico_air_monitor.dir/pico-sdk/src/rp2_common/pico_stdio_usb/stdio_usb_descriptors.c.obj
                0x00000000100057e8                tud_descriptor_string_cb
 .text.startup._retrieve_unique_id_on_boot
                0x0000000010005858       0x10 CMakeFiles/pico_air_monitor.dir/pico-sdk/src/rp2_common/pico_unique_id/unique_id.c.obj
 .text.pico_get_unique_board_id
                0x0000000010005868       0x10 CMakeFiles/pico_air_monitor.dir/pico-sdk/src/rp2_common/pico_unique_id/unique_id.c.obj
                0x0000000010005868                pico_get_unique_board_id
 .text.pico_get_unique_board_id_string
                0x0000000010005878      0x1c0 CMakeFiles/pico_air_monitor.dir/pico-sdk/src/rp2_common/pico_unique_id/unique_id.c.obj
                0x0000000010005878                pico_get_unique_board_id_string
 .text.flash_get_unique_id
                0x0000000010005a38       0x3c CMakeFiles/pico_air_monitor.dir/pico-sdk/src/rp2_common/hardware_flash/flash.c.obj
                0x0000000010005a38                flash_get_unique_id
 .text.dcd_int_enable
                0x0000000010005a74        0xc CMakeFiles/pico_air_monitor.dir/pico-sdk/lib/tinyusb/src/portable/raspberrypi/rp2040/dcd_rp2040.c.obj
                0x0000000010005a74                dcd_int_enable
 .text.dcd_set_address
                0x0000000010005a80       0x14 CMakeFiles/pico_air_monitor.dir/pico-sdk/lib/tinyusb/src/portable/raspberrypi/rp2040/dcd_rp2040.c.obj
                0x0000000010005a80                dcd_set_address
 .text.dcd_connect
                0x0000000010005a94       0x10 CMakeFiles/pico_air_monitor.dir/pico-sdk/lib/tinyusb/src/portable/raspberrypi/rp2040/dcd_rp2040.c.obj
                0x0000000010005a94                dcd_connect
 .text.dcd_init
                0x0000000010005aa4       0x98 CMakeFiles/pico_air_monitor.dir/pico-sdk/lib/tinyusb/src/portable/raspberrypi/rp2040/dcd_rp2040.c.obj
                0x0000000010005aa4                dcd_init
 .text.dcd_edpt0_status_complete
                0x0000000010005b3c       0x1c CMakeFiles/pico_air_monitor.dir/pico-sdk/lib/tinyusb/src/portable/raspberrypi/rp2040/dcd_rp2040.c.obj
                0x0000000010005b3c                dcd_edpt0_status_complete
 .text.dcd_edpt_open
                0x0000000010005b58      0x124 CMakeFiles/pico_air_monitor.dir/pico-sdk/lib/tinyusb/src/portable/raspberrypi/rp2040/dcd_rp2040.c.obj
                0x0000000010005b58                dcd_edpt_open
 .text.dcd_edpt_close_all
                0x0000000010005c7c        0x8 CMakeFiles/pico_air_monitor.dir/pico-sdk/lib/tinyusb/src/portable/raspberrypi/rp2040/dcd_rp2040.c.obj
                0x0000000010005c7c                dcd_edpt_close_all
 .text.dcd_edpt_xfer
                0x0000000010005c84       0x24 CMakeFiles/pico_air_monitor.dir/pico-sdk/lib/tinyusb/src/portable/raspberrypi/rp2040/dcd_rp2040.c.obj
                0x0000000010005c84                dcd_edpt_xfer
 .text.dcd_edpt_stall
                0x0000000010005ca8       0x38 CMakeFiles/pico_air_monitor.dir/pico-sdk/lib/tinyusb/src/portable/raspberrypi/rp2040/dcd_rp2040.c.obj
                0x0000000010005ca8                dcd_edpt_stall
 .text.dcd_edpt_clear_stall
                0x0000000010005ce0       0x2c CMakeFiles/pico_air_monitor.dir/pico-sdk/lib/tinyusb/src/portable/raspberrypi/rp2040/dcd_rp2040.c.obj
                0x0000000010005ce0                dcd_edpt_clear_stall
 .text.rp2040_usb_init
                0x0000000010005d0c       0x4c CMakeFiles/pico_air_monitor.dir/pico-sdk/lib/tinyusb/src/portable/raspberrypi/rp2040/rp2040_usb.c.obj
                0x0000000010005d0c                rp2040_usb_init
 .text.hw_endpoint_xfer_start
                0x0000000010005d58       0x54 CMakeFiles/pico_air_monitor.dir/pico-sdk/lib/tinyusb/src/portable/raspberrypi/rp2040/rp2040_usb.c.obj
                0x0000000010005d58                hw_endpoint_xfer_start
 .text.tud_mounted
                0x0000000010005dac       0x10 CMakeFiles/pico_air_monitor.dir/pico-sdk/lib/tinyusb/src/device/usbd.c.obj
                0x0000000010005dac                tud_mounted
 .text.tud_suspended
                0x0000000010005dbc       0x10 CMakeFiles/pico_air_monitor.dir/pico-sdk/lib/tinyusb/src/device/usbd.c.obj
                0x0000000010005dbc                tud_suspended
 .text.tud_inited
                0x0000000010005dcc       0x14 CMakeFiles/pico_air_monitor.dir/pico-sdk/lib/tinyusb/src/device/usbd.c.obj
                0x0000000010005dcc                tud_inited
 .text.tud_init
                0x0000000010005de0       0xdc CMakeFiles/pico_air_monitor.dir/pico-sdk/lib/tinyusb/src/device/usbd.c.obj
                0x0000000010005de0                tud_init
 .text.usbd_open_edpt_pair
                0x0000000010005ebc       0xbc CMakeFiles/pico_air_monitor.dir/pico-sdk/lib/tinyusb/src/device/usbd.c.obj
                0x0000000010005ebc                usbd_open_edpt_pair
 .text.usbd_defer_func
                0x0000000010005f78       0x54 CMakeFiles/pico_air_monitor.dir/pico-sdk/lib/tinyusb/src/device/usbd.c.obj
                0x0000000010005f78                usbd_defer_func
 .text.usbd_edpt_open
                0x0000000010005fcc       0x38 CMakeFiles/pico_air_monitor.dir/pico-sdk/lib/tinyusb/src/device/usbd.c.obj
                0x0000000010005fcc                usbd_edpt_open
 .text.usbd_edpt_claim
                0x0000000010006004       0x28 CMakeFiles/pico_air_monitor.dir/pico-sdk/lib/tinyusb/src/device/usbd.c.obj
                0x0000000010006004                usbd_edpt_claim
 .text.usbd_edpt_release
                0x000000001000602c       0x28 CMakeFiles/pico_air_monitor.dir/pico-sdk/lib/tinyusb/src/device/usbd.c.obj
                0x000000001000602c                usbd_edpt_release
 .text.usbd_edpt_xfer
                0x0000000010006054       0x4c CMakeFiles/pico_air_monitor.dir/pico-sdk/lib/tinyusb/src/device/usbd.c.obj
                0x0000000010006054                usbd_edpt_xfer
 .text.usbd_edpt_clear_stall
                0x00000000100060a0       0x3c CMakeFiles/pico_air_monitor.dir/pico-sdk/lib/tinyusb/src/device/usbd.c.obj
                0x00000000100060a0                usbd_edpt_clear_stall
 .text.tud_task_ext
                0x00000000100060dc      0x8e4 CMakeFiles/pico_air_monitor.dir/pico-sdk/lib/tinyusb/src/device/usbd.c.obj
                0x00000000100060dc                tud_task_ext
 .text.tud_control_status
                0x00000000100069c0       0x30 CMakeFiles/pico_air_monitor.dir/pico-sdk/lib/tinyusb/src/device/usbd_control.c.obj
                0x00000000100069c0                tud_control_status
 .text.tud_control_xfer
                0x00000000100069f0       0xac CMakeFiles/pico_air_monitor.dir/pico-sdk/lib/tinyusb/src/device/usbd_control.c.obj
                0x00000000100069f0                tud_control_xfer
 .text.usbd_control_reset
                0x0000000010006a9c       0x14 CMakeFiles/pico_air_monitor.dir/pico-sdk/lib/tinyusb/src/device/usbd_control.c.obj
                0x0000000010006a9c                usbd_control_reset
 .text.usbd_control_set_complete_callback
                0x0000000010006ab0        0xc CMakeFiles/pico_air_monitor.dir/pico-sdk/lib/tinyusb/src/device/usbd_control.c.obj
                0x0000000010006ab0                usbd_control_set_complete_callback
 .text.usbd_control_set_request
                0x0000000010006abc       0x1c CMakeFiles/pico_air_monitor.dir/pico-sdk/lib/tinyusb/src/device/usbd_control.c.obj
                0x0000000010006abc                usbd_control_set_request
 .text.usbd_control_xfer_cb
                0x0000000010006ad8       0xf8 CMakeFiles/pico_air_monitor.dir/pico-sdk/lib/tinyusb/src/device/usbd_control.c.obj
                0x0000000010006ad8                usbd_control_xfer_cb
 .text.tud_cdc_n_connected
                0x0000000010006bd0       0x30 CMakeFiles/pico_air_monitor.dir/pico-sdk/lib/tinyusb/src/class/cdc/cdc_device.c.obj
                0x0000000010006bd0                tud_cdc_n_connected
 .text.tud_cdc_n_available
                0x0000000010006c00       0x1c CMakeFiles/pico_air_monitor.dir/pico-sdk/lib/tinyusb/src/class/cdc/cdc_device.c.obj
                0x0000000010006c00                tud_cdc_n_available
 .text.tud_cdc_n_read
                0x0000000010006c1c       0x70 CMakeFiles/pico_air_monitor.dir/pico-sdk/lib/tinyusb/src/class/cdc/cdc_device.c.obj
                0x0000000010006c1c                tud_cdc_n_read
 .text.tud_cdc_n_write
                0x0000000010006c8c       0x90 CMakeFiles/pico_air_monitor.dir/pico-sdk/lib/tinyusb/src/class/cdc/cdc_device.c.obj
                0x0000000010006c8c                tud_cdc_n_write
 .text.tud_cdc_n_write_flush
                0x0000000010006d1c       0x78 CMakeFiles/pico_air_monitor.dir/pico-sdk/lib/tinyusb/src/class/cdc/cdc_device.c.obj
                0x0000000010006d1c                tud_cdc_n_write_flush
 .text.tud_cdc_n_write_available
                0x0000000010006d94       0x1c CMakeFiles/pico_air_monitor.dir/pico-sdk/lib/tinyusb/src/class/cdc/cdc_device.c.obj
                0x0000000010006d94                tud_cdc_n_write_available
 .text.cdcd_init
                0x0000000010006db0       0x7c CMakeFiles/pico_air_monitor.dir/pico-sdk/lib/tinyusb/src/class/cdc/cdc_device.c.obj
                0x0000000010006db0                cdcd_init
 .text.cdcd_reset
                0x0000000010006e2c       0x2c CMakeFiles/pico_air_monitor.dir/pico-sdk/lib/tinyusb/src/class/cdc/cdc_device.c.obj
                0x0000000010006e2c                cdcd_reset
 .text.cdcd_open
                0x0000000010006e58       0xe8 CMakeFiles/pico_air_monitor.dir/pico-sdk/lib/tinyusb/src/class/cdc/cdc_device.c.obj
                0x0000000010006e58                cdcd_open
 .text.cdcd_control_xfer_cb
                0x0000000010006f40       0xe0 CMakeFiles/pico_air_monitor.dir/pico-sdk/lib/tinyusb/src/class/cdc/cdc_device.c.obj
                0x0000000010006f40                cdcd_control_xfer_cb
 .text.cdcd_xfer_cb
                0x0000000010007020      0x194 CMakeFiles/pico_air_monitor.dir/pico-sdk/lib/tinyusb/src/class/cdc/cdc_device.c.obj
                0x0000000010007020                cdcd_xfer_cb
 .text.tusb_init
                0x00000000100071b4        0xc CMakeFiles/pico_air_monitor.dir/pico-sdk/lib/tinyusb/src/tusb.c.obj
                0x00000000100071b4                tusb_init
 .text.tusb_inited
                0x00000000100071c0        0x8 CMakeFiles/pico_air_monitor.dir/pico-sdk/lib/tinyusb/src/tusb.c.obj
                0x00000000100071c0                tusb_inited
 .text.tu_edpt_claim
                0x00000000100071c8       0x48 CMakeFiles/pico_air_monitor.dir/pico-sdk/lib/tinyusb/src/tusb.c.obj
                0x00000000100071c8                tu_edpt_claim
 .text.tu_edpt_release
                0x0000000010007210       0x34 CMakeFiles/pico_air_monitor.dir/pico-sdk/lib/tinyusb/src/tusb.c.obj
                0x0000000010007210                tu_edpt_release
 .text.tu_edpt_validate
                0x0000000010007244       0x70 CMakeFiles/pico_air_monitor.dir/pico-sdk/lib/tinyusb/src/tusb.c.obj
                0x0000000010007244                tu_edpt_validate
 .text.tu_edpt_bind_driver
                0x00000000100072b4       0x34 CMakeFiles/pico_air_monitor.dir/pico-sdk/lib/tinyusb/src/tusb.c.obj
                0x00000000100072b4                tu_edpt_bind_driver
 .text.tu_fifo_config
                0x00000000100072e8       0x7c CMakeFiles/pico_air_monitor.dir/pico-sdk/lib/tinyusb/src/common/tusb_fifo.c.obj
                0x00000000100072e8                tu_fifo_config
 .text.tu_fifo_count
                0x0000000010007364       0x28 CMakeFiles/pico_air_monitor.dir/pico-sdk/lib/tinyusb/src/common/tusb_fifo.c.obj
                0x0000000010007364                tu_fifo_count
 .text.tu_fifo_empty
                0x000000001000738c       0x10 CMakeFiles/pico_air_monitor.dir/pico-sdk/lib/tinyusb/src/common/tusb_fifo.c.obj
                0x000000001000738c                tu_fifo_empty
 .text.tu_fifo_remaining
                0x000000001000739c       0x28 CMakeFiles/pico_air_monitor.dir/pico-sdk/lib/tinyusb/src/common/tusb_fifo.c.obj
                0x000000001000739c                tu_fifo_remaining
 .text.tu_fifo_read
                0x00000000100073c4       0xa0 CMakeFiles/pico_air_monitor.dir/pico-sdk/lib/tinyusb/src/common/tusb_fifo.c.obj
                0x00000000100073c4                tu_fifo_read
 .text.tu_fifo_read_n
                0x0000000010007464       0xe8 CMakeFiles/pico_air_monitor.dir/pico-sdk/lib/tinyusb/src/common/tusb_fifo.c.obj
                0x0000000010007464                tu_fifo_read_n
 .text.tu_fifo_write
                0x000000001000754c       0x8c CMakeFiles/pico_air_monitor.dir/pico-sdk/lib/tinyusb/src/common/tusb_fifo.c.obj
                0x000000001000754c                tu_fifo_write
 .text.tu_fifo_write_n
                0x00000000100075d8      0x134 CMakeFiles/pico_air_monitor.dir/pico-sdk/lib/tinyusb/src/common/tusb_fifo.c.obj
                0x00000000100075d8                tu_fifo_write_n
 .text.tu_fifo_clear
                0x000000001000770c       0x40 CMakeFiles/pico_air_monitor.dir/pico-sdk/lib/tinyusb/src/common/tusb_fifo.c.obj
                0x000000001000770c                tu_fifo_clear
 .text.tu_fifo_set_overwritable
                0x000000001000774c       0x48 CMakeFiles/pico_air_monitor.dir/pico-sdk/lib/tinyusb/src/common/tusb_fifo.c.obj
                0x000000001000774c                tu_fifo_set_overwritable
 .text.lwip_timeout_reached
                0x0000000010007794        0x8 CMakeFiles/pico_air_monitor.dir/pico-sdk/src/rp2_common/pico_lwip/lwip_nosys.c.obj
 .text.update_next_timeout
                0x000000001000779c       0x6c CMakeFiles/pico_air_monitor.dir/pico-sdk/src/rp2_common/pico_lwip/lwip_nosys.c.obj
 .text.lwip_nosys_init
                0x0000000010007808       0x30 CMakeFiles/pico_air_monitor.dir/pico-sdk/src/rp2_common/pico_lwip/lwip_nosys.c.obj
                0x0000000010007808                lwip_nosys_init
 .text.lwip_nosys_deinit
                0x0000000010007838       0x20 CMakeFiles/pico_air_monitor.dir/pico-sdk/src/rp2_common/pico_lwip/lwip_nosys.c.obj
                0x0000000010007838                lwip_nosys_deinit
 .text.sys_arch_protect
                0x0000000010007858        0x4 CMakeFiles/pico_air_monitor.dir/pico-sdk/src/rp2_common/pico_lwip/lwip_nosys.c.obj
                0x0000000010007858                sys_arch_protect
 .text.sys_arch_unprotect
                0x000000001000785c        0x4 CMakeFiles/pico_air_monitor.dir/pico-sdk/src/rp2_common/pico_lwip/lwip_nosys.c.obj
                0x000000001000785c                sys_arch_unprotect
 .text.sys_now  0x0000000010007860       0x20 CMakeFiles/pico_air_monitor.dir/pico-sdk/src/rp2_common/pico_lwip/lwip_nosys.c.obj
                0x0000000010007860                sys_now
 .text.async_context_base_add_at_time_worker
                0x0000000010007880       0x28 CMakeFiles/pico_air_monitor.dir/pico-sdk/src/rp2_common/pico_async_context/async_context_base.c.obj
                0x0000000010007880                async_context_base_add_at_time_worker
 .text.async_context_base_remove_at_time_worker
                0x00000000100078a8       0x28 CMakeFiles/pico_air_monitor.dir/pico-sdk/src/rp2_common/pico_async_context/async_context_base.c.obj
                0x00000000100078a8                async_context_base_remove_at_time_worker
 .text.async_context_base_add_when_pending_worker
                0x00000000100078d0       0x24 CMakeFiles/pico_air_monitor.dir/pico-sdk/src/rp2_common/pico_async_context/async_context_base.c.obj
                0x00000000100078d0                async_context_base_add_when_pending_worker
 .text.async_context_base_remove_when_pending_worker
                0x00000000100078f4       0x28 CMakeFiles/pico_air_monitor.dir/pico-sdk/src/rp2_common/pico_async_context/async_context_base.c.obj
                0x00000000100078f4                async_context_base_remove_when_pending_worker
 .text.async_context_base_execute_once
                0x000000001000791c      0x128 CMakeFiles/pico_air_monitor.dir/pico-sdk/src/rp2_common/pico_async_context/async_context_base.c.obj
                0x000000001000791c                async_context_base_execute_once
 .text.splitmix64
                0x0000000010007a44       0x58 CMakeFiles/pico_air_monitor.dir/pico-sdk/src/rp2_common/pico_rand/rand.c.obj
 .text.xoroshiro128ss
                0x0000000010007a9c       0x8c CMakeFiles/pico_air_monitor.dir/pico-sdk/src/rp2_common/pico_rand/rand.c.obj
 .text.get_rand_64
                0x0000000010007b28      0x470 CMakeFiles/pico_air_monitor.dir/pico-sdk/src/rp2_common/pico_rand/rand.c.obj
                0x0000000010007b28                get_rand_64
 .text.get_rand_32
                0x0000000010007f98        0x8 CMakeFiles/pico_air_monitor.dir/pico-sdk/src/rp2_common/pico_rand/rand.c.obj
                0x0000000010007f98                get_rand_32
 .text.lwip_init
                0x0000000010007fa0       0x24 CMakeFiles/pico_air_monitor.dir/pico-sdk/lib/lwip/src/core/init.c.obj
                0x0000000010007fa0                lwip_init
 .text.lwip_htons
                0x0000000010007fc4        0x8 CMakeFiles/pico_air_monitor.dir/pico-sdk/lib/lwip/src/core/def.c.obj
                0x0000000010007fc4                lwip_htons
 .text.lwip_htonl
                0x0000000010007fcc        0x4 CMakeFiles/pico_air_monitor.dir/pico-sdk/lib/lwip/src/core/def.c.obj
                0x0000000010007fcc                lwip_htonl
 .text.dns_send
                0x0000000010007fd0      0x2c0 CMakeFiles/pico_air_monitor.dir/pico-sdk/lib/lwip/src/core/dns.c.obj
 .text.dns_init
                0x0000000010008290        0x4 CMakeFiles/pico_air_monitor.dir/pico-sdk/lib/lwip/src/core/dns.c.obj
                0x0000000010008290                dns_init
 .text.dns_setserver
                0x0000000010008294       0x30 CMakeFiles/pico_air_monitor.dir/pico-sdk/lib/lwip/src/core/dns.c.obj
                0x0000000010008294                dns_setserver
 .text.dns_tmr  0x00000000100082c4      0x2c4 CMakeFiles/pico_air_monitor.dir/pico-sdk/lib/lwip/src/core/dns.c.obj
                0x00000000100082c4                dns_tmr
 .text.lwip_standard_chksum
                0x0000000010008588       0xe0 CMakeFiles/pico_air_monitor.dir/pico-sdk/lib/lwip/src/core/inet_chksum.c.obj
                0x0000000010008588                lwip_standard_chksum
 .text.inet_chksum_pseudo
                0x0000000010008668       0xbc CMakeFiles/pico_air_monitor.dir/pico-sdk/lib/lwip/src/core/inet_chksum.c.obj
                0x0000000010008668                inet_chksum_pseudo
 .text.ip_chksum_pseudo
                0x0000000010008724       0x10 CMakeFiles/pico_air_monitor.dir/pico-sdk/lib/lwip/src/core/inet_chksum.c.obj
                0x0000000010008724                ip_chksum_pseudo
 .text.inet_chksum
                0x0000000010008734        0xc CMakeFiles/pico_air_monitor.dir/pico-sdk/lib/lwip/src/core/inet_chksum.c.obj
                0x0000000010008734                inet_chksum
 .text.inet_chksum_pbuf
                0x0000000010008740       0x6c CMakeFiles/pico_air_monitor.dir/pico-sdk/lib/lwip/src/core/inet_chksum.c.obj
                0x0000000010008740                inet_chksum_pbuf
 .text.mem_init
                0x00000000100087ac       0x40 CMakeFiles/pico_air_monitor.dir/pico-sdk/lib/lwip/src/core/mem.c.obj
                0x00000000100087ac                mem_init
 .text.mem_free
                0x00000000100087ec      0x128 CMakeFiles/pico_air_monitor.dir/pico-sdk/lib/lwip/src/core/mem.c.obj
                0x00000000100087ec                mem_free
 .text.mem_trim
                0x0000000010008914       0xf0 CMakeFiles/pico_air_monitor.dir/pico-sdk/lib/lwip/src/core/mem.c.obj
                0x0000000010008914                mem_trim
 .text.mem_malloc
                0x0000000010008a04      0x124 CMakeFiles/pico_air_monitor.dir/pico-sdk/lib/lwip/src/core/mem.c.obj
                0x0000000010008a04                mem_malloc
 .text.mem_calloc
                0x0000000010008b28       0x28 CMakeFiles/pico_air_monitor.dir/pico-sdk/lib/lwip/src/core/mem.c.obj
                0x0000000010008b28                mem_calloc
 .text.memp_init
                0x0000000010008b50       0x70 CMakeFiles/pico_air_monitor.dir/pico-sdk/lib/lwip/src/core/memp.c.obj
                0x0000000010008b50                memp_init
 .text.memp_malloc
                0x0000000010008bc0       0x44 CMakeFiles/pico_air_monitor.dir/pico-sdk/lib/lwip/src/core/memp.c.obj
                0x0000000010008bc0                memp_malloc
 .text.memp_free
                0x0000000010008c04       0x38 CMakeFiles/pico_air_monitor.dir/pico-sdk/lib/lwip/src/core/memp.c.obj
                0x0000000010008c04                memp_free
 .text.netif_null_output_ip4
                0x0000000010008c3c        0x8 CMakeFiles/pico_air_monitor.dir/pico-sdk/lib/lwip/src/core/netif.c.obj
 .text.netif_do_set_ipaddr
                0x0000000010008c44       0x74 CMakeFiles/pico_air_monitor.dir/pico-sdk/lib/lwip/src/core/netif.c.obj
 .text.netif_init
                0x0000000010008cb8        0x4 CMakeFiles/pico_air_monitor.dir/pico-sdk/lib/lwip/src/core/netif.c.obj
                0x0000000010008cb8                netif_init
 .text.netif_add
                0x0000000010008cbc      0x168 CMakeFiles/pico_air_monitor.dir/pico-sdk/lib/lwip/src/core/netif.c.obj
                0x0000000010008cbc                netif_add
 .text.netif_set_addr
                0x0000000010008e24       0xb8 CMakeFiles/pico_air_monitor.dir/pico-sdk/lib/lwip/src/core/netif.c.obj
                0x0000000010008e24                netif_set_addr
 .text.netif_remove
                0x0000000010008edc       0xa0 CMakeFiles/pico_air_monitor.dir/pico-sdk/lib/lwip/src/core/netif.c.obj
                0x0000000010008edc                netif_remove
 .text.netif_set_default
                0x0000000010008f7c        0xc CMakeFiles/pico_air_monitor.dir/pico-sdk/lib/lwip/src/core/netif.c.obj
                0x0000000010008f7c                netif_set_default
 .text.netif_set_up
                0x0000000010008f88       0x40 CMakeFiles/pico_air_monitor.dir/pico-sdk/lib/lwip/src/core/netif.c.obj
                0x0000000010008f88                netif_set_up
 .text.netif_set_link_up
                0x0000000010008fc8       0x44 CMakeFiles/pico_air_monitor.dir/pico-sdk/lib/lwip/src/core/netif.c.obj
                0x0000000010008fc8                netif_set_link_up
 .text.netif_set_link_down
                0x000000001000900c       0x20 CMakeFiles/pico_air_monitor.dir/pico-sdk/lib/lwip/src/core/netif.c.obj
                0x000000001000900c                netif_set_link_down
 .text.netif_get_by_index
                0x000000001000902c       0x38 CMakeFiles/pico_air_monitor.dir/pico-sdk/lib/lwip/src/core/netif.c.obj
                0x000000001000902c                netif_get_by_index
 .text.pbuf_free_ooseq
                0x0000000010009064       0x34 CMakeFiles/pico_air_monitor.dir/pico-sdk/lib/lwip/src/core/pbuf.c.obj
                0x0000000010009064                pbuf_free_ooseq
 .text.pbuf_alloc
                0x0000000010009098      0x19c CMakeFiles/pico_air_monitor.dir/pico-sdk/lib/lwip/src/core/pbuf.c.obj
                0x0000000010009098                pbuf_alloc
 .text.pbuf_realloc
                0x0000000010009234       0xe4 CMakeFiles/pico_air_monitor.dir/pico-sdk/lib/lwip/src/core/pbuf.c.obj
                0x0000000010009234                pbuf_realloc
 .text.pbuf_add_header
                0x0000000010009318       0x54 CMakeFiles/pico_air_monitor.dir/pico-sdk/lib/lwip/src/core/pbuf.c.obj
                0x0000000010009318                pbuf_add_header
 .text.pbuf_remove_header
                0x000000001000936c       0x44 CMakeFiles/pico_air_monitor.dir/pico-sdk/lib/lwip/src/core/pbuf.c.obj
                0x000000001000936c                pbuf_remove_header
 .text.pbuf_header_force
                0x00000000100093b0       0x78 CMakeFiles/pico_air_monitor.dir/pico-sdk/lib/lwip/src/core/pbuf.c.obj
                0x00000000100093b0                pbuf_header_force
 .text.pbuf_free
                0x0000000010009428       0x7c CMakeFiles/pico_air_monitor.dir/pico-sdk/lib/lwip/src/core/pbuf.c.obj
                0x0000000010009428                pbuf_free
 .text.pbuf_clen
                0x00000000100094a4       0x14 CMakeFiles/pico_air_monitor.dir/pico-sdk/lib/lwip/src/core/pbuf.c.obj
                0x00000000100094a4                pbuf_clen
 .text.pbuf_ref
                0x00000000100094b8       0x28 CMakeFiles/pico_air_monitor.dir/pico-sdk/lib/lwip/src/core/pbuf.c.obj
                0x00000000100094b8                pbuf_ref
 .text.pbuf_cat
                0x00000000100094e0       0x44 CMakeFiles/pico_air_monitor.dir/pico-sdk/lib/lwip/src/core/pbuf.c.obj
                0x00000000100094e0                pbuf_cat
 .text.pbuf_chain
                0x0000000010009524       0x6c CMakeFiles/pico_air_monitor.dir/pico-sdk/lib/lwip/src/core/pbuf.c.obj
                0x0000000010009524                pbuf_chain
 .text.pbuf_copy_partial_pbuf
                0x0000000010009590      0x13c CMakeFiles/pico_air_monitor.dir/pico-sdk/lib/lwip/src/core/pbuf.c.obj
                0x0000000010009590                pbuf_copy_partial_pbuf
 .text.pbuf_copy
                0x00000000100096cc       0x18 CMakeFiles/pico_air_monitor.dir/pico-sdk/lib/lwip/src/core/pbuf.c.obj
                0x00000000100096cc                pbuf_copy
 .text.pbuf_copy_partial
                0x00000000100096e4       0x70 CMakeFiles/pico_air_monitor.dir/pico-sdk/lib/lwip/src/core/pbuf.c.obj
                0x00000000100096e4                pbuf_copy_partial
 .text.pbuf_get_contiguous
                0x0000000010009754       0xa4 CMakeFiles/pico_air_monitor.dir/pico-sdk/lib/lwip/src/core/pbuf.c.obj
                0x0000000010009754                pbuf_get_contiguous
 .text.pbuf_take
                0x00000000100097f8       0x78 CMakeFiles/pico_air_monitor.dir/pico-sdk/lib/lwip/src/core/pbuf.c.obj
                0x00000000100097f8                pbuf_take
 .text.pbuf_take_at
                0x0000000010009870       0xcc CMakeFiles/pico_air_monitor.dir/pico-sdk/lib/lwip/src/core/pbuf.c.obj
                0x0000000010009870                pbuf_take_at
 .text.pbuf_clone
                0x000000001000993c       0x30 CMakeFiles/pico_air_monitor.dir/pico-sdk/lib/lwip/src/core/pbuf.c.obj
                0x000000001000993c                pbuf_clone
 .text.pbuf_get_at
                0x000000001000996c       0x20 CMakeFiles/pico_air_monitor.dir/pico-sdk/lib/lwip/src/core/pbuf.c.obj
                0x000000001000996c                pbuf_get_at
 .text.pbuf_put_at
                0x000000001000998c       0x1c CMakeFiles/pico_air_monitor.dir/pico-sdk/lib/lwip/src/core/pbuf.c.obj
                0x000000001000998c                pbuf_put_at
 .text.raw_input
                0x00000000100099a8       0xf4 CMakeFiles/pico_air_monitor.dir/pico-sdk/lib/lwip/src/core/raw.c.obj
                0x00000000100099a8                raw_input
 .text.raw_netif_ip_addr_changed
                0x0000000010009a9c       0x40 CMakeFiles/pico_air_monitor.dir/pico-sdk/lib/lwip/src/core/raw.c.obj
                0x0000000010009a9c                raw_netif_ip_addr_changed
 .text.stats_init
                0x0000000010009adc        0x4 CMakeFiles/pico_air_monitor.dir/pico-sdk/lib/lwip/src/core/stats.c.obj
                0x0000000010009adc                stats_init
 .text.tcp_pcb_purge.part.1
                0x0000000010009ae0       0x8c CMakeFiles/pico_air_monitor.dir/pico-sdk/lib/lwip/src/core/tcp.c.obj
 .text.tcp_init
                0x0000000010009b6c       0x20 CMakeFiles/pico_air_monitor.dir/pico-sdk/lib/lwip/src/core/tcp.c.obj
                0x0000000010009b6c                tcp_init
 .text.tcp_free
                0x0000000010009b8c       0x1c CMakeFiles/pico_air_monitor.dir/pico-sdk/lib/lwip/src/core/tcp.c.obj
                0x0000000010009b8c                tcp_free
 .text.tcp_bind
                0x0000000010009ba8       0xec CMakeFiles/pico_air_monitor.dir/pico-sdk/lib/lwip/src/core/tcp.c.obj
                0x0000000010009ba8                tcp_bind
 .text.tcp_update_rcv_ann_wnd
                0x0000000010009c94       0x60 CMakeFiles/pico_air_monitor.dir/pico-sdk/lib/lwip/src/core/tcp.c.obj
                0x0000000010009c94                tcp_update_rcv_ann_wnd
 .text.tcp_recved
                0x0000000010009cf4       0x98 CMakeFiles/pico_air_monitor.dir/pico-sdk/lib/lwip/src/core/tcp.c.obj
                0x0000000010009cf4                tcp_recved
 .text.tcp_connect
                0x0000000010009d8c      0x1b0 CMakeFiles/pico_air_monitor.dir/pico-sdk/lib/lwip/src/core/tcp.c.obj
                0x0000000010009d8c                tcp_connect
 .text.tcp_slowtmr
                0x0000000010009f3c      0x4d0 CMakeFiles/pico_air_monitor.dir/pico-sdk/lib/lwip/src/core/tcp.c.obj
                0x0000000010009f3c                tcp_slowtmr
 .text.tcp_segs_free
                0x000000001000a40c       0x28 CMakeFiles/pico_air_monitor.dir/pico-sdk/lib/lwip/src/core/tcp.c.obj
                0x000000001000a40c                tcp_segs_free
 .text.tcp_seg_free
                0x000000001000a434       0x20 CMakeFiles/pico_air_monitor.dir/pico-sdk/lib/lwip/src/core/tcp.c.obj
                0x000000001000a434                tcp_seg_free
 .text.tcp_seg_copy
                0x000000001000a454       0x2c CMakeFiles/pico_air_monitor.dir/pico-sdk/lib/lwip/src/core/tcp.c.obj
                0x000000001000a454                tcp_seg_copy
 .text.tcp_arg  0x000000001000a480        0x8 CMakeFiles/pico_air_monitor.dir/pico-sdk/lib/lwip/src/core/tcp.c.obj
                0x000000001000a480                tcp_arg
 .text.tcp_recv
                0x000000001000a488       0x1c CMakeFiles/pico_air_monitor.dir/pico-sdk/lib/lwip/src/core/tcp.c.obj
                0x000000001000a488                tcp_recv
 .text.tcp_sent
                0x000000001000a4a4       0x1c CMakeFiles/pico_air_monitor.dir/pico-sdk/lib/lwip/src/core/tcp.c.obj
                0x000000001000a4a4                tcp_sent
 .text.tcp_err  0x000000001000a4c0       0x1c CMakeFiles/pico_air_monitor.dir/pico-sdk/lib/lwip/src/core/tcp.c.obj
                0x000000001000a4c0                tcp_err
 .text.tcp_poll
                0x000000001000a4dc       0x20 CMakeFiles/pico_air_monitor.dir/pico-sdk/lib/lwip/src/core/tcp.c.obj
                0x000000001000a4dc                tcp_poll
 .text.tcp_pcb_purge
                0x000000001000a4fc       0x18 CMakeFiles/pico_air_monitor.dir/pico-sdk/lib/lwip/src/core/tcp.c.obj
                0x000000001000a4fc                tcp_pcb_purge
 .text.tcp_pcb_remove
                0x000000001000a514      0x120 CMakeFiles/pico_air_monitor.dir/pico-sdk/lib/lwip/src/core/tcp.c.obj
                0x000000001000a514                tcp_pcb_remove
 .text.tcp_close_shutdown
                0x000000001000a634      0x1ec CMakeFiles/pico_air_monitor.dir/pico-sdk/lib/lwip/src/core/tcp.c.obj
 .text.tcp_recv_null
                0x000000001000a820       0xcc CMakeFiles/pico_air_monitor.dir/pico-sdk/lib/lwip/src/core/tcp.c.obj
                0x000000001000a820                tcp_recv_null
 .text.tcp_process_refused_data
                0x000000001000a8ec      0x118 CMakeFiles/pico_air_monitor.dir/pico-sdk/lib/lwip/src/core/tcp.c.obj
                0x000000001000a8ec                tcp_process_refused_data
 .text.tcp_fasttmr
                0x000000001000aa04      0x1dc CMakeFiles/pico_air_monitor.dir/pico-sdk/lib/lwip/src/core/tcp.c.obj
                0x000000001000aa04                tcp_fasttmr
 .text.tcp_tmr  0x000000001000abe0       0x20 CMakeFiles/pico_air_monitor.dir/pico-sdk/lib/lwip/src/core/tcp.c.obj
                0x000000001000abe0                tcp_tmr
 .text.tcp_abandon
                0x000000001000ac00      0x188 CMakeFiles/pico_air_monitor.dir/pico-sdk/lib/lwip/src/core/tcp.c.obj
                0x000000001000ac00                tcp_abandon
 .text.tcp_abort
                0x000000001000ad88        0xc CMakeFiles/pico_air_monitor.dir/pico-sdk/lib/lwip/src/core/tcp.c.obj
                0x000000001000ad88                tcp_abort
 .text.tcp_kill_state
                0x000000001000ad94       0x5c CMakeFiles/pico_air_monitor.dir/pico-sdk/lib/lwip/src/core/tcp.c.obj
 .text.tcp_alloc
                0x000000001000adf0      0x1f4 CMakeFiles/pico_air_monitor.dir/pico-sdk/lib/lwip/src/core/tcp.c.obj
                0x000000001000adf0                tcp_alloc
 .text.tcp_new_ip_type
                0x000000001000afe4      0x1d0 CMakeFiles/pico_air_monitor.dir/pico-sdk/lib/lwip/src/core/tcp.c.obj
                0x000000001000afe4                tcp_new_ip_type
 .text.tcp_close
                0x000000001000b1b4      0x1dc CMakeFiles/pico_air_monitor.dir/pico-sdk/lib/lwip/src/core/tcp.c.obj
                0x000000001000b1b4                tcp_close
 .text.tcp_next_iss
                0x000000001000b390       0x28 CMakeFiles/pico_air_monitor.dir/pico-sdk/lib/lwip/src/core/tcp.c.obj
                0x000000001000b390                tcp_next_iss
 .text.tcp_eff_send_mss_netif
                0x000000001000b3b8       0x3c CMakeFiles/pico_air_monitor.dir/pico-sdk/lib/lwip/src/core/tcp.c.obj
                0x000000001000b3b8                tcp_eff_send_mss_netif
 .text.tcp_netif_ip_addr_changed
                0x000000001000b3f4       0x94 CMakeFiles/pico_air_monitor.dir/pico-sdk/lib/lwip/src/core/tcp.c.obj
                0x000000001000b3f4                tcp_netif_ip_addr_changed
 .text.tcp_free_ooseq
                0x000000001000b488       0x2c CMakeFiles/pico_air_monitor.dir/pico-sdk/lib/lwip/src/core/tcp.c.obj
                0x000000001000b488                tcp_free_ooseq
 .text.tcp_debug_print
                0x000000001000b4b4       0x10 CMakeFiles/pico_air_monitor.dir/pico-sdk/lib/lwip/src/core/tcp.c.obj
                0x000000001000b4b4                tcp_debug_print
 .text.tcp_pcbs_sane
                0x000000001000b4c4       0x68 CMakeFiles/pico_air_monitor.dir/pico-sdk/lib/lwip/src/core/tcp.c.obj
                0x000000001000b4c4                tcp_pcbs_sane
 .text.tcp_parseopt
                0x000000001000b52c      0x188 CMakeFiles/pico_air_monitor.dir/pico-sdk/lib/lwip/src/core/tcp_in.c.obj
 .text.tcp_oos_insert_segment
                0x000000001000b6b4      0x108 CMakeFiles/pico_air_monitor.dir/pico-sdk/lib/lwip/src/core/tcp_in.c.obj
 .text.unlikely.tcp_input_delayed_close
                0x000000001000b7bc       0x4c CMakeFiles/pico_air_monitor.dir/pico-sdk/lib/lwip/src/core/tcp_in.c.obj
 .text.tcp_free_acked_segments.isra.1
                0x000000001000b808       0xd4 CMakeFiles/pico_air_monitor.dir/pico-sdk/lib/lwip/src/core/tcp_in.c.obj
 .text.tcp_receive
                0x000000001000b8dc      0xa70 CMakeFiles/pico_air_monitor.dir/pico-sdk/lib/lwip/src/core/tcp_in.c.obj
 .text.tcp_input
                0x000000001000c34c      0xe14 CMakeFiles/pico_air_monitor.dir/pico-sdk/lib/lwip/src/core/tcp_in.c.obj
                0x000000001000c34c                tcp_input
 .text.tcp_trigger_input_pcb_close
                0x000000001000d160       0x10 CMakeFiles/pico_air_monitor.dir/pico-sdk/lib/lwip/src/core/tcp_in.c.obj
                0x000000001000d160                tcp_trigger_input_pcb_close
 .text.tcp_create_segment
                0x000000001000d170      0x114 CMakeFiles/pico_air_monitor.dir/pico-sdk/lib/lwip/src/core/tcp_out.c.obj
 .text.tcp_output_control_segment
                0x000000001000d284       0xc0 CMakeFiles/pico_air_monitor.dir/pico-sdk/lib/lwip/src/core/tcp_out.c.obj
 .text.tcp_write
                0x000000001000d344      0x46c CMakeFiles/pico_air_monitor.dir/pico-sdk/lib/lwip/src/core/tcp_out.c.obj
                0x000000001000d344                tcp_write
 .text.tcp_split_unsent_seg
                0x000000001000d7b0      0x1cc CMakeFiles/pico_air_monitor.dir/pico-sdk/lib/lwip/src/core/tcp_out.c.obj
                0x000000001000d7b0                tcp_split_unsent_seg
 .text.tcp_send_fin
                0x000000001000d97c      0x134 CMakeFiles/pico_air_monitor.dir/pico-sdk/lib/lwip/src/core/tcp_out.c.obj
                0x000000001000d97c                tcp_send_fin
 .text.tcp_enqueue_flags
                0x000000001000dab0      0x128 CMakeFiles/pico_air_monitor.dir/pico-sdk/lib/lwip/src/core/tcp_out.c.obj
                0x000000001000dab0                tcp_enqueue_flags
 .text.tcp_rexmit_rto_prepare
                0x000000001000dbd8       0x94 CMakeFiles/pico_air_monitor.dir/pico-sdk/lib/lwip/src/core/tcp_out.c.obj
                0x000000001000dbd8                tcp_rexmit_rto_prepare
 .text.tcp_rexmit
                0x000000001000dc6c       0x9c CMakeFiles/pico_air_monitor.dir/pico-sdk/lib/lwip/src/core/tcp_out.c.obj
                0x000000001000dc6c                tcp_rexmit
 .text.tcp_rexmit_fast
                0x000000001000dd08       0xd4 CMakeFiles/pico_air_monitor.dir/pico-sdk/lib/lwip/src/core/tcp_out.c.obj
                0x000000001000dd08                tcp_rexmit_fast
 .text.tcp_rst  0x000000001000dddc       0xe8 CMakeFiles/pico_air_monitor.dir/pico-sdk/lib/lwip/src/core/tcp_out.c.obj
                0x000000001000dddc                tcp_rst
 .text.tcp_rst_netif
                0x000000001000dec4      0x124 CMakeFiles/pico_air_monitor.dir/pico-sdk/lib/lwip/src/core/tcp_out.c.obj
                0x000000001000dec4                tcp_rst_netif
 .text.tcp_send_empty_ack
                0x000000001000dfe8       0xf8 CMakeFiles/pico_air_monitor.dir/pico-sdk/lib/lwip/src/core/tcp_out.c.obj
                0x000000001000dfe8                tcp_send_empty_ack
 .text.tcp_output
                0x000000001000e0e0      0x458 CMakeFiles/pico_air_monitor.dir/pico-sdk/lib/lwip/src/core/tcp_out.c.obj
                0x000000001000e0e0                tcp_output
 .text.tcp_rexmit_rto_commit
                0x000000001000e538       0x24 CMakeFiles/pico_air_monitor.dir/pico-sdk/lib/lwip/src/core/tcp_out.c.obj
                0x000000001000e538                tcp_rexmit_rto_commit
 .text.tcp_rexmit_rto
                0x000000001000e55c       0x30 CMakeFiles/pico_air_monitor.dir/pico-sdk/lib/lwip/src/core/tcp_out.c.obj
                0x000000001000e55c                tcp_rexmit_rto
 .text.tcp_keepalive
                0x000000001000e58c       0xe0 CMakeFiles/pico_air_monitor.dir/pico-sdk/lib/lwip/src/core/tcp_out.c.obj
                0x000000001000e58c                tcp_keepalive
 .text.tcp_zero_window_probe
                0x000000001000e66c      0x1a4 CMakeFiles/pico_air_monitor.dir/pico-sdk/lib/lwip/src/core/tcp_out.c.obj
                0x000000001000e66c                tcp_zero_window_probe
 .text.tcpip_tcp_timer
                0x000000001000e810       0x84 CMakeFiles/pico_air_monitor.dir/pico-sdk/lib/lwip/src/core/timeouts.c.obj
 .text.lwip_cyclic_timer
                0x000000001000e894       0xa8 CMakeFiles/pico_air_monitor.dir/pico-sdk/lib/lwip/src/core/timeouts.c.obj
 .text.tcp_timer_needed
                0x000000001000e93c       0x84 CMakeFiles/pico_air_monitor.dir/pico-sdk/lib/lwip/src/core/timeouts.c.obj
                0x000000001000e93c                tcp_timer_needed
 .text.sys_timeouts_init
                0x000000001000e9c0       0x94 CMakeFiles/pico_air_monitor.dir/pico-sdk/lib/lwip/src/core/timeouts.c.obj
                0x000000001000e9c0                sys_timeouts_init
 .text.sys_timeout
                0x000000001000ea54       0x70 CMakeFiles/pico_air_monitor.dir/pico-sdk/lib/lwip/src/core/timeouts.c.obj
                0x000000001000ea54                sys_timeout
 .text.sys_untimeout
                0x000000001000eac4       0x40 CMakeFiles/pico_air_monitor.dir/pico-sdk/lib/lwip/src/core/timeouts.c.obj
                0x000000001000eac4                sys_untimeout
 .text.sys_check_timeouts
                0x000000001000eb04       0x68 CMakeFiles/pico_air_monitor.dir/pico-sdk/lib/lwip/src/core/timeouts.c.obj
                0x000000001000eb04                sys_check_timeouts
 .text.sys_timeouts_sleeptime
                0x000000001000eb6c       0x28 CMakeFiles/pico_air_monitor.dir/pico-sdk/lib/lwip/src/core/timeouts.c.obj
                0x000000001000eb6c                sys_timeouts_sleeptime
 .text.udp_init
                0x000000001000eb94       0x20 CMakeFiles/pico_air_monitor.dir/pico-sdk/lib/lwip/src/core/udp.c.obj
                0x000000001000eb94                udp_init
 .text.udp_input
                0x000000001000ebb4      0x23c CMakeFiles/pico_air_monitor.dir/pico-sdk/lib/lwip/src/core/udp.c.obj
                0x000000001000ebb4                udp_input
 .text.udp_bind
                0x000000001000edf0      0x104 CMakeFiles/pico_air_monitor.dir/pico-sdk/lib/lwip/src/core/udp.c.obj
                0x000000001000edf0                udp_bind
 .text.udp_sendto_if_src
                0x000000001000eef4      0x130 CMakeFiles/pico_air_monitor.dir/pico-sdk/lib/lwip/src/core/udp.c.obj
                0x000000001000eef4                udp_sendto_if_src
 .text.udp_sendto_if
                0x000000001000f024      0x15c CMakeFiles/pico_air_monitor.dir/pico-sdk/lib/lwip/src/core/udp.c.obj
                0x000000001000f024                udp_sendto_if
 .text.udp_sendto
                0x000000001000f180      0x188 CMakeFiles/pico_air_monitor.dir/pico-sdk/lib/lwip/src/core/udp.c.obj
                0x000000001000f180                udp_sendto
 .text.udp_connect
                0x000000001000f308       0x64 CMakeFiles/pico_air_monitor.dir/pico-sdk/lib/lwip/src/core/udp.c.obj
                0x000000001000f308                udp_connect
 .text.udp_recv
                0x000000001000f36c        0xc CMakeFiles/pico_air_monitor.dir/pico-sdk/lib/lwip/src/core/udp.c.obj
                0x000000001000f36c                udp_recv
 .text.udp_remove
                0x000000001000f378       0x48 CMakeFiles/pico_air_monitor.dir/pico-sdk/lib/lwip/src/core/udp.c.obj
                0x000000001000f378                udp_remove
 .text.udp_new  0x000000001000f3c0       0x1c CMakeFiles/pico_air_monitor.dir/pico-sdk/lib/lwip/src/core/udp.c.obj
                0x000000001000f3c0                udp_new
 .text.udp_netif_ip_addr_changed
                0x000000001000f3dc       0x40 CMakeFiles/pico_air_monitor.dir/pico-sdk/lib/lwip/src/core/udp.c.obj
                0x000000001000f3dc                udp_netif_ip_addr_changed
 .text.unlikely.dhcp_bind
                0x000000001000f41c       0xf0 CMakeFiles/pico_air_monitor.dir/pico-sdk/lib/lwip/src/core/ipv4/dhcp.c.obj
 .text.unlikely.dhcp_handle_ack.isra.3
                0x000000001000f50c       0xc4 CMakeFiles/pico_air_monitor.dir/pico-sdk/lib/lwip/src/core/ipv4/dhcp.c.obj
 .text.dhcp_create_msg.constprop.4
                0x000000001000f5d0      0x10c CMakeFiles/pico_air_monitor.dir/pico-sdk/lib/lwip/src/core/ipv4/dhcp.c.obj
 .text.dhcp_discover
                0x000000001000f6dc      0x1a0 CMakeFiles/pico_air_monitor.dir/pico-sdk/lib/lwip/src/core/ipv4/dhcp.c.obj
 .text.dhcp_reboot
                0x000000001000f87c      0x258 CMakeFiles/pico_air_monitor.dir/pico-sdk/lib/lwip/src/core/ipv4/dhcp.c.obj
 .text.dhcp_select
                0x000000001000fad4      0x2e0 CMakeFiles/pico_air_monitor.dir/pico-sdk/lib/lwip/src/core/ipv4/dhcp.c.obj
 .text.dhcp_recv
                0x000000001000fdb4      0x4ac CMakeFiles/pico_air_monitor.dir/pico-sdk/lib/lwip/src/core/ipv4/dhcp.c.obj
 .text.dhcp_set_struct
                0x0000000010010260       0x44 CMakeFiles/pico_air_monitor.dir/pico-sdk/lib/lwip/src/core/ipv4/dhcp.c.obj
                0x0000000010010260                dhcp_set_struct
 .text.dhcp_network_changed_link_up
                0x00000000100102a4       0x40 CMakeFiles/pico_air_monitor.dir/pico-sdk/lib/lwip/src/core/ipv4/dhcp.c.obj
                0x00000000100102a4                dhcp_network_changed_link_up
 .text.dhcp_renew
                0x00000000100102e4      0x1f4 CMakeFiles/pico_air_monitor.dir/pico-sdk/lib/lwip/src/core/ipv4/dhcp.c.obj
                0x00000000100102e4                dhcp_renew
 .text.dhcp_release_and_stop
                0x00000000100104d8      0x1d8 CMakeFiles/pico_air_monitor.dir/pico-sdk/lib/lwip/src/core/ipv4/dhcp.c.obj
                0x00000000100104d8                dhcp_release_and_stop
 .text.dhcp_start
                0x00000000100106b0      0x124 CMakeFiles/pico_air_monitor.dir/pico-sdk/lib/lwip/src/core/ipv4/dhcp.c.obj
                0x00000000100106b0                dhcp_start
 .text.dhcp_coarse_tmr
                0x00000000100107d4      0x290 CMakeFiles/pico_air_monitor.dir/pico-sdk/lib/lwip/src/core/ipv4/dhcp.c.obj
                0x00000000100107d4                dhcp_coarse_tmr
 .text.dhcp_fine_tmr
                0x0000000010010a64       0x78 CMakeFiles/pico_air_monitor.dir/pico-sdk/lib/lwip/src/core/ipv4/dhcp.c.obj
                0x0000000010010a64                dhcp_fine_tmr
 .text.dhcp_stop
                0x0000000010010adc      0x1d8 CMakeFiles/pico_air_monitor.dir/pico-sdk/lib/lwip/src/core/ipv4/dhcp.c.obj
                0x0000000010010adc                dhcp_stop
 .text.etharp_find_entry
                0x0000000010010cb4     0x1388 CMakeFiles/pico_air_monitor.dir/pico-sdk/lib/lwip/src/core/ipv4/etharp.c.obj
 .text.etharp_raw
                0x000000001001203c       0xf4 CMakeFiles/pico_air_monitor.dir/pico-sdk/lib/lwip/src/core/ipv4/etharp.c.obj
 .text.etharp_output_to_arp_index
                0x0000000010012130       0xf4 CMakeFiles/pico_air_monitor.dir/pico-sdk/lib/lwip/src/core/ipv4/etharp.c.obj
 .text.etharp_tmr
                0x0000000010012224       0xa0 CMakeFiles/pico_air_monitor.dir/pico-sdk/lib/lwip/src/core/ipv4/etharp.c.obj
                0x0000000010012224                etharp_tmr
 .text.etharp_cleanup_netif
                0x00000000100122c4      0x184 CMakeFiles/pico_air_monitor.dir/pico-sdk/lib/lwip/src/core/ipv4/etharp.c.obj
                0x00000000100122c4                etharp_cleanup_netif
 .text.etharp_input
                0x0000000010012448      0x1b0 CMakeFiles/pico_air_monitor.dir/pico-sdk/lib/lwip/src/core/ipv4/etharp.c.obj
                0x0000000010012448                etharp_input
 .text.etharp_query
                0x00000000100125f8      0x1bc CMakeFiles/pico_air_monitor.dir/pico-sdk/lib/lwip/src/core/ipv4/etharp.c.obj
                0x00000000100125f8                etharp_query
 .text.etharp_output
                0x00000000100127b4      0x240 CMakeFiles/pico_air_monitor.dir/pico-sdk/lib/lwip/src/core/ipv4/etharp.c.obj
                0x00000000100127b4                etharp_output
 .text.etharp_request
                0x00000000100129f4       0xf8 CMakeFiles/pico_air_monitor.dir/pico-sdk/lib/lwip/src/core/ipv4/etharp.c.obj
                0x00000000100129f4                etharp_request
 .text.icmp_input
                0x0000000010012aec      0x1fc CMakeFiles/pico_air_monitor.dir/pico-sdk/lib/lwip/src/core/ipv4/icmp.c.obj
                0x0000000010012aec                icmp_input
 .text.icmp_dest_unreach
                0x0000000010012ce8       0xcc CMakeFiles/pico_air_monitor.dir/pico-sdk/lib/lwip/src/core/ipv4/icmp.c.obj
                0x0000000010012ce8                icmp_dest_unreach
 .text.icmp_time_exceeded
                0x0000000010012db4       0xcc CMakeFiles/pico_air_monitor.dir/pico-sdk/lib/lwip/src/core/ipv4/icmp.c.obj
                0x0000000010012db4                icmp_time_exceeded
 .text.ip_reass_free_complete_datagram
                0x0000000010012e80      0x110 CMakeFiles/pico_air_monitor.dir/pico-sdk/lib/lwip/src/core/ipv4/ip4_frag.c.obj
 .text.ip_reass_tmr
                0x0000000010012f90       0x38 CMakeFiles/pico_air_monitor.dir/pico-sdk/lib/lwip/src/core/ipv4/ip4_frag.c.obj
                0x0000000010012f90                ip_reass_tmr
 .text.ip4_reass
                0x0000000010012fc8      0x68c CMakeFiles/pico_air_monitor.dir/pico-sdk/lib/lwip/src/core/ipv4/ip4_frag.c.obj
                0x0000000010012fc8                ip4_reass
 .text.ip4_frag
                0x0000000010013654      0x184 CMakeFiles/pico_air_monitor.dir/pico-sdk/lib/lwip/src/core/ipv4/ip4_frag.c.obj
                0x0000000010013654                ip4_frag
 .text.ip4_route
                0x00000000100137d8       0x7c CMakeFiles/pico_air_monitor.dir/pico-sdk/lib/lwip/src/core/ipv4/ip4.c.obj
                0x00000000100137d8                ip4_route
 .text.ip4_input
                0x0000000010013854      0x2d4 CMakeFiles/pico_air_monitor.dir/pico-sdk/lib/lwip/src/core/ipv4/ip4.c.obj
                0x0000000010013854                ip4_input
 .text.ip4_output_if
                0x0000000010013b28      0x190 CMakeFiles/pico_air_monitor.dir/pico-sdk/lib/lwip/src/core/ipv4/ip4.c.obj
                0x0000000010013b28                ip4_output_if
 .text.ip4_output_if_src
                0x0000000010013cb8      0x180 CMakeFiles/pico_air_monitor.dir/pico-sdk/lib/lwip/src/core/ipv4/ip4.c.obj
                0x0000000010013cb8                ip4_output_if_src
 .text.ip4_addr_isbroadcast_u32
                0x0000000010013e38       0x30 CMakeFiles/pico_air_monitor.dir/pico-sdk/lib/lwip/src/core/ipv4/ip4_addr.c.obj
                0x0000000010013e38                ip4_addr_isbroadcast_u32
 .text.ip4addr_aton
                0x0000000010013e68      0x19c CMakeFiles/pico_air_monitor.dir/pico-sdk/lib/lwip/src/core/ipv4/ip4_addr.c.obj
                0x0000000010013e68                ip4addr_aton
 .text.ethernet_input
                0x0000000010014004       0xd0 CMakeFiles/pico_air_monitor.dir/pico-sdk/lib/lwip/src/netif/ethernet.c.obj
                0x0000000010014004                ethernet_input
 .text.ethernet_output
                0x00000000100140d4       0x6c CMakeFiles/pico_air_monitor.dir/pico-sdk/lib/lwip/src/netif/ethernet.c.obj
                0x00000000100140d4                ethernet_output
 .text.cyw43_arch_wifi_connect_bssid_until.part.0
                0x0000000010014140       0xd4 CMakeFiles/pico_air_monitor.dir/pico-sdk/src/rp2_common/pico_cyw43_arch/cyw43_arch.c.obj
 .text.cyw43_arch_set_async_context
                0x0000000010014214        0xc CMakeFiles/pico_air_monitor.dir/pico-sdk/src/rp2_common/pico_cyw43_arch/cyw43_arch.c.obj
                0x0000000010014214                cyw43_arch_set_async_context
 .text.cyw43_arch_enable_sta_mode
                0x0000000010014220       0x1c CMakeFiles/pico_air_monitor.dir/pico-sdk/src/rp2_common/pico_cyw43_arch/cyw43_arch.c.obj
                0x0000000010014220                cyw43_arch_enable_sta_mode
 .text.cyw43_arch_wifi_connect_timeout_ms
                0x000000001001423c       0x98 CMakeFiles/pico_air_monitor.dir/pico-sdk/src/rp2_common/pico_cyw43_arch/cyw43_arch.c.obj
                0x000000001001423c                cyw43_arch_wifi_connect_timeout_ms
 .text.cyw43_arch_init_with_country
                0x00000000100142d4       0x10 CMakeFiles/pico_air_monitor.dir/pico-sdk/src/rp2_common/pico_cyw43_arch/cyw43_arch.c.obj
                0x00000000100142d4                cyw43_arch_init_with_country
 .text.cyw43_arch_gpio_put
                0x00000000100142e4       0x14 CMakeFiles/pico_air_monitor.dir/pico-sdk/src/rp2_common/pico_cyw43_arch/cyw43_arch.c.obj
                0x00000000100142e4                cyw43_arch_gpio_put
 .text.cyw43_arch_async_context
                0x00000000100142f8        0xc CMakeFiles/pico_air_monitor.dir/pico-sdk/src/rp2_common/pico_cyw43_arch/cyw43_arch.c.obj
                0x00000000100142f8                cyw43_arch_async_context
 .text.cyw43_arch_init
                0x0000000010014304       0x7c CMakeFiles/pico_air_monitor.dir/pico-sdk/src/rp2_common/pico_cyw43_arch/cyw43_arch_threadsafe_background.c.obj
                0x0000000010014304                cyw43_arch_init
 .text.ns_delay.constprop.17
                0x0000000010014380       0x20 CMakeFiles/pico_air_monitor.dir/pico-sdk/src/rp2_common/pico_cyw43_driver/cyw43_bus_pio_spi.c.obj
 .text.cyw43_spi_transfer.constprop.16
                0x00000000100143a0      0x1e4 CMakeFiles/pico_air_monitor.dir/pico-sdk/src/rp2_common/pico_cyw43_driver/cyw43_bus_pio_spi.c.obj
 .text.cyw43_spi_transfer.constprop.15
                0x0000000010014584      0x264 CMakeFiles/pico_air_monitor.dir/pico-sdk/src/rp2_common/pico_cyw43_driver/cyw43_bus_pio_spi.c.obj
 .text.cyw43_spi_init
                0x00000000100147e8      0x1cc CMakeFiles/pico_air_monitor.dir/pico-sdk/src/rp2_common/pico_cyw43_driver/cyw43_bus_pio_spi.c.obj
                0x00000000100147e8                cyw43_spi_init
 .text.cyw43_spi_deinit
                0x00000000100149b4       0x70 CMakeFiles/pico_air_monitor.dir/pico-sdk/src/rp2_common/pico_cyw43_driver/cyw43_bus_pio_spi.c.obj
                0x00000000100149b4                cyw43_spi_deinit
 .text.cyw43_spi_gpio_setup
                0x0000000010014a24       0x3c CMakeFiles/pico_air_monitor.dir/pico-sdk/src/rp2_common/pico_cyw43_driver/cyw43_bus_pio_spi.c.obj
                0x0000000010014a24                cyw43_spi_gpio_setup
 .text.cyw43_spi_reset
                0x0000000010014a60       0x28 CMakeFiles/pico_air_monitor.dir/pico-sdk/src/rp2_common/pico_cyw43_driver/cyw43_bus_pio_spi.c.obj
                0x0000000010014a60                cyw43_spi_reset
 .text.read_reg_u32_swap
                0x0000000010014a88       0x44 CMakeFiles/pico_air_monitor.dir/pico-sdk/src/rp2_common/pico_cyw43_driver/cyw43_bus_pio_spi.c.obj
                0x0000000010014a88                read_reg_u32_swap
 .text.cyw43_read_reg_u32
                0x0000000010014acc       0x5c CMakeFiles/pico_air_monitor.dir/pico-sdk/src/rp2_common/pico_cyw43_driver/cyw43_bus_pio_spi.c.obj
                0x0000000010014acc                cyw43_read_reg_u32
 .text.cyw43_read_reg_u16
                0x0000000010014b28       0x5c CMakeFiles/pico_air_monitor.dir/pico-sdk/src/rp2_common/pico_cyw43_driver/cyw43_bus_pio_spi.c.obj
                0x0000000010014b28                cyw43_read_reg_u16
 .text.cyw43_read_reg_u8
                0x0000000010014b84       0x5c CMakeFiles/pico_air_monitor.dir/pico-sdk/src/rp2_common/pico_cyw43_driver/cyw43_bus_pio_spi.c.obj
                0x0000000010014b84                cyw43_read_reg_u8
 .text.write_reg_u32_swap
                0x0000000010014be0      0x1e8 CMakeFiles/pico_air_monitor.dir/pico-sdk/src/rp2_common/pico_cyw43_driver/cyw43_bus_pio_spi.c.obj
                0x0000000010014be0                write_reg_u32_swap
 .text.cyw43_write_reg_u32
                0x0000000010014dc8      0x208 CMakeFiles/pico_air_monitor.dir/pico-sdk/src/rp2_common/pico_cyw43_driver/cyw43_bus_pio_spi.c.obj
                0x0000000010014dc8                cyw43_write_reg_u32
 .text.cyw43_write_reg_u16
                0x0000000010014fd0      0x208 CMakeFiles/pico_air_monitor.dir/pico-sdk/src/rp2_common/pico_cyw43_driver/cyw43_bus_pio_spi.c.obj
                0x0000000010014fd0                cyw43_write_reg_u16
 .text.cyw43_write_reg_u8
                0x00000000100151d8      0x208 CMakeFiles/pico_air_monitor.dir/pico-sdk/src/rp2_common/pico_cyw43_driver/cyw43_bus_pio_spi.c.obj
                0x00000000100151d8                cyw43_write_reg_u8
 .text.cyw43_read_bytes
                0x00000000100153e0       0x7c CMakeFiles/pico_air_monitor.dir/pico-sdk/src/rp2_common/pico_cyw43_driver/cyw43_bus_pio_spi.c.obj
                0x00000000100153e0                cyw43_read_bytes
 .text.cyw43_write_bytes
                0x000000001001545c       0xdc CMakeFiles/pico_air_monitor.dir/pico-sdk/src/rp2_common/pico_cyw43_driver/cyw43_bus_pio_spi.c.obj
                0x000000001001545c                cyw43_write_bytes
 .text.cyw43_ll_parse_async_event
                0x0000000010015538      0x100 CMakeFiles/pico_air_monitor.dir/pico-sdk/lib/cyw43-driver/src/cyw43_ll.c.obj
 .text.cyw43_ll_sdpcm_poll_device