Archive member included to satisfy reference by file (symbol)

/usr/lib/gcc/arm-none-eabi/6.3.1/thumb/v6-m/libgcc.a(_dvmd_tls.o)
                              CMakeFiles/pico_air_monitor.dir/pico-sdk/src/rp2_common/pico_divider/divider.S.obj (__aeabi_idiv0)
/usr/lib/gcc/arm-none-eabi/6.3.1/../../../arm-none-eabi/lib/thumb/v6-m/libc.a(lib_a-atexit.o)
                              /usr/lib/gcc/arm-none-eabi/6.3.1/../../../arm-none-eabi/lib/thumb/v6-m/crt0.o (atexit)
/usr/lib/gcc/arm-none-eabi/6.3.1/../../../arm-none-eabi/lib/thumb/v6-m/libc.a(lib_a-atoi.o)
                              CMakeFiles/pico_air_monitor.dir/pico-sdk/lib/lwip/src/core/netif.c.obj (atoi)
/usr/lib/gcc/arm-none-eabi/6.3.1/../../../arm-none-eabi/lib/thumb/v6-m/libc.a(lib_a-calloc.o)
                              CMakeFiles/pico_air_monitor.dir/pico-sdk/src/rp2_common/pico_malloc/pico_malloc.c.obj (calloc)
/usr/lib/gcc/arm-none-eabi/6.3.1/../../../arm-none-eabi/lib/thumb/v6-m/libc.a(lib_a-callocr.o)
                              /usr/lib/gcc/arm-none-eabi/6.3.1/../../../arm-none-eabi/lib/thumb/v6-m/libc.a(lib_a-calloc.o) (_calloc_r)
/usr/lib/gcc/arm-none-eabi/6.3.1/../../../arm-none-eabi/lib/thumb/v6-m/libc.a(lib_a-ctype_.o)
                              CMakeFiles/pico_air_monitor.dir/pico-sdk/lib/lwip/src/core/dns.c.obj (__ctype_ptr__)
/usr/lib/gcc/arm-none-eabi/6.3.1/../../../arm-none-eabi/lib/thumb/v6-m/libc.a(lib_a-fini.o)
                              /usr/lib/gcc/arm-none-eabi/6.3.1/../../../arm-none-eabi/lib/thumb/v6-m/crt0.o (__libc_fini_array)
/usr/lib/gcc/arm-none-eabi/6.3.1/../../../arm-none-eabi/lib/thumb/v6-m/libc.a(lib_a-impure.o)
                              CMakeFiles/pico_air_monitor.dir/pico-sdk/src/common/pico_util/pheap.c.obj (_impure_ptr)
/usr/lib/gcc/arm-none-eabi/6.3.1/../../../arm-none-eabi/lib/thumb/v6-m/libc.a(lib_a-init.o)
                              /usr/lib/gcc/arm-none-eabi/6.3.1/../../../arm-none-eabi/lib/thumb/v6-m/crt0.o (__libc_init_array)
/usr/lib/gcc/arm-none-eabi/6.3.1/../../../arm-none-eabi/lib/thumb/v6-m/libc.a(lib_a-malloc.o)
                              CMakeFiles/pico_air_monitor.dir/pico-sdk/src/rp2_common/pico_malloc/pico_malloc.c.obj (malloc)
/usr/lib/gcc/arm-none-eabi/6.3.1/../../../arm-none-eabi/lib/thumb/v6-m/libc.a(lib_a-mallocr.o)
                              /usr/lib/gcc/arm-none-eabi/6.3.1/../../../arm-none-eabi/lib/thumb/v6-m/libc.a(lib_a-callocr.o) (_malloc_r)
/usr/lib/gcc/arm-none-eabi/6.3.1/../../../arm-none-eabi/lib/thumb/v6-m/libc.a(lib_a-memcmp.o)
                              CMakeFiles/pico_air_monitor.dir/pico-sdk/lib/lwip/src/netif/ethernet.c.obj (memcmp)
/usr/lib/gcc/arm-none-eabi/6.3.1/../../../arm-none-eabi/lib/thumb/v6-m/libc.a(lib_a-memmove.o)
                              CMakeFiles/pico_air_monitor.dir/pico-sdk/lib/lwip/src/core/def.c.obj (memmove)
/usr/lib/gcc/arm-none-eabi/6.3.1/../../../arm-none-eabi/lib/thumb/v6-m/libc.a(lib_a-mlock.o)
                              /usr/lib/gcc/arm-none-eabi/6.3.1/../../../arm-none-eabi/lib/thumb/v6-m/libc.a(lib_a-mallocr.o) (__malloc_lock)
/usr/lib/gcc/arm-none-eabi/6.3.1/../../../arm-none-eabi/lib/thumb/v6-m/libc.a(lib_a-realloc.o)
                              CMakeFiles/pico_air_monitor.dir/pico-sdk/src/rp2_common/pico_malloc/pico_malloc.c.obj (realloc)
/usr/lib/gcc/arm-none-eabi/6.3.1/../../../arm-none-eabi/lib/thumb/v6-m/libc.a(lib_a-reallocr.o)
                              /usr/lib/gcc/arm-none-eabi/6.3.1/../../../arm-none-eabi/lib/thumb/v6-m/libc.a(lib_a-realloc.o) (_realloc_r)
/usr/lib/gcc/arm-none-eabi/6.3.1/../../../arm-none-eabi/lib/thumb/v6-m/libc.a(lib_a-sbrkr.o)
                              /usr/lib/gcc/arm-none-eabi/6.3.1/../../../arm-none-eabi/lib/thumb/v6-m/libc.a(lib_a-mallocr.o) (_sbrk_r)
/usr/lib/gcc/arm-none-eabi/6.3.1/../../../arm-none-eabi/lib/thumb/v6-m/libc.a(lib_a-strlen-stub.o)
                              CMakeFiles/pico_air_monitor.dir/main.c.obj (strlen)
/usr/lib/gcc/arm-none-eabi/6.3.1/../../../arm-none-eabi/lib/thumb/v6-m/libc.a(lib_a-strncmp.o)
                              CMakeFiles/pico_air_monitor.dir/pico-sdk/lib/lwip/src/core/def.c.obj (strncmp)
/usr/lib/gcc/arm-none-eabi/6.3.1/../../../arm-none-eabi/lib/thumb/v6-m/libc.a(lib_a-strtol.o)
                              /usr/lib/gcc/arm-none-eabi/6.3.1/../../../arm-none-eabi/lib/thumb/v6-m/libc.a(lib_a-atoi.o) (_strtol_r)
/usr/lib/gcc/arm-none-eabi/6.3.1/../../../arm-none-eabi/lib/thumb/v6-m/libc.a(lib_a-wbuf.o)
                              CMakeFiles/pico_air_monitor.dir/pico-sdk/src/common/pico_util/pheap.c.obj (__swbuf_r)
/usr/lib/gcc/arm-none-eabi/6.3.1/../../../arm-none-eabi/lib/thumb/v6-m/libc.a(lib_a-wsetup.o)
                              /usr/lib/gcc/arm-none-eabi/6.3.1/../../../arm-none-eabi/lib/thumb/v6-m/libc.a(lib_a-wbuf.o) (__swsetup_r)
/usr/lib/gcc/arm-none-eabi/6.3.1/../../../arm-none-eabi/lib/thumb/v6-m/libc.a(lib_a-__atexit.o)
[...]
Memory Configuration

Name             Origin             Length             Attributes
FLASH            0x0000000010000000 0x0000000000200000 xr
RAM              0x0000000020000000 0x0000000000040000 xrw
SCRATCH_X        0x0000000020040000 0x0000000000001000 xrw
SCRATCH_Y        0x0000000020041000 0x0000000000001000 xrw
*default*        0x0000000000000000 0xffffffffffffffff

Linker script and memory map

LOAD /usr/lib/gcc/arm-none-eabi/6.3.1/thumb/v6-m/crti.o
LOAD /usr/lib/gcc/arm-none-eabi/6.3.1/thumb/v6-m/crtbegin.o
LOAD /usr/lib/gcc/arm-none-eabi/6.3.1/../../../arm-none-eabi/lib/thumb/v6-m/crt0.o

.flash_begin    0x0000000010000000        0x0
                0x0000000010000000                __flash_binary_start = .

.boot2          0x0000000010000000      0x100
                0x0000000010000000                __boot2_start__ = .
 *(.boot2)
 .boot2         0x0000000010000000      0x100 /tmp/ccXvlOXT.o
                0x0000000010000100                __boot2_end__ = .
                0x0000000000000001                ASSERT (((__boot2_end__ - __boot2_start__) == 0x100), ERROR: Pico second stage bootloader must be 256 bytes in size)

.text           0x0000000010000100    0x1bfc0
                0x0000000010000100                __logical_binary_start = .
 *(.vectors)
 .vectors       0x0000000010000100       0xd4 CMakeFiles/pico_air_monitor.dir/pico-sdk/src/rp2_common/pico_standard_link/crt0.S.obj
                0x0000000010000100                __vectors
                0x0000000010000100                __VECTOR_TABLE
                0x00000000100001c0                isr_invalid
                0x00000000100001c0                __default_isrs_start
                0x00000000100001c2                isr_nmi
                0x00000000100001c4                isr_hardfault
                0x00000000100001c6                isr_svcall
                0x00000000100001c8                isr_pendsv
                0x00000000100001ca                isr_systick
                0x00000000100001cc                isr_irq30
                0x00000000100001cc                __unhandled_user_irq
                0x00000000100001cc                isr_irq13
                0x00000000100001cc                isr_irq27
                0x00000000100001cc                isr_irq31
                0x00000000100001cc                isr_irq5
                0x00000000100001cc                isr_irq11
                0x00000000100001cc                isr_irq23
                0x00000000100001cc                isr_irq18
                0x00000000100001cc                isr_irq28
                0x00000000100001cc                isr_irq19
                0x00000000100001cc                isr_irq0
                0x00000000100001cc                isr_irq6
                0x00000000100001cc                isr_irq22
                0x00000000100001cc                isr_irq17
                0x00000000100001cc                isr_irq14
                0x00000000100001cc                isr_irq2
                0x00000000100001cc                isr_irq10
                0x00000000100001cc                isr_irq8
                0x00000000100001cc                isr_irq24
                0x00000000100001cc                isr_irq1
                0x00000000100001cc                isr_irq7
                0x00000000100001cc                isr_irq21
                0x00000000100001cc                isr_irq20
                0x00000000100001cc                isr_irq15
                0x00000000100001cc                isr_irq25
                0x00000000100001cc                isr_irq4
                0x00000000100001cc                isr_irq16
                0x00000000100001cc                isr_irq29
                0x00000000100001cc                isr_irq26
                0x00000000100001cc                __default_isrs_end
                0x00000000100001cc                isr_irq3
                0x00000000100001cc                isr_irq12
                0x00000000100001cc                isr_irq9
                0x00000000100001d2                unhandled_user_irq_num_in_r0
 *(.binary_info_header)
 .binary_info_header
                0x00000000100001d4       0x14 CMakeFiles/pico_air_monitor.dir/pico-sdk/src/rp2_common/pico_standard_link/crt0.S.obj
                0x00000000100001e8                __binary_info_header_end = .
 *(.reset)
 .reset         0x00000000100001e8       0xa0 CMakeFiles/pico_air_monitor.dir/pico-sdk/src/rp2_common/pico_standard_link/crt0.S.obj
                0x00000000100001e8                _entry_point
 .reset         0x0000000010000288       0x30 CMakeFiles/pico_air_monitor.dir/pico-sdk/src/rp2_common/pico_standard_link/binary_info.c.obj
 *(.init)
 .init          0x00000000100002b8        0x4 /usr/lib/gcc/arm-none-eabi/6.3.1/thumb/v6-m/crti.o
                0x00000000100002b8                _init
 *(EXCLUDE_FILE(*libm.a: *libc.a:*lib_a-mem*.o *libgcc.a:) .text*)
 .text          0x00000000100002bc       0xb4 /usr/lib/gcc/arm-none-eabi/6.3.1/thumb/v6-m/crtbegin.o
 .text.mqtt_pub_request_cb
                0x0000000010000370       0x20 CMakeFiles/pico_air_monitor.dir/main.c.obj
                0x0000000010000370                mqtt_pub_request_cb
 .text.mqtt_connection_cb
                0x0000000010000390       0x20 CMakeFiles/pico_air_monitor.dir/main.c.obj
 .text.startup.main
                0x00000000100003b0      0x2c8 CMakeFiles/pico_air_monitor.dir/main.c.obj
                0x00000000100003b0                main
 .text.bme280_init
                0x0000000010000678       0x54 CMakeFiles/pico_air_monitor.dir/bme280.c.obj
                0x0000000010000678                bme280_init
 .text.bme280_read_raw
                0x00000000100006cc       0xc0 CMakeFiles/pico_air_monitor.dir/bme280.c.obj
                0x00000000100006cc                bme280_read_raw
 .text.bme280_convert_temp
                0x000000001000078c       0x30 CMakeFiles/pico_air_monitor.dir/bme280.c.obj
                0x000000001000078c                bme280_convert_temp
 .text.bme280_convert_pressure
                0x00000000100007bc       0xc8 CMakeFiles/pico_air_monitor.dir/bme280.c.obj
                0x00000000100007bc                bme280_convert_pressure
 .text.bme280_convert_humidity
                0x0000000010000884       0xa0 CMakeFiles/pico_air_monitor.dir/bme280.c.obj
                0x0000000010000884                bme280_convert_humidity
 .text.bme280_get_calib_params
                0x0000000010000924      0x124 CMakeFiles/pico_air_monitor.dir/bme280.c.obj
                0x0000000010000924                bme280_get_calib_params
 .text.gpio_set_function
                0x0000000010000a48       0x30 CMakeFiles/pico_air_monitor.dir/pico-sdk/src/rp2_common/hardware_gpio/gpio.c.obj
                0x0000000010000a48                gpio_set_function
 .text.gpio_set_pulls
                0x0000000010000a78       0x34 CMakeFiles/pico_air_monitor.dir/pico-sdk/src/rp2_common/hardware_gpio/gpio.c.obj
                0x0000000010000a78                gpio_set_pulls
 .text.gpio_set_input_hysteresis_enabled
                0x0000000010000aac       0x28 CMakeFiles/pico_air_monitor.dir/pico-sdk/src/rp2_common/hardware_gpio/gpio.c.obj
                0x0000000010000aac                gpio_set_input_hysteresis_enabled
 .text.gpio_set_irq_enabled
                0x0000000010000ad4       0x50 CMakeFiles/pico_air_monitor.dir/pico-sdk/src/rp2_common/hardware_gpio/gpio.c.obj
                0x0000000010000ad4                gpio_set_irq_enabled
 .text.gpio_add_raw_irq_handler_with_order_priority_masked
                0x0000000010000b24       0x44 CMakeFiles/pico_air_monitor.dir/pico-sdk/src/rp2_common/hardware_gpio/gpio.c.obj
                0x0000000010000b24                gpio_add_raw_irq_handler_with_order_priority_masked
 .text.gpio_remove_raw_irq_handler_masked
                0x0000000010000b68       0x20 CMakeFiles/pico_air_monitor.dir/pico-sdk/src/rp2_common/hardware_gpio/gpio.c.obj
                0x0000000010000b68                gpio_remove_raw_irq_handler_masked
 .text.gpio_init
                0x0000000010000b88       0x3c CMakeFiles/pico_air_monitor.dir/pico-sdk/src/rp2_common/hardware_gpio/gpio.c.obj
                0x0000000010000b88                gpio_init
 .text.running_on_fpga
                0x0000000010000bc4       0x10 CMakeFiles/pico_air_monitor.dir/pico-sdk/src/rp2_common/pico_platform/platform.c.obj
                0x0000000010000bc4                running_on_fpga
 .text.hw_claim_lock
                0x0000000010000bd4       0x18 CMakeFiles/pico_air_monitor.dir/pico-sdk/src/rp2_common/hardware_claim/claim.c.obj
                0x0000000010000bd4                hw_claim_lock
 .text.hw_claim_unlock
                0x0000000010000bec       0x14 CMakeFiles/pico_air_monitor.dir/pico-sdk/src/rp2_common/hardware_claim/claim.c.obj
                0x0000000010000bec                hw_claim_unlock
 .text.hw_claim_or_assert
                0x0000000010000c00       0x44 CMakeFiles/pico_air_monitor.dir/pico-sdk/src/rp2_common/hardware_claim/claim.c.obj
                0x0000000010000c00                hw_claim_or_assert
 .text.hw_claim_unused_from_range
                0x0000000010000c44       0x8c CMakeFiles/pico_air_monitor.dir/pico-sdk/src/rp2_common/hardware_claim/claim.c.obj
                0x0000000010000c44                hw_claim_unused_from_range
 .text.hw_claim_clear
                0x0000000010000cd0       0x38 CMakeFiles/pico_air_monitor.dir/pico-sdk/src/rp2_common/hardware_claim/claim.c.obj
                0x0000000010000cd0                hw_claim_clear
 .text.spin_locks_reset
                0x0000000010000d08       0x1c CMakeFiles/pico_air_monitor.dir/pico-sdk/src/rp2_common/hardware_sync/sync.c.obj
                0x0000000010000d08                spin_locks_reset
 .text.next_striped_spin_lock_num
                0x0000000010000d24       0x18 CMakeFiles/pico_air_monitor.dir/pico-sdk/src/rp2_common/hardware_sync/sync.c.obj
                0x0000000010000d24                next_striped_spin_lock_num
 .text.spin_lock_claim_unused
                0x0000000010000d3c       0x20 CMakeFiles/pico_air_monitor.dir/pico-sdk/src/rp2_common/hardware_sync/sync.c.obj
                0x0000000010000d3c                spin_lock_claim_unused
 .text.irq_set_enabled
                0x0000000010000d5c       0x24 CMakeFiles/pico_air_monitor.dir/pico-sdk/src/rp2_common/hardware_irq/irq.c.obj
                0x0000000010000d5c                irq_set_enabled
 .text.irq_set_pending
                0x0000000010000d80       0x10 CMakeFiles/pico_air_monitor.dir/pico-sdk/src/rp2_common/hardware_irq/irq.c.obj
                0x0000000010000d80                irq_set_pending
 .text.irq_has_shared_handler
                0x0000000010000d90       0x2c CMakeFiles/pico_air_monitor.dir/pico-sdk/src/rp2_common/hardware_irq/irq.c.obj
                0x0000000010000d90                irq_has_shared_handler
 .text.irq_get_vtable_handler
                0x0000000010000dbc       0x10 CMakeFiles/pico_air_monitor.dir/pico-sdk/src/rp2_common/hardware_irq/irq.c.obj
                0x0000000010000dbc                irq_get_vtable_handler
 .text.irq_set_exclusive_handler
                0x0000000010000dcc       0x54 CMakeFiles/pico_air_monitor.dir/pico-sdk/src/rp2_common/hardware_irq/irq.c.obj
                0x0000000010000dcc                irq_set_exclusive_handler
 .text.irq_add_shared_handler
                0x0000000010000e20      0x1d0 CMakeFiles/pico_air_monitor.dir/pico-sdk/src/rp2_common/hardware_irq/irq.c.obj
                0x0000000010000e20                irq_add_shared_handler
 .text.irq_remove_handler
                0x0000000010000ff0      0x1b0 CMakeFiles/pico_air_monitor.dir/pico-sdk/src/rp2_common/hardware_irq/irq.c.obj
                0x0000000010000ff0                irq_remove_handler
 .text.irq_set_priority
                0x00000000100011a0       0x28 CMakeFiles/pico_air_monitor.dir/pico-sdk/src/rp2_common/hardware_irq/irq.c.obj
                0x00000000100011a0                irq_set_priority
 .text.irq_add_tail_to_free_list
                0x00000000100011c8       0xb4 CMakeFiles/pico_air_monitor.dir/pico-sdk/src/rp2_common/hardware_irq/irq.c.obj
                0x00000000100011c8                irq_add_tail_to_free_list
 .text.irq_init_priorities
                0x000000001000127c       0x48 CMakeFiles/pico_air_monitor.dir/pico-sdk/src/rp2_common/hardware_irq/irq.c.obj
                0x000000001000127c                irq_init_priorities
 .text.user_irq_unclaim
                0x00000000100012c4       0x14 CMakeFiles/pico_air_monitor.dir/pico-sdk/src/rp2_common/hardware_irq/irq.c.obj
                0x00000000100012c4                user_irq_unclaim
 .text.user_irq_claim_unused
                0x00000000100012d8       0x28 CMakeFiles/pico_air_monitor.dir/pico-sdk/src/rp2_common/hardware_irq/irq.c.obj
                0x00000000100012d8                user_irq_claim_unused
 .text.sem_init
                0x0000000010001300       0x20 CMakeFiles/pico_air_monitor.dir/pico-sdk/src/common/pico_sync/sem.c.obj
                0x0000000010001300                sem_init
 .text.lock_init
                0x0000000010001320       0x10 CMakeFiles/pico_air_monitor.dir/pico-sdk/src/common/pico_sync/lock_core.c.obj
                0x0000000010001320                lock_init
 .text.mutex_init
                0x0000000010001330       0x1c CMakeFiles/pico_air_monitor.dir/pico-sdk/src/common/pico_sync/mutex.c.obj
                0x0000000010001330                mutex_init
 .text.recursive_mutex_init
                0x000000001000134c       0x20 CMakeFiles/pico_air_monitor.dir/pico-sdk/src/common/pico_sync/mutex.c.obj
                0x000000001000134c                recursive_mutex_init
 .text.critical_section_init
                0x000000001000136c       0x20 CMakeFiles/pico_air_monitor.dir/pico-sdk/src/common/pico_sync/critical_section.c.obj
                0x000000001000136c                critical_section_init
 .text.critical_section_init_with_lock_num
                0x000000001000138c       0x14 CMakeFiles/pico_air_monitor.dir/pico-sdk/src/common/pico_sync/critical_section.c.obj
                0x000000001000138c                critical_section_init_with_lock_num
 .text.timer_pool_entry_comparator
                0x00000000100013a0       0x34 CMakeFiles/pico_air_monitor.dir/pico-sdk/src/common/pico_time/time.c.obj
                0x00000000100013a0                timer_pool_entry_comparator
 .text.sleep_until_callback
                0x00000000100013d4       0x30 CMakeFiles/pico_air_monitor.dir/pico-sdk/src/common/pico_time/time.c.obj
 .text.add_alarm_under_lock
                0x0000000010001404      0x124 CMakeFiles/pico_air_monitor.dir/pico-sdk/src/common/pico_time/time.c.obj
 .text.alarm_pool_alarm_callback
                0x0000000010001528      0x1c0 CMakeFiles/pico_air_monitor.dir/pico-sdk/src/common/pico_time/time.c.obj
 .text.alarm_pool_init_default
                0x00000000100016e8       0x6c CMakeFiles/pico_air_monitor.dir/pico-sdk/src/common/pico_time/time.c.obj
                0x00000000100016e8                alarm_pool_init_default
 .text.alarm_pool_get_default
                0x0000000010001754        0x8 CMakeFiles/pico_air_monitor.dir/pico-sdk/src/common/pico_time/time.c.obj
                0x0000000010001754                alarm_pool_get_default
 .text.alarm_pool_add_alarm_at
                0x000000001000175c      0x194 CMakeFiles/pico_air_monitor.dir/pico-sdk/src/common/pico_time/time.c.obj
                0x000000001000175c                alarm_pool_add_alarm_at
 .text.alarm_pool_cancel_alarm
                0x00000000100018f0       0x78 CMakeFiles/pico_air_monitor.dir/pico-sdk/src/common/pico_time/time.c.obj
                0x00000000100018f0                alarm_pool_cancel_alarm
 .text.alarm_pool_core_num
                0x0000000010001968        0x4 CMakeFiles/pico_air_monitor.dir/pico-sdk/src/common/pico_time/time.c.obj
                0x0000000010001968                alarm_pool_core_num
 .text.sleep_until
                0x000000001000196c      0x1e8 CMakeFiles/pico_air_monitor.dir/pico-sdk/src/common/pico_time/time.c.obj
                0x000000001000196c                sleep_until
 .text.sleep_ms
                0x0000000010001b54       0x34 CMakeFiles/pico_air_monitor.dir/pico-sdk/src/common/pico_time/time.c.obj
                0x0000000010001b54                sleep_ms
 .text.best_effort_wfe_or_timeout
                0x0000000010001b88      0x1f8 CMakeFiles/pico_air_monitor.dir/pico-sdk/src/common/pico_time/time.c.obj
                0x0000000010001b88                best_effort_wfe_or_timeout
 .text.hardware_alarm_irq_handler
                0x0000000010001d80       0xa4 CMakeFiles/pico_air_monitor.dir/pico-sdk/src/rp2_common/hardware_timer/timer.c.obj
 .text.hardware_alarm_claim
                0x0000000010001e24       0x18 CMakeFiles/pico_air_monitor.dir/pico-sdk/src/rp2_common/hardware_timer/timer.c.obj
                0x0000000010001e24                hardware_alarm_claim
 .text.time_us_64
                0x0000000010001e3c       0x18 CMakeFiles/pico_air_monitor.dir/pico-sdk/src/rp2_common/hardware_timer/timer.c.obj
                0x0000000010001e3c                time_us_64
 .text.busy_wait_us
                0x0000000010001e54       0x54 CMakeFiles/pico_air_monitor.dir/pico-sdk/src/rp2_common/hardware_timer/timer.c.obj
                0x0000000010001e54                busy_wait_us
 .text.busy_wait_until
                0x0000000010001ea8       0x20 CMakeFiles/pico_air_monitor.dir/pico-sdk/src/rp2_common/hardware_timer/timer.c.obj
                0x0000000010001ea8                busy_wait_until
 .text.hardware_alarm_set_callback
                0x0000000010001ec8       0x8c CMakeFiles/pico_air_monitor.dir/pico-sdk/src/rp2_common/hardware_timer/timer.c.obj
                0x0000000010001ec8                hardware_alarm_set_callback
 .text.hardware_alarm_set_target
                0x0000000010001f54       0xdc CMakeFiles/pico_air_monitor.dir/pico-sdk/src/rp2_common/hardware_timer/timer.c.obj
                0x0000000010001f54                hardware_alarm_set_target
 .text.hardware_alarm_cancel
                0x0000000010002030       0x40 CMakeFiles/pico_air_monitor.dir/pico-sdk/src/rp2_common/hardware_timer/timer.c.obj
                0x0000000010002030                hardware_alarm_cancel
 .text.ph_merge_two_pass.part.3
                0x0000000010002070      0x18c CMakeFiles/pico_air_monitor.dir/pico-sdk/src/common/pico_util/pheap.c.obj
 .text.ph_post_alloc_init
                0x00000000100021fc       0x3c CMakeFiles/pico_air_monitor.dir/pico-sdk/src/common/pico_util/pheap.c.obj
                0x00000000100021fc                ph_post_alloc_init
 .text.ph_remove_head
                0x0000000010002238      0x154 CMakeFiles/pico_air_monitor.dir/pico-sdk/src/common/pico_util/pheap.c.obj
                0x0000000010002238                ph_remove_head
 .text.ph_remove_and_free_node
                0x000000001000238c      0x310 CMakeFiles/pico_air_monitor.dir/pico-sdk/src/common/pico_util/pheap.c.obj
                0x000000001000238c                ph_remove_and_free_node
 .text.clocks_init
                0x000000001000269c      0x2dc CMakeFiles/pico_air_monitor.dir/pico-sdk/src/rp2_common/hardware_clocks/clocks.c.obj
                0x000000001000269c                clocks_init
 .text.clock_get_hz
                0x0000000010002978        0xc CMakeFiles/pico_air_monitor.dir/pico-sdk/src/rp2_common/hardware_clocks/clocks.c.obj
                0x0000000010002978                clock_get_hz
 .text.pll_init
                0x0000000010002984       0x9c CMakeFiles/pico_air_monitor.dir/pico-sdk/src/rp2_common/hardware_pll/pll.c.obj
                0x0000000010002984                pll_init
 .text.watchdog_start_tick
                0x0000000010002a20       0x10 CMakeFiles/pico_air_monitor.dir/pico-sdk/src/rp2_common/hardware_watchdog/watchdog.c.obj
                0x0000000010002a20                watchdog_start_tick
 .text.watchdog_reboot
                0x0000000010002a30       0x94 CMakeFiles/pico_air_monitor.dir/pico-sdk/src/rp2_common/hardware_watchdog/watchdog.c.obj
                0x0000000010002a30                watchdog_reboot
 .text.xosc_init
                0x0000000010002ac4       0x28 CMakeFiles/pico_air_monitor.dir/pico-sdk/src/rp2_common/hardware_xosc/xosc.c.obj
                0x0000000010002ac4                xosc_init
 .text.runtime_init
                0x0000000010002aec       0xf4 CMakeFiles/pico_air_monitor.dir/pico-sdk/src/rp2_common/pico_runtime/runtime.c.obj
                0x0000000010002aec                runtime_init
 .text._exit    0x0000000010002be0        0x4 CMakeFiles/pico_air_monitor.dir/pico-sdk/src/rp2_common/pico_runtime/runtime.c.obj
                0x0000000010002be0                _exit
 .text._sbrk    0x0000000010002be4       0x34 CMakeFiles/pico_air_monitor.dir/pico-sdk/src/rp2_common/pico_runtime/runtime.c.obj
                0x0000000010002be4                _sbrk
 .text.exit     0x0000000010002c18        0x8 CMakeFiles/pico_air_monitor.dir/pico-sdk/src/rp2_common/pico_runtime/runtime.c.obj
                0x0000000010002c18                exit
 .text.panic    0x0000000010002c20       0x30 CMakeFiles/pico_air_monitor.dir/pico-sdk/src/rp2_common/pico_runtime/runtime.c.obj
                0x0000000010002c20                panic
 .text.hard_assertion_failure
                0x0000000010002c50        0xc CMakeFiles/pico_air_monitor.dir/pico-sdk/src/rp2_common/pico_runtime/runtime.c.obj
                0x0000000010002c50                hard_assertion_failure
 .text._out_buffer
                0x0000000010002c5c        0x8 CMakeFiles/pico_air_monitor.dir/pico-sdk/src/rp2_common/pico_printf/printf.c.obj
 .text._out_null
                0x0000000010002c64        0x4 CMakeFiles/pico_air_monitor.dir/pico-sdk/src/rp2_common/pico_printf/printf.c.obj
 .text._out_fct
                0x0000000010002c68       0x10 CMakeFiles/pico_air_monitor.dir/pico-sdk/src/rp2_common/pico_printf/printf.c.obj
 .text._out_char
                0x0000000010002c78       0x3c CMakeFiles/pico_air_monitor.dir/pico-sdk/src/rp2_common/pico_printf/printf.c.obj
 .text._ntoa_format
                0x0000000010002cb4      0x214 CMakeFiles/pico_air_monitor.dir/pico-sdk/src/rp2_common/pico_printf/printf.c.obj
 .text._ftoa    0x0000000010002ec8      0x6c4 CMakeFiles/pico_air_monitor.dir/pico-sdk/src/rp2_common/pico_printf/printf.c.obj
 .text._etoa.part.1
                0x000000001000358c      0x3e0 CMakeFiles/pico_air_monitor.dir/pico-sdk/src/rp2_common/pico_printf/printf.c.obj
 .text._vsnprintf
                0x000000001000396c      0xb30 CMakeFiles/pico_air_monitor.dir/pico-sdk/src/rp2_common/pico_printf/printf.c.obj
 .text.__wrap_sprintf
                0x000000001000449c       0x28 CMakeFiles/pico_air_monitor.dir/pico-sdk/src/rp2_common/pico_printf/printf.c.obj
                0x000000001000449c                __wrap_sprintf
 .text.vfctprintf
                0x00000000100044c4       0x20 CMakeFiles/pico_air_monitor.dir/pico-sdk/src/rp2_common/pico_printf/printf.c.obj
                0x00000000100044c4                vfctprintf
 .text.weak_raw_vprintf
                0x00000000100044e4       0x30 CMakeFiles/pico_air_monitor.dir/pico-sdk/src/rp2_common/pico_printf/printf.c.obj
                0x00000000100044e4                weak_raw_vprintf
 .text          0x0000000010004514       0x10 CMakeFiles/pico_air_monitor.dir/pico-sdk/src/rp2_common/pico_bit_ops/bit_ops_aeabi.S.obj
 .text.ctzsi    0x0000000010004524        0xc CMakeFiles/pico_air_monitor.dir/pico-sdk/src/rp2_common/pico_bit_ops/bit_ops_aeabi.S.obj
                0x0000000010004524                __wrap___ctzsi2
 .text.rom_func_lookup
                0x0000000010004530       0x10 CMakeFiles/pico_air_monitor.dir/pico-sdk/src/rp2_common/pico_bootrom/bootrom.c.obj
                0x0000000010004530                rom_func_lookup
 .text.rom_data_lookup
                0x0000000010004540       0x10 CMakeFiles/pico_air_monitor.dir/pico-sdk/src/rp2_common/pico_bootrom/bootrom.c.obj
                0x0000000010004540                rom_data_lookup
 .text.rom_funcs_lookup
                0x0000000010004550       0x44 CMakeFiles/pico_air_monitor.dir/pico-sdk/src/rp2_common/pico_bootrom/bootrom.c.obj
                0x0000000010004550                rom_funcs_lookup
 .text.__wrap___aeabi_idiv
                0x0000000010004594       0x50 CMakeFiles/pico_air_monitor.dir/pico-sdk/src/rp2_common/pico_divider/divider.S.obj
                0x0000000010004594                __wrap___aeabi_idivmod
                0x0000000010004594                divmod_s32s32
                0x0000000010004594                div_s32s32
                0x0000000010004594                __wrap___aeabi_idiv
                0x000000001000459c                divmod_s32s32_unsafe
                0x00000000100045c8                divmod_s32s32_savestate
 .text.__wrap___aeabi_uidiv
                0x00000000100045e4       0x4c CMakeFiles/pico_air_monitor.dir/pico-sdk/src/rp2_common/pico_divider/divider.S.obj
                0x00000000100045e4                __wrap___aeabi_uidiv
                0x00000000100045e4                __wrap___aeabi_uidivmod
                0x00000000100045e4                div_u32u32
                0x00000000100045e4                divmod_u32u32
                0x00000000100045ec                divmod_u32u32_unsafe
                0x0000000010004614                divmod_u32u32_savestate
 .text.__wrap___aeabi_ldiv
                0x0000000010004630      0x424 CMakeFiles/pico_air_monitor.dir/pico-sdk/src/rp2_common/pico_divider/divider.S.obj
                0x0000000010004630                div_s64s64
                0x0000000010004630                divmod_s64s64
                0x0000000010004630                __wrap___aeabi_ldivmod
                0x0000000010004660                div_u64u64
                0x0000000010004660                divmod_u64u64
                0x0000000010004660                __wrap___aeabi_uldivmod
                0x0000000010004670                divmod_u64u64_savestate
                0x0000000010004690                divmod_s64s64_unsafe
                0x0000000010004718                divmod_u64u64_unsafe
 .text.__wrap___aeabi_darithmetic
                0x0000000010004a54       0x60 CMakeFiles/pico_air_monitor.dir/pico-sdk/src/rp2_common/pico_double/double_aeabi.S.obj
                0x0000000010004a54                __wrap___aeabi_drsub
                0x0000000010004a5a                __wrap___aeabi_dsub
                0x0000000010004a64                __wrap___aeabi_dadd
                0x0000000010004a6e                __wrap___aeabi_ddiv
                0x0000000010004aa2                __wrap___aeabi_dmul
 .text.__wrap___aeabi_cdcmple
                0x0000000010004ab4       0x6c CMakeFiles/pico_air_monitor.dir/pico-sdk/src/rp2_common/pico_double/double_aeabi.S.obj
                0x0000000010004ab4                __wrap___aeabi_cdrcmple
                0x0000000010004ac4                __wrap___aeabi_cdcmple
                0x0000000010004ac4                __wrap___aeabi_cdcmpeq
 .text.__wrap___aeabi_dcmplt
                0x0000000010004b20        0xc CMakeFiles/pico_air_monitor.dir/pico-sdk/src/rp2_common/pico_double/double_aeabi.S.obj
                0x0000000010004b20                __wrap___aeabi_dcmplt
 .text.__wrap___aeabi_dcmpge
                0x0000000010004b2c       0x10 CMakeFiles/pico_air_monitor.dir/pico-sdk/src/rp2_common/pico_double/double_aeabi.S.obj
                0x0000000010004b2c                __wrap___aeabi_dcmpge
 .text.__wrap___aeabi_dcmpgt
                0x0000000010004b3c        0xa CMakeFiles/pico_air_monitor.dir/pico-sdk/src/rp2_common/pico_double/double_aeabi.S.obj
                0x0000000010004b3c                __wrap___aeabi_dcmpgt
 .text.__wrap___aeabi_dcmpun
                0x0000000010004b46       0x1c CMakeFiles/pico_air_monitor.dir/pico-sdk/src/rp2_common/pico_double/double_aeabi.S.obj
                0x0000000010004b46                __wrap___aeabi_dcmpun
 *fill*         0x0000000010004b62        0x2 
 .text.__wrap___aeabi_i2d
                0x0000000010004b64       0x38 CMakeFiles/pico_air_monitor.dir/pico-sdk/src/rp2_common/pico_double/double_aeabi.S.obj
                0x0000000010004b64                __wrap___aeabi_ui2d
                0x0000000010004b6c                __wrap___aeabi_i2d
 .text.__wrap___aeabi_d2iz
                0x0000000010004b9c       0x48 CMakeFiles/pico_air_monitor.dir/pico-sdk/src/rp2_common/pico_double/double_aeabi.S.obj
                0x0000000010004b9c                __wrap___aeabi_d2iz
                0x0000000010004b9c                double2int_z
 .text.__wrap___aeabi_d2uiz
                0x0000000010004be4       0x10 CMakeFiles/pico_air_monitor.dir/pico-sdk/src/rp2_common/pico_double/double_aeabi.S.obj
                0x0000000010004be4                double2uint
                0x0000000010004be4                __wrap___aeabi_d2uiz
 .text.missing_double_func_shim
                0x0000000010004bf4        0xc CMakeFiles/pico_air_monitor.dir/pico-sdk/src/rp2_common/pico_double/double_init_rom.c.obj
 .text.__aeabi_double_init
                0x0000000010004c00       0x64 CMakeFiles/pico_air_monitor.dir/pico-sdk/src/rp2_common/pico_double/double_init_rom.c.obj
                0x0000000010004c00                __aeabi_double_init
 .text.double_table_shim_on_use_helper
                0x0000000010004c64       0x2c CMakeFiles/pico_air_monitor.dir/pico-sdk/src/rp2_common/pico_double/double_v1_rom_shim.S.obj
                0x0000000010004c64                double_table_shim_on_use_helper
 .text.__aeabi_lmul
                0x0000000010004c90       0x32 CMakeFiles/pico_air_monitor.dir/pico-sdk/src/rp2_common/pico_int64_ops/pico_int64_ops_aeabi.S.obj
                0x0000000010004c90                __wrap___aeabi_lmul
 *fill*         0x0000000010004cc2        0x2 
 .text.__wrap___aeabi_farithmetic
                0x0000000010004cc4       0x48 CMakeFiles/pico_air_monitor.dir/pico-sdk/src/rp2_common/pico_float/float_aeabi.S.obj
                0x0000000010004cc4                __wrap___aeabi_frsub
                0x0000000010004cca                __wrap___aeabi_fsub
                0x0000000010004cd0                __wrap___aeabi_fadd
                0x0000000010004cd6                __wrap___aeabi_fdiv
                0x0000000010004cfe                __wrap___aeabi_fmul
 .text.__wrap___aeabi_i2f
                0x0000000010004d0c       0x44 CMakeFiles/pico_air_monitor.dir/pico-sdk/src/rp2_common/pico_float/float_aeabi.S.obj
                0x0000000010004d0c                __wrap___aeabi_i2f
 .text.__wrap___aeabi_f2d
                0x0000000010004d50        0xc CMakeFiles/pico_air_monitor.dir/pico-sdk/src/rp2_common/pico_float/float_aeabi.S.obj
                0x0000000010004d50                __wrap___aeabi_f2d
 .text.missing_float_func_shim
                0x0000000010004d5c        0xc CMakeFiles/pico_air_monitor.dir/pico-sdk/src/rp2_common/pico_float/float_init_rom.c.obj
 .text.__aeabi_float_init
                0x0000000010004d68       0x60 CMakeFiles/pico_air_monitor.dir/pico-sdk/src/rp2_common/pico_float/float_init_rom.c.obj
                0x0000000010004d68                __aeabi_float_init
 .text.__wrap_calloc
                0x0000000010004dc8       0x24 CMakeFiles/pico_air_monitor.dir/pico-sdk/src/rp2_common/pico_malloc/pico_malloc.c.obj
                0x0000000010004dc8                __wrap_calloc
 .text          0x0000000010004dec       0x10 CMakeFiles/pico_air_monitor.dir/pico-sdk/src/rp2_common/pico_mem_ops/mem_ops_aeabi.S.obj
                0x0000000010004dec                __aeabi_mem_init
 .text.memset   0x0000000010004dfc        0xc CMakeFiles/pico_air_monitor.dir/pico-sdk/src/rp2_common/pico_mem_ops/mem_ops_aeabi.S.obj
                0x0000000010004dfc                __wrap_memset
 .text.memcpy   0x0000000010004e08        0xc CMakeFiles/pico_air_monitor.dir/pico-sdk/src/rp2_common/pico_mem_ops/mem_ops_aeabi.S.obj
                0x0000000010004e08                __wrap___aeabi_memcpy
                0x0000000010004e08                __wrap_memcpy
 .text.stdio_out_chars_no_crlf
                0x0000000010004e14       0x10 CMakeFiles/pico_air_monitor.dir/pico-sdk/src/rp2_common/pico_stdio/stdio.c.obj
 .text.stdio_out_chars_crlf
                0x0000000010004e24       0xbc CMakeFiles/pico_air_monitor.dir/pico-sdk/src/rp2_common/pico_stdio/stdio.c.obj
 .text.stdio_buffered_printer
                0x0000000010004ee0       0x64 CMakeFiles/pico_air_monitor.dir/pico-sdk/src/rp2_common/pico_stdio/stdio.c.obj
 .text.stdio_put_string
                0x0000000010004f44       0xfc CMakeFiles/pico_air_monitor.dir/pico-sdk/src/rp2_common/pico_stdio/stdio.c.obj
 .text.__wrap_puts
                0x0000000010005040       0x34 CMakeFiles/pico_air_monitor.dir/pico-sdk/src/rp2_common/pico_stdio/stdio.c.obj
                0x0000000010005040                __wrap_puts
 .text._read    0x0000000010005074       0x90 CMakeFiles/pico_air_monitor.dir/pico-sdk/src/rp2_common/pico_stdio/stdio.c.obj
                0x0000000010005074                _read
 .text._write   0x0000000010005104       0xac CMakeFiles/pico_air_monitor.dir/pico-sdk/src/rp2_common/pico_stdio/stdio.c.obj
                0x0000000010005104                _write
 .text._close   0x00000000100051b0        0x8 CMakeFiles/pico_air_monitor.dir/pico-sdk/src/rp2_common/pico_stdio/stdio.c.obj
                0x00000000100051b0                _close
 .text._lseek   0x00000000100051b8        0x8 CMakeFiles/pico_air_monitor.dir/pico-sdk/src/rp2_common/pico_stdio/stdio.c.obj
                0x00000000100051b8                _lseek
 .text._fstat   0x00000000100051c0        0x8 CMakeFiles/pico_air_monitor.dir/pico-sdk/src/rp2_common/pico_stdio/stdio.c.obj
                0x00000000100051c0                _fstat
 .text._isatty  0x00000000100051c8        0xc CMakeFiles/pico_air_monitor.dir/pico-sdk/src/rp2_common/pico_stdio/stdio.c.obj
                0x00000000100051c8                _isatty
 .text.stdio_set_driver_enabled
                0x00000000100051d4       0x30 CMakeFiles/pico_air_monitor.dir/pico-sdk/src/rp2_common/pico_stdio/stdio.c.obj
                0x00000000100051d4                stdio_set_driver_enabled
 .text.__wrap_vprintf
                0x0000000010005204       0xcc CMakeFiles/pico_air_monitor.dir/pico-sdk/src/rp2_common/pico_stdio/stdio.c.obj
                0x0000000010005204                __wrap_vprintf
 .text.__wrap_printf
                0x00000000100052d0       0x18 CMakeFiles/pico_air_monitor.dir/pico-sdk/src/rp2_common/pico_stdio/stdio.c.obj
                0x00000000100052d0                __wrap_printf
 .text.stdio_init_all
                0x00000000100052e8        0x8 CMakeFiles/pico_air_monitor.dir/pico-sdk/src/rp2_common/pico_stdio/stdio.c.obj
                0x00000000100052e8                stdio_init_all
 .text.resetd_init
                0x00000000100052f0        0x4 CMakeFiles/pico_air_monitor.dir/pico-sdk/src/rp2_common/pico_stdio_usb/reset_interface.c.obj
 .text.resetd_reset
                0x00000000100052f4        0xc CMakeFiles/pico_air_monitor.dir/pico-sdk/src/rp2_common/pico_stdio_usb/reset_interface.c.obj
 .text.resetd_xfer_cb
                0x0000000010005300        0x4 CMakeFiles/pico_air_monitor.dir/pico-sdk/src/rp2_common/pico_stdio_usb/reset_interface.c.obj
 .text.resetd_open
                0x0000000010005304       0x28 CMakeFiles/pico_air_monitor.dir/pico-sdk/src/rp2_common/pico_stdio_usb/reset_interface.c.obj
 .text.resetd_control_xfer_cb
                0x000000001000532c       0x60 CMakeFiles/pico_air_monitor.dir/pico-sdk/src/rp2_common/pico_stdio_usb/reset_interface.c.obj
 .text.usbd_app_driver_get_cb
                0x000000001000538c        0xc CMakeFiles/pico_air_monitor.dir/pico-sdk/src/rp2_common/pico_stdio_usb/reset_interface.c.obj
                0x000000001000538c                usbd_app_driver_get_cb
 .text.tud_cdc_line_coding_cb
                0x0000000010005398       0x34 CMakeFiles/pico_air_monitor.dir/pico-sdk/src/rp2_common/pico_stdio_usb/reset_interface.c.obj
                0x0000000010005398                tud_cdc_line_coding_cb
 .text.stdio_usb_set_chars_available_callback
                0x00000000100053cc       0x14 CMakeFiles/pico_air_monitor.dir/pico-sdk/src/rp2_common/pico_stdio_usb/stdio_usb.c.obj
                0x00000000100053cc                stdio_usb_set_chars_available_callback
 .text.usb_irq  0x00000000100053e0       0x10 CMakeFiles/pico_air_monitor.dir/pico-sdk/src/rp2_common/pico_stdio_usb/stdio_usb.c.obj
 .text.timer_task
                0x00000000100053f0       0x54 CMakeFiles/pico_air_monitor.dir/pico-sdk/src/rp2_common/pico_stdio_usb/stdio_usb.c.obj
 .text.stdio_usb_in_chars
                0x0000000010005444       0x8c CMakeFiles/pico_air_monitor.dir/pico-sdk/src/rp2_common/pico_stdio_usb/stdio_usb.c.obj
                0x0000000010005444                stdio_usb_in_chars
 .text.stdio_usb_out_chars
                0x00000000100054d0       0xfc CMakeFiles/pico_air_monitor.dir/pico-sdk/src/rp2_common/pico_stdio_usb/stdio_usb.c.obj
 .text.low_priority_worker_irq
                0x00000000100055cc       0xa4 CMakeFiles/pico_air_monitor.dir/pico-sdk/src/rp2_common/pico_stdio_usb/stdio_usb.c.obj
 .text.tud_cdc_rx_cb
                0x0000000010005670       0x20 CMakeFiles/pico_air_monitor.dir/pico-sdk/src/rp2_common/pico_stdio_usb/stdio_usb.c.obj
                0x0000000010005670                tud_cdc_rx_cb
 .text.stdio_usb_init
                0x0000000010005690       0xd8 CMakeFiles/pico_air_monitor.dir/pico-sdk/src/rp2_common/pico_stdio_usb/stdio_usb.c.obj
                0x0000000010005690                stdio_usb_init
 .text.tud_descriptor_device_cb
                0x0000000010005768        0x8 CMakeFiles/pico_air_monitor.dir/pico-sdk/src/rp2_common/pico_stdio_usb/stdio_usb_descriptors.c.obj
                0x0000000010005768                tud_descriptor_device_cb
 .text.tud_descriptor_configuration_cb
                0x0000000010005770        0x8 CMakeFiles/pico_air_monitor.dir/pico-sdk/src/rp2_common/pico_stdio_usb/stdio_usb_descriptors.c.obj
                0x0000000010005770                tud_descriptor_configuration_cb
 .text.tud_descriptor_string_cb
                0x0000000010005778       0x70 CMakeFiles/pico_air_monitor.dir/pico-sdk/src/rp2_common/pico_stdio_usb/stdio_usb_descriptors.c.obj
                0x0000000010005778                tud_descriptor_string_cb
 .text.startup._retrieve_unique_id_on_boot
                0x00000000100057e8       0x10 CMakeFiles/pico_air_monitor.dir/pico-sdk/src/rp2_common/pico_unique_id/unique_id.c.obj
 .text.pico_get_unique_board_id
                0x00000000100057f8       0x10 CMakeFiles/pico_air_monitor.dir/pico-sdk/src/rp2_common/pico_unique_id/unique_id.c.obj
                0x00000000100057f8                pico_get_unique_board_id
 .text.pico_get_unique_board_id_string
                0x0000000010005808      0x1c0 CMakeFiles/pico_air_monitor.dir/pico-sdk/src/rp2_common/pico_unique_id/unique_id.c.obj
                0x0000000010005808                pico_get_unique_board_id_string
 .text.flash_get_unique_id
                0x00000000100059c8       0x3c CMakeFiles/pico_air_monitor.dir/pico-sdk/src/rp2_common/hardware_flash/flash.c.obj
                0x00000000100059c8                flash_get_unique_id
 .text.dcd_int_enable
                0x0000000010005a04        0xc CMakeFiles/pico_air_monitor.dir/pico-sdk/lib/tinyusb/src/portable/raspberrypi/rp2040/dcd_rp2040.c.obj
                0x0000000010005a04                dcd_int_enable
 .text.dcd_set_address
                0x0000000010005a10       0x14 CMakeFiles/pico_air_monitor.dir/pico-sdk/lib/tinyusb/src/portable/raspberrypi/rp2040/dcd_rp2040.c.obj
                0x0000000010005a10                dcd_set_address
 .text.dcd_connect
                0x0000000010005a24       0x10 CMakeFiles/pico_air_monitor.dir/pico-sdk/lib/tinyusb/src/portable/raspberrypi/rp2040/dcd_rp2040.c.obj
                0x0000000010005a24                dcd_connect
 .text.dcd_init
                0x0000000010005a34       0x98 CMakeFiles/pico_air_monitor.dir/pico-sdk/lib/tinyusb/src/portable/raspberrypi/rp2040/dcd_rp2040.c.obj
                0x0000000010005a34                dcd_init
 .text.dcd_edpt0_status_complete
                0x0000000010005acc       0x1c CMakeFiles/pico_air_monitor.dir/pico-sdk/lib/tinyusb/src/portable/raspberrypi/rp2040/dcd_rp2040.c.obj
                0x0000000010005acc                dcd_edpt0_status_complete
 .text.dcd_edpt_open
                0x0000000010005ae8      0x124 CMakeFiles/pico_air_monitor.dir/pico-sdk/lib/tinyusb/src/portable/raspberrypi/rp2040/dcd_rp2040.c.obj
                0x0000000010005ae8                dcd_edpt_open
 .text.dcd_edpt_close_all
                0x0000000010005c0c        0x8 CMakeFiles/pico_air_monitor.dir/pico-sdk/lib/tinyusb/src/portable/raspberrypi/rp2040/dcd_rp2040.c.obj
                0x0000000010005c0c                dcd_edpt_close_all
 .text.dcd_edpt_xfer
                0x0000000010005c14       0x24 CMakeFiles/pico_air_monitor.dir/pico-sdk/lib/tinyusb/src/portable/raspberrypi/rp2040/dcd_rp2040.c.obj
                0x0000000010005c14                dcd_edpt_xfer
 .text.dcd_edpt_stall
                0x0000000010005c38       0x38 CMakeFiles/pico_air_monitor.dir/pico-sdk/lib/tinyusb/src/portable/raspberrypi/rp2040/dcd_rp2040.c.obj
                0x0000000010005c38                dcd_edpt_stall
 .text.dcd_edpt_clear_stall
                0x0000000010005c70       0x2c CMakeFiles/pico_air_monitor.dir/pico-sdk/lib/tinyusb/src/portable/raspberrypi/rp2040/dcd_rp2040.c.obj
                0x0000000010005c70                dcd_edpt_clear_stall
 .text.rp2040_usb_init
                0x0000000010005c9c       0x4c CMakeFiles/pico_air_monitor.dir/pico-sdk/lib/tinyusb/src/portable/raspberrypi/rp2040/rp2040_usb.c.obj
                0x0000000010005c9c                rp2040_usb_init
 .text.hw_endpoint_xfer_start
                0x0000000010005ce8       0x54 CMakeFiles/pico_air_monitor.dir/pico-sdk/lib/tinyusb/src/portable/raspberrypi/rp2040/rp2040_usb.c.obj
                0x0000000010005ce8                hw_endpoint_xfer_start
 .text.tud_mounted
                0x0000000010005d3c       0x10 CMakeFiles/pico_air_monitor.dir/pico-sdk/lib/tinyusb/src/device/usbd.c.obj
                0x0000000010005d3c                tud_mounted
 .text.tud_suspended
                0x0000000010005d4c       0x10 CMakeFiles/pico_air_monitor.dir/pico-sdk/lib/tinyusb/src/device/usbd.c.obj
                0x0000000010005d4c                tud_suspended
 .text.tud_inited
                0x0000000010005d5c       0x14 CMakeFiles/pico_air_monitor.dir/pico-sdk/lib/tinyusb/src/device/usbd.c.obj
                0x0000000010005d5c                tud_inited
 .text.tud_init
                0x0000000010005d70       0xdc CMakeFiles/pico_air_monitor.dir/pico-sdk/lib/tinyusb/src/device/usbd.c.obj
                0x0000000010005d70                tud_init
 .text.usbd_open_edpt_pair
                0x0000000010005e4c       0xbc CMakeFiles/pico_air_monitor.dir/pico-sdk/lib/tinyusb/src/device/usbd.c.obj
                0x0000000010005e4c                usbd_open_edpt_pair
 .text.usbd_defer_func
                0x0000000010005f08       0x54 CMakeFiles/pico_air_monitor.dir/pico-sdk/lib/tinyusb/src/device/usbd.c.obj
                0x0000000010005f08                usbd_defer_func
 .text.usbd_edpt_open
                0x0000000010005f5c       0x38 CMakeFiles/pico_air_monitor.dir/pico-sdk/lib/tinyusb/src/device/usbd.c.obj
                0x0000000010005f5c                usbd_edpt_open
 .text.usbd_edpt_claim
                0x0000000010005f94       0x28 CMakeFiles/pico_air_monitor.dir/pico-sdk/lib/tinyusb/src/device/usbd.c.obj
                0x0000000010005f94                usbd_edpt_claim
 .text.usbd_edpt_release
                0x0000000010005fbc       0x28 CMakeFiles/pico_air_monitor.dir/pico-sdk/lib/tinyusb/src/device/usbd.c.obj
                0x0000000010005fbc                usbd_edpt_release
 .text.usbd_edpt_xfer
                0x0000000010005fe4       0x4c CMakeFiles/pico_air_monitor.dir/pico-sdk/lib/tinyusb/src/device/usbd.c.obj
                0x0000000010005fe4                usbd_edpt_xfer
 .text.usbd_edpt_clear_stall
                0x0000000010006030       0x3c CMakeFiles/pico_air_monitor.dir/pico-sdk/lib/tinyusb/src/device/usbd.c.obj
                0x0000000010006030                usbd_edpt_clear_stall
 .text.tud_task_ext
                0x000000001000606c      0x8e4 CMakeFiles/pico_air_monitor.dir/pico-sdk/lib/tinyusb/src/device/usbd.c.obj
                0x000000001000606c                tud_task_ext
 .text.tud_control_status
                0x0000000010006950       0x30 CMakeFiles/pico_air_monitor.dir/pico-sdk/lib/tinyusb/src/device/usbd_control.c.obj
                0x0000000010006950                tud_control_status
 .text.tud_control_xfer
                0x0000000010006980       0xac CMakeFiles/pico_air_monitor.dir/pico-sdk/lib/tinyusb/src/device/usbd_control.c.obj
                0x0000000010006980                tud_control_xfer
 .text.usbd_control_reset
                0x0000000010006a2c       0x14 CMakeFiles/pico_air_monitor.dir/pico-sdk/lib/tinyusb/src/device/usbd_control.c.obj
                0x0000000010006a2c                usbd_control_reset
 .text.usbd_control_set_complete_callback
                0x0000000010006a40        0xc CMakeFiles/pico_air_monitor.dir/pico-sdk/lib/tinyusb/src/device/usbd_control.c.obj
                0x0000000010006a40                usbd_control_set_complete_callback
 .text.usbd_control_set_request
                0x0000000010006a4c       0x1c CMakeFiles/pico_air_monitor.dir/pico-sdk/lib/tinyusb/src/device/usbd_control.c.obj
                0x0000000010006a4c                usbd_control_set_request
 .text.usbd_control_xfer_cb
                0x0000000010006a68       0xf8 CMakeFiles/pico_air_monitor.dir/pico-sdk/lib/tinyusb/src/device/usbd_control.c.obj
                0x0000000010006a68                usbd_control_xfer_cb
 .text.tud_cdc_n_connected
                0x0000000010006b60       0x30 CMakeFiles/pico_air_monitor.dir/pico-sdk/lib/tinyusb/src/class/cdc/cdc_device.c.obj
                0x0000000010006b60                tud_cdc_n_connected
 .text.tud_cdc_n_available
                0x0000000010006b90       0x1c CMakeFiles/pico_air_monitor.dir/pico-sdk/lib/tinyusb/src/class/cdc/cdc_device.c.obj
                0x0000000010006b90                tud_cdc_n_available
 .text.tud_cdc_n_read
                0x0000000010006bac       0x70 CMakeFiles/pico_air_monitor.dir/pico-sdk/lib/tinyusb/src/class/cdc/cdc_device.c.obj
                0x0000000010006bac                tud_cdc_n_read
 .text.tud_cdc_n_write
                0x0000000010006c1c       0x90 CMakeFiles/pico_air_monitor.dir/pico-sdk/lib/tinyusb/src/class/cdc/cdc_device.c.obj
                0x0000000010006c1c                tud_cdc_n_write
 .text.tud_cdc_n_write_flush
                0x0000000010006cac       0x78 CMakeFiles/pico_air_monitor.dir/pico-sdk/lib/tinyusb/src/class/cdc/cdc_device.c.obj
                0x0000000010006cac                tud_cdc_n_write_flush
 .text.tud_cdc_n_write_available
                0x0000000010006d24       0x1c CMakeFiles/pico_air_monitor.dir/pico-sdk/lib/tinyusb/src/class/cdc/cdc_device.c.obj
                0x0000000010006d24                tud_cdc_n_write_available
 .text.cdcd_init
                0x0000000010006d40       0x7c CMakeFiles/pico_air_monitor.dir/pico-sdk/lib/tinyusb/src/class/cdc/cdc_device.c.obj
                0x0000000010006d40                cdcd_init
 .text.cdcd_reset
                0x0000000010006dbc       0x2c CMakeFiles/pico_air_monitor.dir/pico-sdk/lib/tinyusb/src/class/cdc/cdc_device.c.obj
                0x0000000010006dbc                cdcd_reset
 .text.cdcd_open
                0x0000000010006de8       0xe8 CMakeFiles/pico_air_monitor.dir/pico-sdk/lib/tinyusb/src/class/cdc/cdc_device.c.obj
                0x0000000010006de8                cdcd_open
 .text.cdcd_control_xfer_cb
                0x0000000010006ed0       0xe0 CMakeFiles/pico_air_monitor.dir/pico-sdk/lib/tinyusb/src/class/cdc/cdc_device.c.obj
                0x0000000010006ed0                cdcd_control_xfer_cb
 .text.cdcd_xfer_cb
                0x0000000010006fb0      0x194 CMakeFiles/pico_air_monitor.dir/pico-sdk/lib/tinyusb/src/class/cdc/cdc_device.c.obj
                0x0000000010006fb0                cdcd_xfer_cb
 .text.tusb_init
                0x0000000010007144        0xc CMakeFiles/pico_air_monitor.dir/pico-sdk/lib/tinyusb/src/tusb.c.obj
                0x0000000010007144                tusb_init
 .text.tusb_inited
                0x0000000010007150        0x8 CMakeFiles/pico_air_monitor.dir/pico-sdk/lib/tinyusb/src/tusb.c.obj
                0x0000000010007150                tusb_inited
 .text.tu_edpt_claim
                0x0000000010007158       0x48 CMakeFiles/pico_air_monitor.dir/pico-sdk/lib/tinyusb/src/tusb.c.obj
                0x0000000010007158                tu_edpt_claim
 .text.tu_edpt_release
                0x00000000100071a0       0x34 CMakeFiles/pico_air_monitor.dir/pico-sdk/lib/tinyusb/src/tusb.c.obj
                0x00000000100071a0                tu_edpt_release
 .text.tu_edpt_validate
                0x00000000100071d4       0x70 CMakeFiles/pico_air_monitor.dir/pico-sdk/lib/tinyusb/src/tusb.c.obj
                0x00000000100071d4                tu_edpt_validate
 .text.tu_edpt_bind_driver
                0x0000000010007244       0x34 CMakeFiles/pico_air_monitor.dir/pico-sdk/lib/tinyusb/src/tusb.c.obj
                0x0000000010007244                tu_edpt_bind_driver
 .text.tu_fifo_config
                0x0000000010007278       0x7c CMakeFiles/pico_air_monitor.dir/pico-sdk/lib/tinyusb/src/common/tusb_fifo.c.obj
                0x0000000010007278                tu_fifo_config
 .text.tu_fifo_count
                0x00000000100072f4       0x28 CMakeFiles/pico_air_monitor.dir/pico-sdk/lib/tinyusb/src/common/tusb_fifo.c.obj
                0x00000000100072f4                tu_fifo_count
 .text.tu_fifo_empty
                0x000000001000731c       0x10 CMakeFiles/pico_air_monitor.dir/pico-sdk/lib/tinyusb/src/common/tusb_fifo.c.obj
                0x000000001000731c                tu_fifo_empty
 .text.tu_fifo_remaining
                0x000000001000732c       0x28 CMakeFiles/pico_air_monitor.dir/pico-sdk/lib/tinyusb/src/common/tusb_fifo.c.obj
                0x000000001000732c                tu_fifo_remaining
 .text.tu_fifo_read
                0x0000000010007354       0xa0 CMakeFiles/pico_air_monitor.dir/pico-sdk/lib/tinyusb/src/common/tusb_fifo.c.obj
                0x0000000010007354                tu_fifo_read
 .text.tu_fifo_read_n
                0x00000000100073f4       0xe8 CMakeFiles/pico_air_monitor.dir/pico-sdk/lib/tinyusb/src/common/tusb_fifo.c.obj
                0x00000000100073f4                tu_fifo_read_n
 .text.tu_fifo_write
                0x00000000100074dc       0x8c CMakeFiles/pico_air_monitor.dir/pico-sdk/lib/tinyusb/src/common/tusb_fifo.c.obj
                0x00000000100074dc                tu_fifo_write
 .text.tu_fifo_write_n
                0x0000000010007568      0x134 CMakeFiles/pico_air_monitor.dir/pico-sdk/lib/tinyusb/src/common/tusb_fifo.c.obj
                0x0000000010007568                tu_fifo_write_n
 .text.tu_fifo_clear
                0x000000001000769c       0x40 CMakeFiles/pico_air_monitor.dir/pico-sdk/lib/tinyusb/src/common/tusb_fifo.c.obj
                0x000000001000769c                tu_fifo_clear
 .text.tu_fifo_set_overwritable
                0x00000000100076dc       0x48 CMakeFiles/pico_air_monitor.dir/pico-sdk/lib/tinyusb/src/common/tusb_fifo.c.obj
                0x00000000100076dc                tu_fifo_set_overwritable
 .text.lwip_timeout_reached
                0x0000000010007724        0x8 CMakeFiles/pico_air_monitor.dir/pico-sdk/src/rp2_common/pico_lwip/lwip_nosys.c.obj
 .text.update_next_timeout
                0x000000001000772c       0x6c CMakeFiles/pico_air_monitor.dir/pico-sdk/src/rp2_common/pico_lwip/lwip_nosys.c.obj
 .text.lwip_nosys_init
                0x0000000010007798       0x30 CMakeFiles/pico_air_monitor.dir/pico-sdk/src/rp2_common/pico_lwip/lwip_nosys.c.obj
                0x0000000010007798                lwip_nosys_init
 .text.lwip_nosys_deinit
                0x00000000100077c8       0x20 CMakeFiles/pico_air_monitor.dir/pico-sdk/src/rp2_common/pico_lwip/lwip_nosys.c.obj
                0x00000000100077c8                lwip_nosys_deinit
 .text.sys_arch_protect
                0x00000000100077e8        0x4 CMakeFiles/pico_air_monitor.dir/pico-sdk/src/rp2_common/pico_lwip/lwip_nosys.c.obj
                0x00000000100077e8                sys_arch_protect
 .text.sys_arch_unprotect
                0x00000000100077ec        0x4 CMakeFiles/pico_air_monitor.dir/pico-sdk/src/rp2_common/pico_lwip/lwip_nosys.c.obj
                0x00000000100077ec                sys_arch_unprotect
 .text.sys_now  0x00000000100077f0       0x20 CMakeFiles/pico_air_monitor.dir/pico-sdk/src/rp2_common/pico_lwip/lwip_nosys.c.obj
                0x00000000100077f0                sys_now
 .text.async_context_base_add_at_time_worker
                0x0000000010007810       0x28 CMakeFiles/pico_air_monitor.dir/pico-sdk/src/rp2_common/pico_async_context/async_context_base.c.obj
                0x0000000010007810                async_context_base_add_at_time_worker
 .text.async_context_base_remove_at_time_worker
                0x0000000010007838       0x28 CMakeFiles/pico_air_monitor.dir/pico-sdk/src/rp2_common/pico_async_context/async_context_base.c.obj
                0x0000000010007838                async_context_base_remove_at_time_worker
 .text.async_context_base_add_when_pending_worker
                0x0000000010007860       0x24 CMakeFiles/pico_air_monitor.dir/pico-sdk/src/rp2_common/pico_async_context/async_context_base.c.obj
                0x0000000010007860                async_context_base_add_when_pending_worker
 .text.async_context_base_remove_when_pending_worker
                0x0000000010007884       0x28 CMakeFiles/pico_air_monitor.dir/pico-sdk/src/rp2_common/pico_async_context/async_context_base.c.obj
                0x0000000010007884                async_context_base_remove_when_pending_worker
 .text.async_context_base_execute_once
                0x00000000100078ac      0x128 CMakeFiles/pico_air_monitor.dir/pico-sdk/src/rp2_common/pico_async_context/async_context_base.c.obj
                0x00000000100078ac                async_context_base_execute_once
 .text.splitmix64
                0x00000000100079d4       0x58 CMakeFiles/pico_air_monitor.dir/pico-sdk/src/rp2_common/pico_rand/rand.c.obj
 .text.xoroshiro128ss
                0x0000000010007a2c       0x8c CMakeFiles/pico_air_monitor.dir/pico-sdk/src/rp2_common/pico_rand/rand.c.obj
 .text.get_rand_64
                0x0000000010007ab8      0x470 CMakeFiles/pico_air_monitor.dir/pico-sdk/src/rp2_common/pico_rand/rand.c.obj
                0x0000000010007ab8                get_rand_64
 .text.get_rand_32
                0x0000000010007f28        0x8 CMakeFiles/pico_air_monitor.dir/pico-sdk/src/rp2_common/pico_rand/rand.c.obj
                0x0000000010007f28                get_rand_32
 .text.lwip_init
                0x0000000010007f30       0x24 CMakeFiles/pico_air_monitor.dir/pico-sdk/lib/lwip/src/core/init.c.obj
                0x0000000010007f30                lwip_init
 .text.lwip_htons
                0x0000000010007f54        0x8 CMakeFiles/pico_air_monitor.dir/pico-sdk/lib/lwip/src/core/def.c.obj
                0x0000000010007f54                lwip_htons
 .text.lwip_htonl
                0x0000000010007f5c        0x4 CMakeFiles/pico_air_monitor.dir/pico-sdk/lib/lwip/src/core/def.c.obj
                0x0000000010007f5c                lwip_htonl
 .text.dns_send
                0x0000000010007f60      0x2c0 CMakeFiles/pico_air_monitor.dir/pico-sdk/lib/lwip/src/core/dns.c.obj
 .text.dns_init
                0x0000000010008220        0x4 CMakeFiles/pico_air_monitor.dir/pico-sdk/lib/lwip/src/core/dns.c.obj
                0x0000000010008220                dns_init
 .text.dns_setserver
                0x0000000010008224       0x30 CMakeFiles/pico_air_monitor.dir/pico-sdk/lib/lwip/src/core/dns.c.obj
                0x0000000010008224                dns_setserver
 .text.dns_tmr  0x0000000010008254      0x2c4 CMakeFiles/pico_air_monitor.dir/pico-sdk/lib/lwip/src/core/dns.c.obj
                0x0000000010008254                dns_tmr
 .text.lwip_standard_chksum
                0x0000000010008518       0xe0 CMakeFiles/pico_air_monitor.dir/pico-sdk/lib/lwip/src/core/inet_chksum.c.obj
                0x0000000010008518                lwip_standard_chksum
 .text.inet_chksum_pseudo
                0x00000000100085f8       0xbc CMakeFiles/pico_air_monitor.dir/pico-sdk/lib/lwip/src/core/inet_chksum.c.obj
                0x00000000100085f8                inet_chksum_pseudo
 .text.ip_chksum_pseudo
                0x00000000100086b4       0x10 CMakeFiles/pico_air_monitor.dir/pico-sdk/lib/lwip/src/core/inet_chksum.c.obj
                0x00000000100086b4                ip_chksum_pseudo
 .text.inet_chksum
                0x00000000100086c4        0xc CMakeFiles/pico_air_monitor.dir/pico-sdk/lib/lwip/src/core/inet_chksum.c.obj
                0x00000000100086c4                inet_chksum
 .text.inet_chksum_pbuf
                0x00000000100086d0       0x6c CMakeFiles/pico_air_monitor.dir/pico-sdk/lib/lwip/src/core/inet_chksum.c.obj
                0x00000000100086d0                inet_chksum_pbuf
 .text.mem_init
                0x000000001000873c       0x40 CMakeFiles/pico_air_monitor.dir/pico-sdk/lib/lwip/src/core/mem.c.obj
                0x000000001000873c                mem_init
 .text.mem_free
                0x000000001000877c      0x128 CMakeFiles/pico_air_monitor.dir/pico-sdk/lib/lwip/src/core/mem.c.obj
                0x000000001000877c                mem_free
 .text.mem_trim
                0x00000000100088a4       0xf0 CMakeFiles/pico_air_monitor.dir/pico-sdk/lib/lwip/src/core/mem.c.obj
                0x00000000100088a4                mem_trim
 .text.mem_malloc
                0x0000000010008994      0x124 CMakeFiles/pico_air_monitor.dir/pico-sdk/lib/lwip/src/core/mem.c.obj
                0x0000000010008994                mem_malloc
 .text.mem_calloc
                0x0000000010008ab8       0x28 CMakeFiles/pico_air_monitor.dir/pico-sdk/lib/lwip/src/core/mem.c.obj
                0x0000000010008ab8                mem_calloc
 .text.memp_init
                0x0000000010008ae0       0x70 CMakeFiles/pico_air_monitor.dir/pico-sdk/lib/lwip/src/core/memp.c.obj
                0x0000000010008ae0                memp_init
 .text.memp_malloc
                0x0000000010008b50       0x44 CMakeFiles/pico_air_monitor.dir/pico-sdk/lib/lwip/src/core/memp.c.obj
                0x0000000010008b50                memp_malloc
 .text.memp_free
                0x0000000010008b94       0x38 CMakeFiles/pico_air_monitor.dir/pico-sdk/lib/lwip/src/core/memp.c.obj
                0x0000000010008b94                memp_free
 .text.netif_null_output_ip4
                0x0000000010008bcc        0x8 CMakeFiles/pico_air_monitor.dir/pico-sdk/lib/lwip/src/core/netif.c.obj
 .text.netif_do_set_ipaddr
                0x0000000010008bd4       0x74 CMakeFiles/pico_air_monitor.dir/pico-sdk/lib/lwip/src/core/netif.c.obj
 .text.netif_init
                0x0000000010008c48        0x4 CMakeFiles/pico_air_monitor.dir/pico-sdk/lib/lwip/src/core/netif.c.obj
                0x0000000010008c48                netif_init
 .text.netif_add
                0x0000000010008c4c      0x168 CMakeFiles/pico_air_monitor.dir/pico-sdk/lib/lwip/src/core/netif.c.obj
                0x0000000010008c4c                netif_add
 .text.netif_set_addr
                0x0000000010008db4       0xb8 CMakeFiles/pico_air_monitor.dir/pico-sdk/lib/lwip/src/core/netif.c.obj
                0x0000000010008db4                netif_set_addr
 .text.netif_remove
                0x0000000010008e6c       0xa0 CMakeFiles/pico_air_monitor.dir/pico-sdk/lib/lwip/src/core/netif.c.obj
                0x0000000010008e6c                netif_remove
 .text.netif_set_default
                0x0000000010008f0c        0xc CMakeFiles/pico_air_monitor.dir/pico-sdk/lib/lwip/src/core/netif.c.obj
                0x0000000010008f0c                netif_set_default
 .text.netif_set_up
                0x0000000010008f18       0x40 CMakeFiles/pico_air_monitor.dir/pico-sdk/lib/lwip/src/core/netif.c.obj
                0x0000000010008f18                netif_set_up
 .text.netif_set_link_up
                0x0000000010008f58       0x44 CMakeFiles/pico_air_monitor.dir/pico-sdk/lib/lwip/src/core/netif.c.obj
                0x0000000010008f58                netif_set_link_up
 .text.netif_set_link_down
                0x0000000010008f9c       0x20 CMakeFiles/pico_air_monitor.dir/pico-sdk/lib/lwip/src/core/netif.c.obj
                0x0000000010008f9c                netif_set_link_down
 .text.netif_get_by_index
                0x0000000010008fbc       0x38 CMakeFiles/pico_air_monitor.dir/pico-sdk/lib/lwip/src/core/netif.c.obj
                0x0000000010008fbc                netif_get_by_index
 .text.pbuf_free_ooseq
                0x0000000010008ff4       0x34 CMakeFiles/pico_air_monitor.dir/pico-sdk/lib/lwip/src/core/pbuf.c.obj
                0x0000000010008ff4                pbuf_free_ooseq
 .text.pbuf_alloc
                0x0000000010009028      0x19c CMakeFiles/pico_air_monitor.dir/pico-sdk/lib/lwip/src/core/pbuf.c.obj
                0x0000000010009028                pbuf_alloc
 .text.pbuf_realloc
                0x00000000100091c4       0xe4 CMakeFiles/pico_air_monitor.dir/pico-sdk/lib/lwip/src/core/pbuf.c.obj
                0x00000000100091c4                pbuf_realloc
 .text.pbuf_add_header
                0x00000000100092a8       0x54 CMakeFiles/pico_air_monitor.dir/pico-sdk/lib/lwip/src/core/pbuf.c.obj
                0x00000000100092a8                pbuf_add_header
 .text.pbuf_remove_header
                0x00000000100092fc       0x44 CMakeFiles/pico_air_monitor.dir/pico-sdk/lib/lwip/src/core/pbuf.c.obj
                0x00000000100092fc                pbuf_remove_header
 .text.pbuf_header_force
                0x0000000010009340       0x78 CMakeFiles/pico_air_monitor.dir/pico-sdk/lib/lwip/src/core/pbuf.c.obj
                0x0000000010009340                pbuf_header_force
 .text.pbuf_free
                0x00000000100093b8       0x7c CMakeFiles/pico_air_monitor.dir/pico-sdk/lib/lwip/src/core/pbuf.c.obj
                0x00000000100093b8                pbuf_free
 .text.pbuf_clen
                0x0000000010009434       0x14 CMakeFiles/pico_air_monitor.dir/pico-sdk/lib/lwip/src/core/pbuf.c.obj
                0x0000000010009434                pbuf_clen
 .text.pbuf_ref
                0x0000000010009448       0x28 CMakeFiles/pico_air_monitor.dir/pico-sdk/lib/lwip/src/core/pbuf.c.obj
                0x0000000010009448                pbuf_ref
 .text.pbuf_cat
                0x0000000010009470       0x44 CMakeFiles/pico_air_monitor.dir/pico-sdk/lib/lwip/src/core/pbuf.c.obj
                0x0000000010009470                pbuf_cat
 .text.pbuf_chain
                0x00000000100094b4       0x6c CMakeFiles/pico_air_monitor.dir/pico-sdk/lib/lwip/src/core/pbuf.c.obj
                0x00000000100094b4                pbuf_chain
 .text.pbuf_copy_partial_pbuf
                0x0000000010009520      0x13c CMakeFiles/pico_air_monitor.dir/pico-sdk/lib/lwip/src/core/pbuf.c.obj
                0x0000000010009520                pbuf_copy_partial_pbuf
 .text.pbuf_copy
                0x000000001000965c       0x18 CMakeFiles/pico_air_monitor.dir/pico-sdk/lib/lwip/src/core/pbuf.c.obj
                0x000000001000965c                pbuf_copy
 .text.pbuf_copy_partial
                0x0000000010009674       0x70 CMakeFiles/pico_air_monitor.dir/pico-sdk/lib/lwip/src/core/pbuf.c.obj
                0x0000000010009674                pbuf_copy_partial
 .text.pbuf_get_contiguous
                0x00000000100096e4       0xa4 CMakeFiles/pico_air_monitor.dir/pico-sdk/lib/lwip/src/core/pbuf.c.obj
                0x00000000100096e4                pbuf_get_contiguous
 .text.pbuf_take
                0x0000000010009788       0x78 CMakeFiles/pico_air_monitor.dir/pico-sdk/lib/lwip/src/core/pbuf.c.obj
                0x0000000010009788                pbuf_take
 .text.pbuf_take_at
                0x0000000010009800       0xcc CMakeFiles/pico_air_monitor.dir/pico-sdk/lib/lwip/src/core/pbuf.c.obj
                0x0000000010009800                pbuf_take_at
 .text.pbuf_clone
                0x00000000100098cc       0x30 CMakeFiles/pico_air_monitor.dir/pico-sdk/lib/lwip/src/core/pbuf.c.obj
                0x00000000100098cc                pbuf_clone
 .text.pbuf_get_at
                0x00000000100098fc       0x20 CMakeFiles/pico_air_monitor.dir/pico-sdk/lib/lwip/src/core/pbuf.c.obj
                0x00000000100098fc                pbuf_get_at
 .text.pbuf_put_at
                0x000000001000991c       0x1c CMakeFiles/pico_air_monitor.dir/pico-sdk/lib/lwip/src/core/pbuf.c.obj
                0x000000001000991c                pbuf_put_at
 .text.raw_input
                0x0000000010009938       0xf4 CMakeFiles/pico_air_monitor.dir/pico-sdk/lib/lwip/src/core/raw.c.obj
                0x0000000010009938                raw_input
 .text.raw_netif_ip_addr_changed
                0x0000000010009a2c       0x40 CMakeFiles/pico_air_monitor.dir/pico-sdk/lib/lwip/src/core/raw.c.obj
                0x0000000010009a2c                raw_netif_ip_addr_changed
 .text.stats_init
                0x0000000010009a6c        0x4 CMakeFiles/pico_air_monitor.dir/pico-sdk/lib/lwip/src/core/stats.c.obj
                0x0000000010009a6c                stats_init
 .text.tcp_pcb_purge.part.1
                0x0000000010009a70       0x8c CMakeFiles/pico_air_monitor.dir/pico-sdk/lib/lwip/src/core/tcp.c.obj
 .text.tcp_init
                0x0000000010009afc       0x20 CMakeFiles/pico_air_monitor.dir/pico-sdk/lib/lwip/src/core/tcp.c.obj
                0x0000000010009afc                tcp_init
 .text.tcp_free
                0x0000000010009b1c       0x1c CMakeFiles/pico_air_monitor.dir/pico-sdk/lib/lwip/src/core/tcp.c.obj
                0x0000000010009b1c                tcp_free
 .text.tcp_bind
                0x0000000010009b38       0xec CMakeFiles/pico_air_monitor.dir/pico-sdk/lib/lwip/src/core/tcp.c.obj
                0x0000000010009b38                tcp_bind
 .text.tcp_update_rcv_ann_wnd
                0x0000000010009c24       0x60 CMakeFiles/pico_air_monitor.dir/pico-sdk/lib/lwip/src/core/tcp.c.obj
                0x0000000010009c24                tcp_update_rcv_ann_wnd
 .text.tcp_recved
                0x0000000010009c84       0x98 CMakeFiles/pico_air_monitor.dir/pico-sdk/lib/lwip/src/core/tcp.c.obj
                0x0000000010009c84                tcp_recved
 .text.tcp_connect
                0x0000000010009d1c      0x1b0 CMakeFiles/pico_air_monitor.dir/pico-sdk/lib/lwip/src/core/tcp.c.obj
                0x0000000010009d1c                tcp_connect
 .text.tcp_slowtmr
                0x0000000010009ecc      0x4d0 CMakeFiles/pico_air_monitor.dir/pico-sdk/lib/lwip/src/core/tcp.c.obj
                0x0000000010009ecc                tcp_slowtmr
 .text.tcp_segs_free
                0x000000001000a39c       0x28 CMakeFiles/pico_air_monitor.dir/pico-sdk/lib/lwip/src/core/tcp.c.obj
                0x000000001000a39c                tcp_segs_free
 .text.tcp_seg_free
                0x000000001000a3c4       0x20 CMakeFiles/pico_air_monitor.dir/pico-sdk/lib/lwip/src/core/tcp.c.obj
                0x000000001000a3c4                tcp_seg_free
 .text.tcp_seg_copy
                0x000000001000a3e4       0x2c CMakeFiles/pico_air_monitor.dir/pico-sdk/lib/lwip/src/core/tcp.c.obj
                0x000000001000a3e4                tcp_seg_copy
 .text.tcp_arg  0x000000001000a410        0x8 CMakeFiles/pico_air_monitor.dir/pico-sdk/lib/lwip/src/core/tcp.c.obj
                0x000000001000a410                tcp_arg
 .text.tcp_recv
                0x000000001000a418       0x1c CMakeFiles/pico_air_monitor.dir/pico-sdk/lib/lwip/src/core/tcp.c.obj
                0x000000001000a418                tcp_recv
 .text.tcp_sent
                0x000000001000a434       0x1c CMakeFiles/pico_air_monitor.dir/pico-sdk/lib/lwip/src/core/tcp.c.obj
                0x000000001000a434                tcp_sent
 .text.tcp_err  0x000000001000a450       0x1c CMakeFiles/pico_air_monitor.dir/pico-sdk/lib/lwip/src/core/tcp.c.obj
                0x000000001000a450                tcp_err
 .text.tcp_poll
                0x000000001000a46c       0x20 CMakeFiles/pico_air_monitor.dir/pico-sdk/lib/lwip/src/core/tcp.c.obj
                0x000000001000a46c                tcp_poll
 .text.tcp_pcb_purge
                0x000000001000a48c       0x18 CMakeFiles/pico_air_monitor.dir/pico-sdk/lib/lwip/src/core/tcp.c.obj
                0x000000001000a48c                tcp_pcb_purge
 .text.tcp_pcb_remove
                0x000000001000a4a4      0x120 CMakeFiles/pico_air_monitor.dir/pico-sdk/lib/lwip/src/core/tcp.c.obj
                0x000000001000a4a4                tcp_pcb_remove
 .text.tcp_close_shutdown
                0x000000001000a5c4      0x1ec CMakeFiles/pico_air_monitor.dir/pico-sdk/lib/lwip/src/core/tcp.c.obj
 .text.tcp_recv_null
                0x000000001000a7b0       0xcc CMakeFiles/pico_air_monitor.dir/pico-sdk/lib/lwip/src/core/tcp.c.obj
                0x000000001000a7b0                tcp_recv_null
 .text.tcp_process_refused_data
                0x000000001000a87c      0x118 CMakeFiles/pico_air_monitor.dir/pico-sdk/lib/lwip/src/core/tcp.c.obj
                0x000000001000a87c                tcp_process_refused_data
 .text.tcp_fasttmr
                0x000000001000a994      0x1dc CMakeFiles/pico_air_monitor.dir/pico-sdk/lib/lwip/src/core/tcp.c.obj
                0x000000001000a994                tcp_fasttmr
 .text.tcp_tmr  0x000000001000ab70       0x20 CMakeFiles/pico_air_monitor.dir/pico-sdk/lib/lwip/src/core/tcp.c.obj
                0x000000001000ab70                tcp_tmr
 .text.tcp_abandon
                0x000000001000ab90      0x188 CMakeFiles/pico_air_monitor.dir/pico-sdk/lib/lwip/src/core/tcp.c.obj
                0x000000001000ab90                tcp_abandon
 .text.tcp_abort
                0x000000001000ad18        0xc CMakeFiles/pico_air_monitor.dir/pico-sdk/lib/lwip/src/core/tcp.c.obj
                0x000000001000ad18                tcp_abort
 .text.tcp_kill_state
                0x000000001000ad24       0x5c CMakeFiles/pico_air_monitor.dir/pico-sdk/lib/lwip/src/core/tcp.c.obj
 .text.tcp_alloc
                0x000000001000ad80      0x1f4 CMakeFiles/pico_air_monitor.dir/pico-sdk/lib/lwip/src/core/tcp.c.obj
                0x000000001000ad80                tcp_alloc
 .text.tcp_new_ip_type
                0x000000001000af74      0x1d0 CMakeFiles/pico_air_monitor.dir/pico-sdk/lib/lwip/src/core/tcp.c.obj
                0x000000001000af74                tcp_new_ip_type
 .text.tcp_close
                0x000000001000b144      0x1dc CMakeFiles/pico_air_monitor.dir/pico-sdk/lib/lwip/src/core/tcp.c.obj
                0x000000001000b144                tcp_close
 .text.tcp_next_iss
                0x000000001000b320       0x28 CMakeFiles/pico_air_monitor.dir/pico-sdk/lib/lwip/src/core/tcp.c.obj
                0x000000001000b320                tcp_next_iss
 .text.tcp_eff_send_mss_netif
                0x000000001000b348       0x3c CMakeFiles/pico_air_monitor.dir/pico-sdk/lib/lwip/src/core/tcp.c.obj
                0x000000001000b348                tcp_eff_send_mss_netif
 .text.tcp_netif_ip_addr_changed
                0x000000001000b384       0x94 CMakeFiles/pico_air_monitor.dir/pico-sdk/lib/lwip/src/core/tcp.c.obj
                0x000000001000b384                tcp_netif_ip_addr_changed
 .text.tcp_free_ooseq
                0x000000001000b418       0x2c CMakeFiles/pico_air_monitor.dir/pico-sdk/lib/lwip/src/core/tcp.c.obj
                0x000000001000b418                tcp_free_ooseq
 .text.tcp_debug_print
                0x000000001000b444       0x10 CMakeFiles/pico_air_monitor.dir/pico-sdk/lib/lwip/src/core/tcp.c.obj
                0x000000001000b444                tcp_debug_print
 .text.tcp_pcbs_sane
                0x000000001000b454       0x68 CMakeFiles/pico_air_monitor.dir/pico-sdk/lib/lwip/src/core/tcp.c.obj
                0x000000001000b454                tcp_pcbs_sane
 .text.tcp_parseopt
                0x000000001000b4bc      0x188 CMakeFiles/pico_air_monitor.dir/pico-sdk/lib/lwip/src/core/tcp_in.c.obj
 .text.tcp_oos_insert_segment
                0x000000001000b644      0x108 CMakeFiles/pico_air_monitor.dir/pico-sdk/lib/lwip/src/core/tcp_in.c.obj
 .text.unlikely.tcp_input_delayed_close
                0x000000001000b74c       0x4c CMakeFiles/pico_air_monitor.dir/pico-sdk/lib/lwip/src/core/tcp_in.c.obj
 .text.tcp_free_acked_segments.isra.1
                0x000000001000b798       0xd4 CMakeFiles/pico_air_monitor.dir/pico-sdk/lib/lwip/src/core/tcp_in.c.obj
 .text.tcp_receive
                0x000000001000b86c      0xa70 CMakeFiles/pico_air_monitor.dir/pico-sdk/lib/lwip/src/core/tcp_in.c.obj
 .text.tcp_input
                0x000000001000c2dc      0xe14 CMakeFiles/pico_air_monitor.dir/pico-sdk/lib/lwip/src/core/tcp_in.c.obj
                0x000000001000c2dc                tcp_input
 .text.tcp_trigger_input_pcb_close
                0x000000001000d0f0       0x10 CMakeFiles/pico_air_monitor.dir/pico-sdk/lib/lwip/src/core/tcp_in.c.obj
                0x000000001000d0f0                tcp_trigger_input_pcb_close
 .text.tcp_create_segment
                0x000000001000d100      0x114 CMakeFiles/pico_air_monitor.dir/pico-sdk/lib/lwip/src/core/tcp_out.c.obj
 .text.tcp_output_control_segment
                0x000000001000d214       0xc0 CMakeFiles/pico_air_monitor.dir/pico-sdk/lib/lwip/src/core/tcp_out.c.obj
 .text.tcp_write
                0x000000001000d2d4      0x46c CMakeFiles/pico_air_monitor.dir/pico-sdk/lib/lwip/src/core/tcp_out.c.obj
                0x000000001000d2d4                tcp_write
 .text.tcp_split_unsent_seg
                0x000000001000d740      0x1cc CMakeFiles/pico_air_monitor.dir/pico-sdk/lib/lwip/src/core/tcp_out.c.obj
                0x000000001000d740                tcp_split_unsent_seg
 .text.tcp_send_fin
                0x000000001000d90c      0x134 CMakeFiles/pico_air_monitor.dir/pico-sdk/lib/lwip/src/core/tcp_out.c.obj
                0x000000001000d90c                tcp_send_fin
 .text.tcp_enqueue_flags
                0x000000001000da40      0x128 CMakeFiles/pico_air_monitor.dir/pico-sdk/lib/lwip/src/core/tcp_out.c.obj
                0x000000001000da40                tcp_enqueue_flags
 .text.tcp_rexmit_rto_prepare
                0x000000001000db68       0x94 CMakeFiles/pico_air_monitor.dir/pico-sdk/lib/lwip/src/core/tcp_out.c.obj
                0x000000001000db68                tcp_rexmit_rto_prepare
 .text.tcp_rexmit
                0x000000001000dbfc       0x9c CMakeFiles/pico_air_monitor.dir/pico-sdk/lib/lwip/src/core/tcp_out.c.obj
                0x000000001000dbfc                tcp_rexmit
 .text.tcp_rexmit_fast
                0x000000001000dc98       0xd4 CMakeFiles/pico_air_monitor.dir/pico-sdk/lib/lwip/src/core/tcp_out.c.obj
                0x000000001000dc98                tcp_rexmit_fast
 .text.tcp_rst  0x000000001000dd6c       0xe8 CMakeFiles/pico_air_monitor.dir/pico-sdk/lib/lwip/src/core/tcp_out.c.obj
                0x000000001000dd6c                tcp_rst
 .text.tcp_rst_netif
                0x000000001000de54      0x124 CMakeFiles/pico_air_monitor.dir/pico-sdk/lib/lwip/src/core/tcp_out.c.obj
                0x000000001000de54                tcp_rst_netif
 .text.tcp_send_empty_ack
                0x000000001000df78       0xf8 CMakeFiles/pico_air_monitor.dir/pico-sdk/lib/lwip/src/core/tcp_out.c.obj
                0x000000001000df78                tcp_send_empty_ack
 .text.tcp_output
                0x000000001000e070      0x458 CMakeFiles/pico_air_monitor.dir/pico-sdk/lib/lwip/src/core/tcp_out.c.obj
                0x000000001000e070                tcp_output
 .text.tcp_rexmit_rto_commit
                0x000000001000e4c8       0x24 CMakeFiles/pico_air_monitor.dir/pico-sdk/lib/lwip/src/core/tcp_out.c.obj
                0x000000001000e4c8                tcp_rexmit_rto_commit
 .text.tcp_rexmit_rto
                0x000000001000e4ec       0x30 CMakeFiles/pico_air_monitor.dir/pico-sdk/lib/lwip/src/core/tcp_out.c.obj
                0x000000001000e4ec                tcp_rexmit_rto
 .text.tcp_keepalive
                0x000000001000e51c       0xe0 CMakeFiles/pico_air_monitor.dir/pico-sdk/lib/lwip/src/core/tcp_out.c.obj
                0x000000001000e51c                tcp_keepalive
 .text.tcp_zero_window_probe
                0x000000001000e5fc      0x1a4 CMakeFiles/pico_air_monitor.dir/pico-sdk/lib/lwip/src/core/tcp_out.c.obj
                0x000000001000e5fc                tcp_zero_window_probe
 .text.tcpip_tcp_timer
                0x000000001000e7a0       0x84 CMakeFiles/pico_air_monitor.dir/pico-sdk/lib/lwip/src/core/timeouts.c.obj
 .text.lwip_cyclic_timer
                0x000000001000e824       0xa8 CMakeFiles/pico_air_monitor.dir/pico-sdk/lib/lwip/src/core/timeouts.c.obj
 .text.tcp_timer_needed
                0x000000001000e8cc       0x84 CMakeFiles/pico_air_monitor.dir/pico-sdk/lib/lwip/src/core/timeouts.c.obj
                0x000000001000e8cc                tcp_timer_needed
 .text.sys_timeouts_init
                0x000000001000e950       0x94 CMakeFiles/pico_air_monitor.dir/pico-sdk/lib/lwip/src/core/timeouts.c.obj
                0x000000001000e950                sys_timeouts_init
 .text.sys_timeout
                0x000000001000e9e4       0x70 CMakeFiles/pico_air_monitor.dir/pico-sdk/lib/lwip/src/core/timeouts.c.obj
                0x000000001000e9e4                sys_timeout
 .text.sys_untimeout
                0x000000001000ea54       0x40 CMakeFiles/pico_air_monitor.dir/pico-sdk/lib/lwip/src/core/timeouts.c.obj
                0x000000001000ea54                sys_untimeout
 .text.sys_check_timeouts
                0x000000001000ea94       0x68 CMakeFiles/pico_air_monitor.dir/pico-sdk/lib/lwip/src/core/timeouts.c.obj
                0x000000001000ea94                sys_check_timeouts
 .text.sys_timeouts_sleeptime
                0x000000001000eafc       0x28 CMakeFiles/pico_air_monitor.dir/pico-sdk/lib/lwip/src/core/timeouts.c.obj
                0x000000001000eafc                sys_timeouts_sleeptime
 .text.udp_init
                0x000000001000eb24       0x20 CMakeFiles/pico_air_monitor.dir/pico-sdk/lib/lwip/src/core/udp.c.obj
                0x000000001000eb24                udp_init
 .text.udp_input
                0x000000001000eb44      0x23c CMakeFiles/pico_air_monitor.dir/pico-sdk/lib/lwip/src/core/udp.c.obj
                0x000000001000eb44                udp_input
 .text.udp_bind
                0x000000001000ed80      0x104 CMakeFiles/pico_air_monitor.dir/pico-sdk/lib/lwip/src/core/udp.c.obj
                0x000000001000ed80                udp_bind
 .text.udp_sendto_if_src
                0x000000001000ee84      0x130 CMakeFiles/pico_air_monitor.dir/pico-sdk/lib/lwip/src/core/udp.c.obj
                0x000000001000ee84                udp_sendto_if_src
 .text.udp_sendto_if
                0x000000001000efb4      0x15c CMakeFiles/pico_air_monitor.dir/pico-sdk/lib/lwip/src/core/udp.c.obj
                0x000000001000efb4                udp_sendto_if
 .text.udp_sendto
                0x000000001000f110      0x188 CMakeFiles/pico_air_monitor.dir/pico-sdk/lib/lwip/src/core/udp.c.obj
                0x000000001000f110                udp_sendto
 .text.udp_connect
                0x000000001000f298       0x64 CMakeFiles/pico_air_monitor.dir/pico-sdk/lib/lwip/src/core/udp.c.obj
                0x000000001000f298                udp_connect
 .text.udp_recv
                0x000000001000f2fc        0xc CMakeFiles/pico_air_monitor.dir/pico-sdk/lib/lwip/src/core/udp.c.obj
                0x000000001000f2fc                udp_recv
 .text.udp_remove
                0x000000001000f308       0x48 CMakeFiles/pico_air_monitor.dir/pico-sdk/lib/lwip/src/core/udp.c.obj
                0x000000001000f308                udp_remove
 .text.udp_new  0x000000001000f350       0x1c CMakeFiles/pico_air_monitor.dir/pico-sdk/lib/lwip/src/core/udp.c.obj
                0x000000001000f350                udp_new
 .text.udp_netif_ip_addr_changed
                0x000000001000f36c       0x40 CMakeFiles/pico_air_monitor.dir/pico-sdk/lib/lwip/src/core/udp.c.obj
                0x000000001000f36c                udp_netif_ip_addr_changed
 .text.unlikely.dhcp_bind
                0x000000001000f3ac       0xf0 CMakeFiles/pico_air_monitor.dir/pico-sdk/lib/lwip/src/core/ipv4/dhcp.c.obj
 .text.unlikely.dhcp_handle_ack.isra.3
                0x000000001000f49c       0xc4 CMakeFiles/pico_air_monitor.dir/pico-sdk/lib/lwip/src/core/ipv4/dhcp.c.obj
 .text.dhcp_create_msg.constprop.4
                0x000000001000f560      0x10c CMakeFiles/pico_air_monitor.dir/pico-sdk/lib/lwip/src/core/ipv4/dhcp.c.obj
 .text.dhcp_discover
                0x000000001000f66c      0x1a0 CMakeFiles/pico_air_monitor.dir/pico-sdk/lib/lwip/src/core/ipv4/dhcp.c.obj
 .text.dhcp_reboot
                0x000000001000f80c      0x258 CMakeFiles/pico_air_monitor.dir/pico-sdk/lib/lwip/src/core/ipv4/dhcp.c.obj
 .text.dhcp_select
                0x000000001000fa64      0x2e0 CMakeFiles/pico_air_monitor.dir/pico-sdk/lib/lwip/src/core/ipv4/dhcp.c.obj
 .text.dhcp_recv
                0x000000001000fd44      0x4ac CMakeFiles/pico_air_monitor.dir/pico-sdk/lib/lwip/src/core/ipv4/dhcp.c.obj
 .text.dhcp_set_struct
                0x00000000100101f0       0x44 CMakeFiles/pico_air_monitor.dir/pico-sdk/lib/lwip/src/core/ipv4/dhcp.c.obj
                0x00000000100101f0                dhcp_set_struct
 .text.dhcp_network_changed_link_up
                0x0000000010010234       0x40 CMakeFiles/pico_air_monitor.dir/pico-sdk/lib/lwip/src/core/ipv4/dhcp.c.obj
                0x0000000010010234                dhcp_network_changed_link_up
 .text.dhcp_renew
                0x0000000010010274      0x1f4 CMakeFiles/pico_air_monitor.dir/pico-sdk/lib/lwip/src/core/ipv4/dhcp.c.obj
                0x0000000010010274                dhcp_renew
 .text.dhcp_release_and_stop
                0x0000000010010468      0x1d8 CMakeFiles/pico_air_monitor.dir/pico-sdk/lib/lwip/src/core/ipv4/dhcp.c.obj
                0x0000000010010468                dhcp_release_and_stop
 .text.dhcp_start
                0x0000000010010640      0x124 CMakeFiles/pico_air_monitor.dir/pico-sdk/lib/lwip/src/core/ipv4/dhcp.c.obj
                0x0000000010010640                dhcp_start
 .text.dhcp_coarse_tmr
                0x0000000010010764      0x290 CMakeFiles/pico_air_monitor.dir/pico-sdk/lib/lwip/src/core/ipv4/dhcp.c.obj
                0x0000000010010764                dhcp_coarse_tmr
 .text.dhcp_fine_tmr
                0x00000000100109f4       0x78 CMakeFiles/pico_air_monitor.dir/pico-sdk/lib/lwip/src/core/ipv4/dhcp.c.obj
                0x00000000100109f4                dhcp_fine_tmr
 .text.dhcp_stop
                0x0000000010010a6c      0x1d8 CMakeFiles/pico_air_monitor.dir/pico-sdk/lib/lwip/src/core/ipv4/dhcp.c.obj
                0x0000000010010a6c                dhcp_stop
 .text.etharp_find_entry
                0x0000000010010c44     0x1388 CMakeFiles/pico_air_monitor.dir/pico-sdk/lib/lwip/src/core/ipv4/etharp.c.obj
 .text.etharp_raw
                0x0000000010011fcc       0xf4 CMakeFiles/pico_air_monitor.dir/pico-sdk/lib/lwip/src/core/ipv4/etharp.c.obj
 .text.etharp_output_to_arp_index
                0x00000000100120c0       0xf4 CMakeFiles/pico_air_monitor.dir/pico-sdk/lib/lwip/src/core/ipv4/etharp.c.obj
 .text.etharp_tmr
                0x00000000100121b4       0xa0 CMakeFiles/pico_air_monitor.dir/pico-sdk/lib/lwip/src/core/ipv4/etharp.c.obj
                0x00000000100121b4                etharp_tmr
 .text.etharp_cleanup_netif
                0x0000000010012254      0x184 CMakeFiles/pico_air_monitor.dir/pico-sdk/lib/lwip/src/core/ipv4/etharp.c.obj
                0x0000000010012254                etharp_cleanup_netif
 .text.etharp_input
                0x00000000100123d8      0x1b0 CMakeFiles/pico_air_monitor.dir/pico-sdk/lib/lwip/src/core/ipv4/etharp.c.obj
                0x00000000100123d8                etharp_input
 .text.etharp_query
                0x0000000010012588      0x1bc CMakeFiles/pico_air_monitor.dir/pico-sdk/lib/lwip/src/core/ipv4/etharp.c.obj
                0x0000000010012588                etharp_query
 .text.etharp_output
                0x0000000010012744      0x240 CMakeFiles/pico_air_monitor.dir/pico-sdk/lib/lwip/src/core/ipv4/etharp.c.obj
                0x0000000010012744                etharp_output
 .text.etharp_request
                0x0000000010012984       0xf8 CMakeFiles/pico_air_monitor.dir/pico-sdk/lib/lwip/src/core/ipv4/etharp.c.obj
                0x0000000010012984                etharp_request
 .text.icmp_input
                0x0000000010012a7c      0x1fc CMakeFiles/pico_air_monitor.dir/pico-sdk/lib/lwip/src/core/ipv4/icmp.c.obj
                0x0000000010012a7c                icmp_input
 .text.icmp_dest_unreach
                0x0000000010012c78       0xcc CMakeFiles/pico_air_monitor.dir/pico-sdk/lib/lwip/src/core/ipv4/icmp.c.obj
                0x0000000010012c78                icmp_dest_unreach
 .text.icmp_time_exceeded
                0x0000000010012d44       0xcc CMakeFiles/pico_air_monitor.dir/pico-sdk/lib/lwip/src/core/ipv4/icmp.c.obj
                0x0000000010012d44                icmp_time_exceeded
 .text.ip_reass_free_complete_datagram
                0x0000000010012e10      0x110 CMakeFiles/pico_air_monitor.dir/pico-sdk/lib/lwip/src/core/ipv4/ip4_frag.c.obj
 .text.ip_reass_tmr
                0x0000000010012f20       0x38 CMakeFiles/pico_air_monitor.dir/pico-sdk/lib/lwip/src/core/ipv4/ip4_frag.c.obj
                0x0000000010012f20                ip_reass_tmr
 .text.ip4_reass
                0x0000000010012f58      0x68c CMakeFiles/pico_air_monitor.dir/pico-sdk/lib/lwip/src/core/ipv4/ip4_frag.c.obj
                0x0000000010012f58                ip4_reass
 .text.ip4_frag
                0x00000000100135e4      0x184 CMakeFiles/pico_air_monitor.dir/pico-sdk/lib/lwip/src/core/ipv4/ip4_frag.c.obj
                0x00000000100135e4                ip4_frag
 .text.ip4_route
                0x0000000010013768       0x7c CMakeFiles/pico_air_monitor.dir/pico-sdk/lib/lwip/src/core/ipv4/ip4.c.obj
                0x0000000010013768                ip4_route
 .text.ip4_input
                0x00000000100137e4      0x2d4 CMakeFiles/pico_air_monitor.dir/pico-sdk/lib/lwip/src/core/ipv4/ip4.c.obj
                0x00000000100137e4                ip4_input
 .text.ip4_output_if
                0x0000000010013ab8      0x190 CMakeFiles/pico_air_monitor.dir/pico-sdk/lib/lwip/src/core/ipv4/ip4.c.obj
                0x0000000010013ab8                ip4_output_if
 .text.ip4_output_if_src
                0x0000000010013c48      0x180 CMakeFiles/pico_air_monitor.dir/pico-sdk/lib/lwip/src/core/ipv4/ip4.c.obj
                0x0000000010013c48                ip4_output_if_src
 .text.ip4_addr_isbroadcast_u32
                0x0000000010013dc8       0x30 CMakeFiles/pico_air_monitor.dir/pico-sdk/lib/lwip/src/core/ipv4/ip4_addr.c.obj
                0x0000000010013dc8                ip4_addr_isbroadcast_u32
 .text.ip4addr_aton
                0x0000000010013df8      0x19c CMakeFiles/pico_air_monitor.dir/pico-sdk/lib/lwip/src/core/ipv4/ip4_addr.c.obj
                0x0000000010013df8                ip4addr_aton
 .text.ethernet_input
                0x0000000010013f94       0xd0 CMakeFiles/pico_air_monitor.dir/pico-sdk/lib/lwip/src/netif/ethernet.c.obj
                0x0000000010013f94                ethernet_input
 .text.ethernet_output
                0x0000000010014064       0x6c CMakeFiles/pico_air_monitor.dir/pico-sdk/lib/lwip/src/netif/ethernet.c.obj
                0x0000000010014064                ethernet_output
 .text.cyw43_arch_wifi_connect_bssid_until.part.0
                0x00000000100140d0       0xd4 CMakeFiles/pico_air_monitor.dir/pico-sdk/src/rp2_common/pico_cyw43_arch/cyw43_arch.c.obj
 .text.cyw43_arch_set_async_context
                0x00000000100141a4        0xc CMakeFiles/pico_air_monitor.dir/pico-sdk/src/rp2_common/pico_cyw43_arch/cyw43_arch.c.obj
                0x00000000100141a4                cyw43_arch_set_async_context
 .text.cyw43_arch_enable_sta_mode
                0x00000000100141b0       0x1c CMakeFiles/pico_air_monitor.dir/pico-sdk/src/rp2_common/pico_cyw43_arch/cyw43_arch.c.obj
                0x00000000100141b0                cyw43_arch_enable_sta_mode
 .text.cyw43_arch_wifi_connect_timeout_ms
                0x00000000100141cc       0x98 CMakeFiles/pico_air_monitor.dir/pico-sdk/src/rp2_common/pico_cyw43_arch/cyw43_arch.c.obj
                0x00000000100141cc                cyw43_arch_wifi_connect_timeout_ms
 .text.cyw43_arch_init_with_country
                0x0000000010014264       0x10 CMakeFiles/pico_air_monitor.dir/pico-sdk/src/rp2_common/pico_cyw43_arch/cyw43_arch.c.obj
                0x0000000010014264                cyw43_arch_init_with_country
 .text.cyw43_arch_gpio_put
                0x0000000010014274       0x14 CMakeFiles/pico_air_monitor.dir/pico-sdk/src/rp2_common/pico_cyw43_arch/cyw43_arch.c.obj
                0x0000000010014274                cyw43_arch_gpio_put
 .text.cyw43_arch_async_context
                0x0000000010014288        0xc CMakeFiles/pico_air_monitor.dir/pico-sdk/src/rp2_common/pico_cyw43_arch/cyw43_arch.c.obj
                0x0000000010014288                cyw43_arch_async_context
 .text.cyw43_arch_init
                0x0000000010014294       0x7c CMakeFiles/pico_air_monitor.dir/pico-sdk/src/rp2_common/pico_cyw43_arch/cyw43_arch_threadsafe_background.c.obj
                0x0000000010014294                cyw43_arch_init
 .text.ns_delay.constprop.17
                0x0000000010014310       0x20 CMakeFiles/pico_air_monitor.dir/pico-sdk/src/rp2_common/pico_cyw43_driver/cyw43_bus_pio_spi.c.obj
 .text.cyw43_spi_transfer.constprop.16
                0x0000000010014330      0x1e4 CMakeFiles/pico_air_monitor.dir/pico-sdk/src/rp2_common/pico_cyw43_driver/cyw43_bus_pio_spi.c.obj
 .text.cyw43_spi_transfer.constprop.15
                0x0000000010014514      0x264 CMakeFiles/pico_air_monitor.dir/pico-sdk/src/rp2_common/pico_cyw43_driver/cyw43_bus_pio_spi.c.obj
 .text.cyw43_spi_init
                0x0000000010014778      0x1cc CMakeFiles/pico_air_monitor.dir/pico-sdk/src/rp2_common/pico_cyw43_driver/cyw43_bus_pio_spi.c.obj
                0x0000000010014778                cyw43_spi_init
 .text.cyw43_spi_deinit
                0x0000000010014944       0x70 CMakeFiles/pico_air_monitor.dir/pico-sdk/src/rp2_common/pico_cyw43_driver/cyw43_bus_pio_spi.c.obj
                0x0000000010014944                cyw43_spi_deinit
 .text.cyw43_spi_gpio_setup
                0x00000000100149b4       0x3c CMakeFiles/pico_air_monitor.dir/pico-sdk/src/rp2_common/pico_cyw43_driver/cyw43_bus_pio_spi.c.obj
                0x00000000100149b4                cyw43_spi_gpio_setup
 .text.cyw43_spi_reset
                0x00000000100149f0       0x28 CMakeFiles/pico_air_monitor.dir/pico-sdk/src/rp2_common/pico_cyw43_driver/cyw43_bus_pio_spi.c.obj
                0x00000000100149f0                cyw43_spi_reset
 .text.read_reg_u32_swap
                0x0000000010014a18       0x44 CMakeFiles/pico_air_monitor.dir/pico-sdk/src/rp2_common/pico_cyw43_driver/cyw43_bus_pio_spi.c.obj
                0x0000000010014a18                read_reg_u32_swap
 .text.cyw43_read_reg_u32
                0x0000000010014a5c       0x5c CMakeFiles/pico_air_monitor.dir/pico-sdk/src/rp2_common/pico_cyw43_driver/cyw43_bus_pio_spi.c.obj
                0x0000000010014a5c                cyw43_read_reg_u32
 .text.cyw43_read_reg_u16
                0x0000000010014ab8       0x5c CMakeFiles/pico_air_monitor.dir/pico-sdk/src/rp2_common/pico_cyw43_driver/cyw43_bus_pio_spi.c.obj
                0x0000000010014ab8                cyw43_read_reg_u16
 .text.cyw43_read_reg_u8
                0x0000000010014b14       0x5c CMakeFiles/pico_air_monitor.dir/pico-sdk/src/rp2_common/pico_cyw43_driver/cyw43_bus_pio_spi.c.obj
                0x0000000010014b14                cyw43_read_reg_u8
 .text.write_reg_u32_swap
                0x0000000010014b70      0x1e8 CMakeFiles/pico_air_monitor.dir/pico-sdk/src/rp2_common/pico_cyw43_driver/cyw43_bus_pio_spi.c.obj
                0x0000000010014b70                write_reg_u32_swap
 .text.cyw43_write_reg_u32
                0x0000000010014d58      0x208 CMakeFiles/pico_air_monitor.dir/pico-sdk/src/rp2_common/pico_cyw43_driver/cyw43_bus_pio_spi.c.obj
                0x0000000010014d58                cyw43_write_reg_u32
 .text.cyw43_write_reg_u16
                0x0000000010014f60      0x208 CMakeFiles/pico_air_monitor.dir/pico-sdk/src/rp2_common/pico_cyw43_driver/cyw43_bus_pio_spi.c.obj
                0x0000000010014f60                cyw43_write_reg_u16
 .text.cyw43_write_reg_u8
                0x0000000010015168      0x208 CMakeFiles/pico_air_monitor.dir/pico-sdk/src/rp2_common/pico_cyw43_driver/cyw43_bus_pio_spi.c.obj
                0x0000000010015168                cyw43_write_reg_u8
 .text.cyw43_read_bytes
                0x0000000010015370       0x7c CMakeFiles/pico_air_monitor.dir/pico-sdk/src/rp2_common/pico_cyw43_driver/cyw43_bus_pio_spi.c.obj
                0x0000000010015370                cyw43_read_bytes
 .text.cyw43_write_bytes
                0x00000000100153ec       0xdc CMakeFiles/pico_air_monitor.dir/pico-sdk/src/rp2_common/pico_cyw43_driver/cyw43_bus_pio_spi.c.obj
                0x00000000100153ec                cyw43_write_bytes
 .text.cyw43_ll_parse_async_event
                0x00000000100154c8      0x100 CMakeFiles/pico_air_monitor.dir/pico-sdk/lib/cyw43-driver/src/cyw43_ll.c.obj
 .text.cyw43_ll_sdpcm_poll_device
                0x00000000100155c8      0x2b4 CMakeFiles/pico_air_monitor.dir/pico-sdk/lib/cyw43-driver/src/cyw43_ll.c.obj
 .text.cyw43_sdpcm_send_common
                0x000000001001587c      0x15c CMakeFiles/pico_air_monitor.dir/pico-sdk/lib/cyw43-driver/src/cyw43_ll.c.obj